ZERO_COPY_PIPELINE_RUN_META {"startedAt":"2026-07-14T11:40:39.563Z","id":"email-683m-direct-text-mmap-1g-r2","runConfig":{"profile":"email-683m","worktree":"linear-parser","label":"direct-text-mmap-1g","partialInsertBatches":false,"directTextBuffers":true,"bufferMB":8,"mmapGiB":1,"repetition":2},"fixture":{"fixture":"email","rows":1000,"payloadBytes":683000,"copyChunkBytes":31744,"expectedCopyBytes":683000000,"docker":{"cpus":1,"memory":"3g","nodeHeapMB":2304}},"constraints":{"cpus":1,"memory":"3g","nodeHeapMB":2304},"image":"zero-copy-pipeline-linear-parser:local"}

[1m[30m[46m RUN [49m[39m[22m [36mv4.1.6 [39m[90m/workspace/packages/zero-cache[39m

ZERO_COPY_PIPELINE_PROGRESS creating fixture { fixture: 'email', rows: 1000, payloadBytes: 683000 }
ZERO_COPY_PIPELINE_PROGRESS fixture ready {
  rows: 1000,
  tableBytes: 8781824,
  indexBytes: 262144,
  totalBytes: 9043968
}
ZERO_COPY_PIPELINE_RESULT {"kind":"initial-sync","profile":"email-683m","runLabel":"email-683m-direct-text-mmap-1g-r2","fixture":"email","rows":1000,"payloadBytes":683000,"workers":5,"treatment":{"partialInsertBatches":false,"directTextBuffers":true,"bufferMB":8},"sqliteTuning":{"mmapGiB":1,"mmapBytes":1073741824,"effectiveMmapBytes":1073741824},"source":{"rows":1000,"tableBytes":8781824,"indexBytes":262144,"totalBytes":9043968},"rawCopy":{"bytes":683438323,"chunks":1001,"averageChunkBytes":682755.5674325675,"ms":232.340458,"throughputMBps":2941.538158627543},"timing":{"outerMs":629.7349589999999,"callbackMs":599.084084,"wrapperMs":30.650874999999928},"phases":{"summary":{"syncMode":"initial","copyFormat":"binary","publications":["_copy_pipeline_app_32_1784029240966_777103_metadata_0","zero_copy_pipeline"],"lsn":"0/3D3A670","tables":4,"rows":1001,"copyMs":399.0476249999999,"flushMs":224.7175880000002,"copyBytes":683438401,"insertStatementCount":1001,"insertStatementsByRowCount":{"1":1001},"indexes":7,"indexMs":68.3453340000001,"copyOtherMs":297.0519539999997,"totalMs":590.114876},"tableCopies":[{"level":"info","message":"Finished copying 1 rows into copy_pipeline_app_32_1784029240966_777103.permissions (flush: 0.021 ms) (total: 2.214 ms) ","data":{"schema":"copy_pipeline_app_32_1784029240966_777103","table":"permissions","replicaTable":"copy_pipeline_app_32_1784029240966_777103.permissions","syncMode":"initial","copyFormat":"binary","columnCount":3,"rows":1,"estimatedRows":0,"estimatedBytes":16384,"flushMs":0.02070800000001327,"elapsedMs":2.214125000000081,"copyBytes":36,"insertStatementCount":1,"insertStatementsByRowCount":{"1":1}}},{"level":"info","message":"Finished copying 0 rows into copy_pipeline_app_32_1784029240966_777103_0.clients (flush: 0.000 ms) (total: 1.500 ms) ","data":{"schema":"copy_pipeline_app_32_1784029240966_777103_0","table":"clients","replicaTable":"copy_pipeline_app_32_1784029240966_777103_0.clients","syncMode":"initial","copyFormat":"binary","columnCount":4,"rows":0,"estimatedRows":0,"estimatedBytes":8192,"flushMs":0.0004590000000916916,"elapsedMs":1.4997919999999567,"copyBytes":21,"insertStatementCount":0,"insertStatementsByRowCount":{}}},{"level":"info","message":"Finished copying 0 rows into copy_pipeline_app_32_1784029240966_777103_0.mutations (flush: 0.001 ms) (total: 6.185 ms) ","data":{"schema":"copy_pipeline_app_32_1784029240966_777103_0","table":"mutations","replicaTable":"copy_pipeline_app_32_1784029240966_777103_0.mutations","syncMode":"initial","copyFormat":"binary","columnCount":4,"rows":0,"estimatedRows":0,"estimatedBytes":8192,"flushMs":0.0007080000000314612,"elapsedMs":6.184750000000008,"copyBytes":21,"insertStatementCount":0,"insertStatementsByRowCount":{}}},{"level":"info","message":"Finished copying 1000 rows into Email (flush: 224.696 ms) (total: 394.195 ms) ","data":{"schema":"public","table":"Email","replicaTable":"Email","syncMode":"initial","copyFormat":"binary","columnCount":25,"rows":1000,"estimatedRows":1000,"estimatedBytes":8781824,"flushMs":224.69571300000007,"elapsedMs":394.194834,"copyBytes":683438323,"insertStatementCount":1000,"insertStatementsByRowCount":{"1":1000}}}],"records":[{"level":"info","message":"Finished copying 1 rows into copy_pipeline_app_32_1784029240966_777103.permissions (flush: 0.021 ms) (total: 2.214 ms) ","data":{"schema":"copy_pipeline_app_32_1784029240966_777103","table":"permissions","replicaTable":"copy_pipeline_app_32_1784029240966_777103.permissions","syncMode":"initial","copyFormat":"binary","columnCount":3,"rows":1,"estimatedRows":0,"estimatedBytes":16384,"flushMs":0.02070800000001327,"elapsedMs":2.214125000000081,"copyBytes":36,"insertStatementCount":1,"insertStatementsByRowCount":{"1":1}}},{"level":"info","message":"Finished copying 0 rows into copy_pipeline_app_32_1784029240966_777103_0.clients (flush: 0.000 ms) (total: 1.500 ms) ","data":{"schema":"copy_pipeline_app_32_1784029240966_777103_0","table":"clients","replicaTable":"copy_pipeline_app_32_1784029240966_777103_0.clients","syncMode":"initial","copyFormat":"binary","columnCount":4,"rows":0,"estimatedRows":0,"estimatedBytes":8192,"flushMs":0.0004590000000916916,"elapsedMs":1.4997919999999567,"copyBytes":21,"insertStatementCount":0,"insertStatementsByRowCount":{}}},{"level":"info","message":"Finished copying 0 rows into copy_pipeline_app_32_1784029240966_777103_0.mutations (flush: 0.001 ms) (total: 6.185 ms) ","data":{"schema":"copy_pipeline_app_32_1784029240966_777103_0","table":"mutations","replicaTable":"copy_pipeline_app_32_1784029240966_777103_0.mutations","syncMode":"initial","copyFormat":"binary","columnCount":4,"rows":0,"estimatedRows":0,"estimatedBytes":8192,"flushMs":0.0007080000000314612,"elapsedMs":6.184750000000008,"copyBytes":21,"insertStatementCount":0,"insertStatementsByRowCount":{}}},{"level":"info","message":"Finished copying 1000 rows into Email (flush: 224.696 ms) (total: 394.195 ms) ","data":{"schema":"public","table":"Email","replicaTable":"Email","syncMode":"initial","copyFormat":"binary","columnCount":25,"rows":1000,"estimatedRows":1000,"estimatedBytes":8781824,"flushMs":224.69571300000007,"elapsedMs":394.194834,"copyBytes":683438323,"insertStatementCount":1000,"insertStatementsByRowCount":{"1":1000}}},{"level":"info","message":"Created index 1/7 (0.047 ms): CREATE UNIQUE INDEX \"copy_pipeline_app_32_1784029240966_777103.permissions_pkey\" ON \"copy_pipeline_app_32_1784029240966_777103.permissions\" (\"lock\" ASC);"},{"level":"info","message":"Created index 2/7 (0.017 ms): CREATE UNIQUE INDEX \"copy_pipeline_app_32_1784029240966_777103_0.clients_pkey\" ON \"copy_pipeline_app_32_1784029240966_777103_0.clients\" (\"clientGroupID\" ASC,\"clientID\" ASC);"},{"level":"info","message":"Created index 3/7 (0.013 ms): CREATE UNIQUE INDEX \"copy_pipeline_app_32_1784029240966_777103_0.mutations_pkey\" ON \"copy_pipeline_app_32_1784029240966_777103_0.mutations\" (\"clientGroupID\" ASC,\"clientID\" ASC,\"mutationID\" ASC);"},{"level":"info","message":"Created index 4/7 (0.432 ms): CREATE UNIQUE INDEX \"Email_pkey\" ON \"Email\" (\"id\" ASC);"},{"level":"info","message":"Created index 5/7 (29.262 ms): CREATE  INDEX \"Email_threadId_createdAt_id_idx\" ON \"Email\" (\"threadId\" ASC,\"createdAt\" ASC,\"id\" ASC);"},{"level":"info","message":"Created index 6/7 (19.106 ms): CREATE  INDEX \"Email_threadId_id_idx\" ON \"Email\" (\"threadId\" ASC,\"id\" ASC);"},{"level":"info","message":"Created index 7/7 (19.308 ms): CREATE  INDEX \"Email_workspaceId_id_idx\" ON \"Email\" (\"workspaceId\" ASC,\"id\" ASC);"},{"level":"info","message":"Created indexes (68.345 ms)"},{"level":"info","message":"Synced 1,001 rows of 4 tables in _copy_pipeline_app_32_1784029240966_777103_metadata_0,zero_copy_pipeline up to 0/3D3A670 (flush: 224.718, index: 68.345, total: 590.115 ms)","data":{"syncMode":"initial","copyFormat":"binary","publications":["_copy_pipeline_app_32_1784029240966_777103_metadata_0","zero_copy_pipeline"],"lsn":"0/3D3A670","tables":4,"rows":1001,"copyMs":399.0476249999999,"flushMs":224.7175880000002,"copyBytes":683438401,"insertStatementCount":1001,"insertStatementsByRowCount":{"1":1001},"indexes":7,"indexMs":68.3453340000001,"copyOtherMs":297.0519539999997,"totalMs":590.114876}}]},"peakRssBytes":864624640,"resourceUsage":{"userCPUTime":302282,"systemCPUTime":234639,"maxRSS":684224,"sharedMemorySize":0,"unsharedDataSize":0,"unsharedStackSize":0,"minorPageFault":48199,"majorPageFault":0,"swappedOut":0,"fsRead":0,"fsWrite":1337584,"ipcSent":0,"ipcReceived":0,"signalsCount":0,"voluntaryContextSwitches":1083,"involuntaryContextSwitches":9},"sqlite":{"rows":1000,"fileBytes":684822528,"pageCount":167193,"pageSize":4096}}
 [32m✓[39m [30m[45m zero-cache/bench-pg [49m[39m src/initial-sync-copy-pipeline.product.bench.pg.ts [2m([22m[2m1 test[22m[2m)[22m[32m 1018[2mms[22m[39m
 [2m[90m↓[39m[22m [30m[45m zero-cache/bench-pg [49m[39m src/db/initial-sync.bench.pg.ts [2m([22m[2m1 test[22m[2m | [22m[33m1 skipped[39m[2m)[22m
 [2m[90m↓[39m[22m [30m[45m zero-cache/bench-pg [49m[39m src/services/change-streamer/storer.bench.pg.ts [2m([22m[2m2 tests[22m[2m | [22m[33m2 skipped[39m[2m)[22m
 [2m[90m↓[39m[22m [30m[45m zero-cache/bench-pg [49m[39m src/services/replicator/replication-throughput.bench.pg.ts [2m([22m[2m1 test[22m[2m | [22m[33m1 skipped[39m[2m)[22m

[2m Test Files [22m [1m[32m1 passed[39m[22m[2m | [22m[33m3 skipped[39m[90m (4)[39m
[2m      Tests [22m [1m[32m1 passed[39m[22m[2m | [22m[33m4 skipped[39m[90m (5)[39m
[2m   Start at [22m 11:40:39
[2m   Duration [22m 2.74s[2m (transform 501ms, setup 0ms, import 1.40s, tests 1.02s, environment 0ms)[22m

ZERO_COPY_PIPELINE_CGROUP {"memoryPeakBytes":1047867392,"memoryCurrentBytes":16605184,"memoryMax":"3221225472","memoryEvents":{"low":0,"high":0,"max":0,"oom":0,"oom_kill":0,"oom_group_kill":0},"memoryStat":{"anon":6868992,"file":4096,"kernel":7778304,"kernel_stack":147456,"pagetables":536576,"sec_pagetables":0,"percpu":37876,"sock":0,"vmalloc":8192,"shmem":0,"zswap":0,"zswapped":0,"file_mapped":0,"file_dirty":4096,"file_writeback":0,"swapcached":0,"anon_thp":0,"file_thp":0,"shmem_thp":0,"inactive_anon":0,"active_anon":6754304,"inactive_file":4096,"active_file":0,"unevictable":0,"slab_reclaimable":2633904,"slab_unreclaimable":574880,"slab":3208784,"workingset_refault_anon":0,"workingset_refault_file":0,"workingset_activate_anon":0,"workingset_activate_file":0,"workingset_restore_anon":0,"workingset_restore_file":0,"workingset_nodereclaim":0,"pgdemote_kswapd":0,"pgdemote_direct":0,"pgdemote_khugepaged":0,"pgscan":0,"pgsteal":0,"pgscan_kswapd":0,"pgscan_direct":0,"pgscan_khugepaged":0,"pgsteal_kswapd":0,"pgsteal_direct":0,"pgsteal_khugepaged":0,"pgfault":208485,"pgmajfault":0,"pgrefill":0,"pgactivate":0,"pgdeactivate":0,"pglazyfree":0,"pglazyfreed":0,"swpin_zero":0,"swpout_zero":0,"zswpin":0,"zswpout":0,"zswpwb":0,"thp_fault_alloc":58,"thp_collapse_alloc":0,"thp_swpout":0,"thp_swpout_fallback":0}}

	Command being timed: "./node_modules/.bin/vitest run --config vitest.config.bench.pg.ts -t initial sync copy pipeline investigation"
	User time (seconds): 2.15
	System time (seconds): 0.56
	Percent of CPU this job got: 90%
	Elapsed (wall clock) time (h:mm:ss or m:ss): 0:03.00
	Average shared text size (kbytes): 0
	Average unshared data size (kbytes): 0
	Average stack size (kbytes): 0
	Average total size (kbytes): 0
	Maximum resident set size (kbytes): 850220
	Average resident set size (kbytes): 0
	Major (requiring I/O) page faults: 0
	Minor (reclaiming a frame) page faults: 204597
	Voluntary context switches: 10684
	Involuntary context switches: 50
	Swaps: 0
	File system inputs: 0
	File system outputs: 1342752
	Socket messages sent: 0
	Socket messages received: 0
	Signals delivered: 0
	Page size (bytes): 4096
	Exit status: 0

ZERO_COPY_PIPELINE_EXIT {"status":0,"signal":null}