ZERO_COPY_PIPELINE_RUN_META {"startedAt":"2026-07-14T11:42:55.377Z","id":"email-high-6.83g-direct-text-mmap-1g-r1","runConfig":{"profile":"email-high-6.83g","worktree":"linear-parser","label":"direct-text-mmap-1g","partialInsertBatches":false,"directTextBuffers":true,"bufferMB":8,"mmapGiB":1,"repetition":1},"fixture":{"fixture":"email","rows":10000,"payloadBytes":683000,"copyChunkBytes":31744,"expectedCopyBytes":6830000000,"docker":{"cpus":1,"memory":"3g","nodeHeapMB":2304}},"constraints":{"cpus":1,"memory":"3g","nodeHeapMB":2304},"image":"zero-copy-pipeline-linear-parser:local"}

[1m[30m[46m RUN [49m[39m[22m [36mv4.1.6 [39m[90m/workspace/packages/zero-cache[39m

ZERO_COPY_PIPELINE_PROGRESS creating fixture { fixture: 'email', rows: 10000, payloadBytes: 683000 }
ZERO_COPY_PIPELINE_PROGRESS fixture ready {
  rows: 10000,
  tableBytes: 87433216,
  indexBytes: 2007040,
  totalBytes: 89440256
}
ZERO_COPY_PIPELINE_RESULT {"kind":"initial-sync","profile":"email-high-6.83g","runLabel":"email-high-6.83g-direct-text-mmap-1g-r1","fixture":"email","rows":10000,"payloadBytes":683000,"workers":5,"treatment":{"partialInsertBatches":false,"directTextBuffers":true,"bufferMB":8},"sqliteTuning":{"mmapGiB":1,"mmapBytes":1073741824,"effectiveMmapBytes":1073741824},"source":{"rows":10000,"tableBytes":87433216,"indexBytes":2007040,"totalBytes":89440256},"rawCopy":{"bytes":6834522537,"chunks":10001,"averageChunkBytes":683383.9153084692,"ms":5833.973878,"throughputMBps":1171.5037948272418},"timing":{"outerMs":17838.450008,"callbackMs":17582.497384,"wrapperMs":255.95262400000138},"phases":{"summary":{"syncMode":"initial","copyFormat":"binary","publications":["_copy_pipeline_app_32_1784029383028_128407_metadata_0","zero_copy_pipeline"],"lsn":"0/70DC558","tables":4,"rows":10001,"copyMs":7186.835295,"flushMs":4530.377871999997,"copyBytes":6834522615,"insertStatementCount":10001,"insertStatementsByRowCount":{"1":10001},"indexes":7,"indexMs":10272.760796999999,"copyOtherMs":2761.4069650000056,"totalMs":17564.545634000002},"tableCopies":[{"level":"info","message":"Finished copying 1 rows into copy_pipeline_app_32_1784029383028_128407.permissions (flush: 0.034 ms) (total: 2.716 ms) ","data":{"schema":"copy_pipeline_app_32_1784029383028_128407","table":"permissions","replicaTable":"copy_pipeline_app_32_1784029383028_128407.permissions","syncMode":"initial","copyFormat":"binary","columnCount":3,"rows":1,"estimatedRows":0,"estimatedBytes":16384,"flushMs":0.03387499999917054,"elapsedMs":2.7155830000001515,"copyBytes":36,"insertStatementCount":1,"insertStatementsByRowCount":{"1":1}}},{"level":"info","message":"Finished copying 0 rows into copy_pipeline_app_32_1784029383028_128407_0.clients (flush: 0.001 ms) (total: 2.158 ms) ","data":{"schema":"copy_pipeline_app_32_1784029383028_128407_0","table":"clients","replicaTable":"copy_pipeline_app_32_1784029383028_128407_0.clients","syncMode":"initial","copyFormat":"binary","columnCount":4,"rows":0,"estimatedRows":0,"estimatedBytes":8192,"flushMs":0.0007919999998193816,"elapsedMs":2.1580000000003565,"copyBytes":21,"insertStatementCount":0,"insertStatementsByRowCount":{}}},{"level":"info","message":"Finished copying 0 rows into copy_pipeline_app_32_1784029383028_128407_0.mutations (flush: 0.001 ms) (total: 6.179 ms) ","data":{"schema":"copy_pipeline_app_32_1784029383028_128407_0","table":"mutations","replicaTable":"copy_pipeline_app_32_1784029383028_128407_0.mutations","syncMode":"initial","copyFormat":"binary","columnCount":4,"rows":0,"estimatedRows":0,"estimatedBytes":8192,"flushMs":0.0006669999993391684,"elapsedMs":6.17870799999946,"copyBytes":21,"insertStatementCount":0,"insertStatementsByRowCount":{}}},{"level":"info","message":"Finished copying 10000 rows into Email (flush: 4530.343 ms) (total: 7180.595 ms) ","data":{"schema":"public","table":"Email","replicaTable":"Email","syncMode":"initial","copyFormat":"binary","columnCount":25,"rows":10000,"estimatedRows":10000,"estimatedBytes":87433216,"flushMs":4530.342537999999,"elapsedMs":7180.594502999999,"copyBytes":6834522537,"insertStatementCount":10000,"insertStatementsByRowCount":{"1":10000}}}],"records":[{"level":"info","message":"Finished copying 1 rows into copy_pipeline_app_32_1784029383028_128407.permissions (flush: 0.034 ms) (total: 2.716 ms) ","data":{"schema":"copy_pipeline_app_32_1784029383028_128407","table":"permissions","replicaTable":"copy_pipeline_app_32_1784029383028_128407.permissions","syncMode":"initial","copyFormat":"binary","columnCount":3,"rows":1,"estimatedRows":0,"estimatedBytes":16384,"flushMs":0.03387499999917054,"elapsedMs":2.7155830000001515,"copyBytes":36,"insertStatementCount":1,"insertStatementsByRowCount":{"1":1}}},{"level":"info","message":"Finished copying 0 rows into copy_pipeline_app_32_1784029383028_128407_0.clients (flush: 0.001 ms) (total: 2.158 ms) ","data":{"schema":"copy_pipeline_app_32_1784029383028_128407_0","table":"clients","replicaTable":"copy_pipeline_app_32_1784029383028_128407_0.clients","syncMode":"initial","copyFormat":"binary","columnCount":4,"rows":0,"estimatedRows":0,"estimatedBytes":8192,"flushMs":0.0007919999998193816,"elapsedMs":2.1580000000003565,"copyBytes":21,"insertStatementCount":0,"insertStatementsByRowCount":{}}},{"level":"info","message":"Finished copying 0 rows into copy_pipeline_app_32_1784029383028_128407_0.mutations (flush: 0.001 ms) (total: 6.179 ms) ","data":{"schema":"copy_pipeline_app_32_1784029383028_128407_0","table":"mutations","replicaTable":"copy_pipeline_app_32_1784029383028_128407_0.mutations","syncMode":"initial","copyFormat":"binary","columnCount":4,"rows":0,"estimatedRows":0,"estimatedBytes":8192,"flushMs":0.0006669999993391684,"elapsedMs":6.17870799999946,"copyBytes":21,"insertStatementCount":0,"insertStatementsByRowCount":{}}},{"level":"info","message":"Finished copying 10000 rows into Email (flush: 4530.343 ms) (total: 7180.595 ms) ","data":{"schema":"public","table":"Email","replicaTable":"Email","syncMode":"initial","copyFormat":"binary","columnCount":25,"rows":10000,"estimatedRows":10000,"estimatedBytes":87433216,"flushMs":4530.342537999999,"elapsedMs":7180.594502999999,"copyBytes":6834522537,"insertStatementCount":10000,"insertStatementsByRowCount":{"1":10000}}},{"level":"info","message":"Created index 1/7 (0.185 ms): CREATE UNIQUE INDEX \"copy_pipeline_app_32_1784029383028_128407.permissions_pkey\" ON \"copy_pipeline_app_32_1784029383028_128407.permissions\" (\"lock\" ASC);"},{"level":"info","message":"Created index 2/7 (0.059 ms): CREATE UNIQUE INDEX \"copy_pipeline_app_32_1784029383028_128407_0.clients_pkey\" ON \"copy_pipeline_app_32_1784029383028_128407_0.clients\" (\"clientGroupID\" ASC,\"clientID\" ASC);"},{"level":"info","message":"Created index 3/7 (0.023 ms): CREATE UNIQUE INDEX \"copy_pipeline_app_32_1784029383028_128407_0.mutations_pkey\" ON \"copy_pipeline_app_32_1784029383028_128407_0.mutations\" (\"clientGroupID\" ASC,\"clientID\" ASC,\"mutationID\" ASC);"},{"level":"info","message":"Created index 4/7 (234.637 ms): CREATE UNIQUE INDEX \"Email_pkey\" ON \"Email\" (\"id\" ASC);"},{"level":"info","message":"Created index 5/7 (3957.023 ms): CREATE  INDEX \"Email_threadId_createdAt_id_idx\" ON \"Email\" (\"threadId\" ASC,\"createdAt\" ASC,\"id\" ASC);"},{"level":"info","message":"Created index 6/7 (3187.660 ms): CREATE  INDEX \"Email_threadId_id_idx\" ON \"Email\" (\"threadId\" ASC,\"id\" ASC);"},{"level":"info","message":"Created index 7/7 (2891.721 ms): CREATE  INDEX \"Email_workspaceId_id_idx\" ON \"Email\" (\"workspaceId\" ASC,\"id\" ASC);"},{"level":"info","message":"Created indexes (10272.761 ms)"},{"level":"info","message":"Synced 10,001 rows of 4 tables in _copy_pipeline_app_32_1784029383028_128407_metadata_0,zero_copy_pipeline up to 0/70DC558 (flush: 4530.378, index: 10272.761, total: 17564.546 ms)","data":{"syncMode":"initial","copyFormat":"binary","publications":["_copy_pipeline_app_32_1784029383028_128407_metadata_0","zero_copy_pipeline"],"lsn":"0/70DC558","tables":4,"rows":10001,"copyMs":7186.835295,"flushMs":4530.377871999997,"copyBytes":6834522615,"insertStatementCount":10001,"insertStatementsByRowCount":{"1":10001},"indexes":7,"indexMs":10272.760796999999,"copyOtherMs":2761.4069650000056,"totalMs":17564.545634000002}}]},"peakRssBytes":1296744448,"resourceUsage":{"userCPUTime":3883747,"systemCPUTime":9467027,"maxRSS":1067516,"sharedMemorySize":0,"unsharedDataSize":0,"unsharedStackSize":0,"minorPageFault":1109430,"majorPageFault":174,"swappedOut":0,"fsRead":31645056,"fsWrite":13372560,"ipcSent":0,"ipcReceived":0,"signalsCount":0,"voluntaryContextSwitches":69361,"involuntaryContextSwitches":7814},"sqlite":{"rows":10000,"fileBytes":6846730240,"pageCount":1671565,"pageSize":4096}}
 [32m✓[39m [30m[45m zero-cache/bench-pg [49m[39m src/initial-sync-copy-pipeline.product.bench.pg.ts [2m([22m[2m1 test[22m[2m)[22m[33m 24670[2mms[22m[39m
   [33m[2m✓[22m[39m initial sync copy pipeline investigation [33m 24668[2mms[22m[39m
 [2m[90m↓[39m[22m [30m[45m zero-cache/bench-pg [49m[39m src/db/initial-sync.bench.pg.ts [2m([22m[2m1 test[22m[2m | [22m[33m1 skipped[39m[2m)[22m
 [2m[90m↓[39m[22m [30m[45m zero-cache/bench-pg [49m[39m src/services/change-streamer/storer.bench.pg.ts [2m([22m[2m2 tests[22m[2m | [22m[33m2 skipped[39m[2m)[22m
 [2m[90m↓[39m[22m [30m[45m zero-cache/bench-pg [49m[39m src/services/replicator/replication-throughput.bench.pg.ts [2m([22m[2m1 test[22m[2m | [22m[33m1 skipped[39m[2m)[22m

[2m Test Files [22m [1m[32m1 passed[39m[22m[2m | [22m[33m3 skipped[39m[90m (4)[39m
[2m      Tests [22m [1m[32m1 passed[39m[22m[2m | [22m[33m4 skipped[39m[90m (5)[39m
[2m   Start at [22m 11:42:55
[2m   Duration [22m 26.87s[2m (transform 722ms, setup 0ms, import 1.70s, tests 24.67s, environment 0ms)[22m

ZERO_COPY_PIPELINE_CGROUP {"memoryPeakBytes":3221921792,"memoryCurrentBytes":16773120,"memoryMax":"3221225472","memoryEvents":{"low":0,"high":0,"max":24975,"oom":0,"oom_kill":0,"oom_group_kill":0},"memoryStat":{"anon":6868992,"file":151552,"kernel":7667712,"kernel_stack":147456,"pagetables":536576,"sec_pagetables":0,"percpu":37876,"sock":0,"vmalloc":8192,"shmem":0,"zswap":0,"zswapped":0,"file_mapped":0,"file_dirty":12288,"file_writeback":0,"swapcached":0,"anon_thp":0,"file_thp":0,"shmem_thp":0,"inactive_anon":0,"active_anon":6754304,"inactive_file":4096,"active_file":147456,"unevictable":0,"slab_reclaimable":2632704,"slab_unreclaimable":572456,"slab":3205160,"workingset_refault_anon":0,"workingset_refault_file":3955956,"workingset_activate_anon":0,"workingset_activate_file":3955956,"workingset_restore_anon":0,"workingset_restore_file":143963,"workingset_nodereclaim":0,"pgdemote_kswapd":0,"pgdemote_direct":0,"pgdemote_khugepaged":0,"pgscan":4929013,"pgsteal":4929013,"pgscan_kswapd":276416,"pgscan_direct":4652469,"pgscan_khugepaged":128,"pgsteal_kswapd":276416,"pgsteal_direct":4652469,"pgsteal_khugepaged":128,"pgfault":1385951,"pgmajfault":175,"pgrefill":99197,"pgactivate":0,"pgdeactivate":0,"pglazyfree":0,"pglazyfreed":0,"swpin_zero":0,"swpout_zero":0,"zswpin":0,"zswpout":0,"zswpwb":0,"thp_fault_alloc":50,"thp_collapse_alloc":0,"thp_swpout":0,"thp_swpout_fallback":0}}

	Command being timed: "./node_modules/.bin/vitest run --config vitest.config.bench.pg.ts -t initial sync copy pipeline investigation"
	User time (seconds): 10.95
	System time (seconds): 10.98
	Percent of CPU this job got: 80%
	Elapsed (wall clock) time (h:mm:ss or m:ss): 0:27.14
	Average shared text size (kbytes): 0
	Average unshared data size (kbytes): 0
	Average stack size (kbytes): 0
	Average total size (kbytes): 0
	Maximum resident set size (kbytes): 1266352
	Average resident set size (kbytes): 0
	Major (requiring I/O) page faults: 175
	Minor (reclaiming a frame) page faults: 1381795
	Voluntary context switches: 94279
	Involuntary context switches: 8061
	Swaps: 0
	File system inputs: 31647888
	File system outputs: 13377728
	Socket messages sent: 0
	Socket messages received: 0
	Signals delivered: 0
	Page size (bytes): 4096
	Exit status: 0

ZERO_COPY_PIPELINE_EXIT {"status":0,"signal":null}