ZERO_COPY_PIPELINE_RUN_META {"startedAt":"2026-07-14T11:43:22.887Z","id":"email-high-6.83g-direct-text-mmap-2g-r1","runConfig":{"profile":"email-high-6.83g","worktree":"linear-parser","label":"direct-text-mmap-2g","partialInsertBatches":false,"directTextBuffers":true,"bufferMB":8,"mmapGiB":2,"repetition":1},"fixture":{"fixture":"email","rows":10000,"payloadBytes":683000,"copyChunkBytes":31744,"expectedCopyBytes":6830000000,"docker":{"cpus":1,"memory":"3g","nodeHeapMB":2304}},"constraints":{"cpus":1,"memory":"3g","nodeHeapMB":2304},"image":"zero-copy-pipeline-linear-parser:local"}

[1m[30m[46m RUN [49m[39m[22m [36mv4.1.6 [39m[90m/workspace/packages/zero-cache[39m

ZERO_COPY_PIPELINE_PROGRESS creating fixture { fixture: 'email', rows: 10000, payloadBytes: 683000 }
ZERO_COPY_PIPELINE_PROGRESS fixture ready {
  rows: 10000,
  tableBytes: 87433216,
  indexBytes: 2007040,
  totalBytes: 89440256
}
ZERO_COPY_PIPELINE_RESULT {"kind":"initial-sync","profile":"email-high-6.83g","runLabel":"email-high-6.83g-direct-text-mmap-2g-r1","fixture":"email","rows":10000,"payloadBytes":683000,"workers":5,"treatment":{"partialInsertBatches":false,"directTextBuffers":true,"bufferMB":8},"sqliteTuning":{"mmapGiB":2,"mmapBytes":2147483648,"effectiveMmapBytes":2147418112},"source":{"rows":10000,"tableBytes":87433216,"indexBytes":2007040,"totalBytes":89440256},"rawCopy":{"bytes":6834522537,"chunks":10001,"averageChunkBytes":683383.9153084692,"ms":5856.845003,"throughputMBps":1166.9290434524412},"timing":{"outerMs":16097.224092,"callbackMs":15797.182132,"wrapperMs":300.0419600000005},"phases":{"summary":{"syncMode":"initial","copyFormat":"binary","publications":["_copy_pipeline_app_31_1784029410646_293911_metadata_0","zero_copy_pipeline"],"lsn":"0/CCC7778","tables":4,"rows":10001,"copyMs":5590.276919999999,"flushMs":3331.7040000000206,"copyBytes":6834522615,"insertStatementCount":10001,"insertStatementsByRowCount":{"1":10001},"indexes":7,"indexMs":9960.914838,"copyOtherMs":2396.191252999979,"totalMs":15688.810091},"tableCopies":[{"level":"info","message":"Finished copying 1 rows into copy_pipeline_app_31_1784029410646_293911.permissions (flush: 0.029 ms) (total: 2.139 ms) ","data":{"schema":"copy_pipeline_app_31_1784029410646_293911","table":"permissions","replicaTable":"copy_pipeline_app_31_1784029410646_293911.permissions","syncMode":"initial","copyFormat":"binary","columnCount":3,"rows":1,"estimatedRows":0,"estimatedBytes":16384,"flushMs":0.028957999999875028,"elapsedMs":2.1390419999997903,"copyBytes":36,"insertStatementCount":1,"insertStatementsByRowCount":{"1":1}}},{"level":"info","message":"Finished copying 0 rows into copy_pipeline_app_31_1784029410646_293911_0.clients (flush: 0.001 ms) (total: 2.193 ms) ","data":{"schema":"copy_pipeline_app_31_1784029410646_293911_0","table":"clients","replicaTable":"copy_pipeline_app_31_1784029410646_293911_0.clients","syncMode":"initial","copyFormat":"binary","columnCount":4,"rows":0,"estimatedRows":0,"estimatedBytes":8192,"flushMs":0.0006249999996725819,"elapsedMs":2.1926250000005894,"copyBytes":21,"insertStatementCount":0,"insertStatementsByRowCount":{}}},{"level":"info","message":"Finished copying 0 rows into copy_pipeline_app_31_1784029410646_293911_0.mutations (flush: 0.001 ms) (total: 1.589 ms) ","data":{"schema":"copy_pipeline_app_31_1784029410646_293911_0","table":"mutations","replicaTable":"copy_pipeline_app_31_1784029410646_293911_0.mutations","syncMode":"initial","copyFormat":"binary","columnCount":4,"rows":0,"estimatedRows":0,"estimatedBytes":8192,"flushMs":0.0007500000001527951,"elapsedMs":1.589375000000473,"copyBytes":21,"insertStatementCount":0,"insertStatementsByRowCount":{}}},{"level":"info","message":"Finished copying 10000 rows into Email (flush: 3331.674 ms) (total: 5584.077 ms) ","data":{"schema":"public","table":"Email","replicaTable":"Email","syncMode":"initial","copyFormat":"binary","columnCount":25,"rows":10000,"estimatedRows":10000,"estimatedBytes":87433216,"flushMs":3331.673667000021,"elapsedMs":5584.0765440000005,"copyBytes":6834522537,"insertStatementCount":10000,"insertStatementsByRowCount":{"1":10000}}}],"records":[{"level":"info","message":"Finished copying 1 rows into copy_pipeline_app_31_1784029410646_293911.permissions (flush: 0.029 ms) (total: 2.139 ms) ","data":{"schema":"copy_pipeline_app_31_1784029410646_293911","table":"permissions","replicaTable":"copy_pipeline_app_31_1784029410646_293911.permissions","syncMode":"initial","copyFormat":"binary","columnCount":3,"rows":1,"estimatedRows":0,"estimatedBytes":16384,"flushMs":0.028957999999875028,"elapsedMs":2.1390419999997903,"copyBytes":36,"insertStatementCount":1,"insertStatementsByRowCount":{"1":1}}},{"level":"info","message":"Finished copying 0 rows into copy_pipeline_app_31_1784029410646_293911_0.clients (flush: 0.001 ms) (total: 2.193 ms) ","data":{"schema":"copy_pipeline_app_31_1784029410646_293911_0","table":"clients","replicaTable":"copy_pipeline_app_31_1784029410646_293911_0.clients","syncMode":"initial","copyFormat":"binary","columnCount":4,"rows":0,"estimatedRows":0,"estimatedBytes":8192,"flushMs":0.0006249999996725819,"elapsedMs":2.1926250000005894,"copyBytes":21,"insertStatementCount":0,"insertStatementsByRowCount":{}}},{"level":"info","message":"Finished copying 0 rows into copy_pipeline_app_31_1784029410646_293911_0.mutations (flush: 0.001 ms) (total: 1.589 ms) ","data":{"schema":"copy_pipeline_app_31_1784029410646_293911_0","table":"mutations","replicaTable":"copy_pipeline_app_31_1784029410646_293911_0.mutations","syncMode":"initial","copyFormat":"binary","columnCount":4,"rows":0,"estimatedRows":0,"estimatedBytes":8192,"flushMs":0.0007500000001527951,"elapsedMs":1.589375000000473,"copyBytes":21,"insertStatementCount":0,"insertStatementsByRowCount":{}}},{"level":"info","message":"Finished copying 10000 rows into Email (flush: 3331.674 ms) (total: 5584.077 ms) ","data":{"schema":"public","table":"Email","replicaTable":"Email","syncMode":"initial","copyFormat":"binary","columnCount":25,"rows":10000,"estimatedRows":10000,"estimatedBytes":87433216,"flushMs":3331.673667000021,"elapsedMs":5584.0765440000005,"copyBytes":6834522537,"insertStatementCount":10000,"insertStatementsByRowCount":{"1":10000}}},{"level":"info","message":"Created index 1/7 (0.047 ms): CREATE UNIQUE INDEX \"copy_pipeline_app_31_1784029410646_293911.permissions_pkey\" ON \"copy_pipeline_app_31_1784029410646_293911.permissions\" (\"lock\" ASC);"},{"level":"info","message":"Created index 2/7 (0.020 ms): CREATE UNIQUE INDEX \"copy_pipeline_app_31_1784029410646_293911_0.clients_pkey\" ON \"copy_pipeline_app_31_1784029410646_293911_0.clients\" (\"clientGroupID\" ASC,\"clientID\" ASC);"},{"level":"info","message":"Created index 3/7 (0.022 ms): CREATE UNIQUE INDEX \"copy_pipeline_app_31_1784029410646_293911_0.mutations_pkey\" ON \"copy_pipeline_app_31_1784029410646_293911_0.mutations\" (\"clientGroupID\" ASC,\"clientID\" ASC,\"mutationID\" ASC);"},{"level":"info","message":"Created index 4/7 (92.612 ms): CREATE UNIQUE INDEX \"Email_pkey\" ON \"Email\" (\"id\" ASC);"},{"level":"info","message":"Created index 5/7 (3349.435 ms): CREATE  INDEX \"Email_threadId_createdAt_id_idx\" ON \"Email\" (\"threadId\" ASC,\"createdAt\" ASC,\"id\" ASC);"},{"level":"info","message":"Created index 6/7 (3884.338 ms): CREATE  INDEX \"Email_threadId_id_idx\" ON \"Email\" (\"threadId\" ASC,\"id\" ASC);"},{"level":"info","message":"Created index 7/7 (2633.049 ms): CREATE  INDEX \"Email_workspaceId_id_idx\" ON \"Email\" (\"workspaceId\" ASC,\"id\" ASC);"},{"level":"info","message":"Created indexes (9960.915 ms)"},{"level":"info","message":"Synced 10,001 rows of 4 tables in _copy_pipeline_app_31_1784029410646_293911_metadata_0,zero_copy_pipeline up to 0/CCC7778 (flush: 3331.704, index: 9960.915, total: 15688.810 ms)","data":{"syncMode":"initial","copyFormat":"binary","publications":["_copy_pipeline_app_31_1784029410646_293911_metadata_0","zero_copy_pipeline"],"lsn":"0/CCC7778","tables":4,"rows":10001,"copyMs":5590.276919999999,"flushMs":3331.7040000000206,"copyBytes":6834522615,"insertStatementCount":10001,"insertStatementsByRowCount":{"1":10001},"indexes":7,"indexMs":9960.914838,"copyOtherMs":2396.191252999979,"totalMs":15688.810091}}]},"peakRssBytes":2364207104,"resourceUsage":{"userCPUTime":4116216,"systemCPUTime":7125839,"maxRSS":2119148,"sharedMemorySize":0,"unsharedDataSize":0,"unsharedStackSize":0,"minorPageFault":1223830,"majorPageFault":3029,"swappedOut":0,"fsRead":31135504,"fsWrite":13372560,"ipcSent":0,"ipcReceived":0,"signalsCount":0,"voluntaryContextSwitches":73695,"involuntaryContextSwitches":8035},"sqlite":{"rows":10000,"fileBytes":6846730240,"pageCount":1671565,"pageSize":4096}}
 [32m✓[39m [30m[45m zero-cache/bench-pg [49m[39m src/initial-sync-copy-pipeline.product.bench.pg.ts [2m([22m[2m1 test[22m[2m)[22m[33m 22827[2mms[22m[39m
   [33m[2m✓[22m[39m initial sync copy pipeline investigation [33m 22826[2mms[22m[39m
 [2m[90m↓[39m[22m [30m[45m zero-cache/bench-pg [49m[39m src/db/initial-sync.bench.pg.ts [2m([22m[2m1 test[22m[2m | [22m[33m1 skipped[39m[2m)[22m
 [2m[90m↓[39m[22m [30m[45m zero-cache/bench-pg [49m[39m src/services/change-streamer/storer.bench.pg.ts [2m([22m[2m2 tests[22m[2m | [22m[33m2 skipped[39m[2m)[22m
 [2m[90m↓[39m[22m [30m[45m zero-cache/bench-pg [49m[39m src/services/replicator/replication-throughput.bench.pg.ts [2m([22m[2m1 test[22m[2m | [22m[33m1 skipped[39m[2m)[22m

[2m Test Files [22m [1m[32m1 passed[39m[22m[2m | [22m[33m3 skipped[39m[90m (4)[39m
[2m      Tests [22m [1m[32m1 passed[39m[22m[2m | [22m[33m4 skipped[39m[90m (5)[39m
[2m   Start at [22m 11:43:23
[2m   Duration [22m 25.01s[2m (transform 610ms, setup 0ms, import 1.74s, tests 22.83s, environment 0ms)[22m

ZERO_COPY_PIPELINE_CGROUP {"memoryPeakBytes":3221790720,"memoryCurrentBytes":16105472,"memoryMax":"3221225472","memoryEvents":{"low":0,"high":0,"max":24810,"oom":0,"oom_kill":0,"oom_group_kill":0},"memoryStat":{"anon":6868992,"file":16384,"kernel":7639040,"kernel_stack":147456,"pagetables":544768,"sec_pagetables":0,"percpu":37876,"sock":0,"vmalloc":8192,"shmem":0,"zswap":0,"zswapped":0,"file_mapped":0,"file_dirty":12288,"file_writeback":0,"swapcached":0,"anon_thp":0,"file_thp":0,"shmem_thp":0,"inactive_anon":0,"active_anon":6754304,"inactive_file":12288,"active_file":4096,"unevictable":0,"slab_reclaimable":2641376,"slab_unreclaimable":582688,"slab":3224064,"workingset_refault_anon":0,"workingset_refault_file":3892270,"workingset_activate_anon":0,"workingset_activate_file":2470002,"workingset_restore_anon":0,"workingset_restore_file":439687,"workingset_nodereclaim":0,"pgdemote_kswapd":0,"pgdemote_direct":0,"pgdemote_khugepaged":0,"pgscan":5290902,"pgsteal":4851123,"pgscan_kswapd":896,"pgscan_direct":5289238,"pgscan_khugepaged":768,"pgsteal_kswapd":896,"pgsteal_direct":4849459,"pgsteal_khugepaged":768,"pgfault":1447498,"pgmajfault":3031,"pgrefill":498743,"pgactivate":67172,"pgdeactivate":0,"pglazyfree":0,"pglazyfreed":0,"swpin_zero":0,"swpout_zero":0,"zswpin":0,"zswpout":0,"zswpwb":0,"thp_fault_alloc":56,"thp_collapse_alloc":5,"thp_swpout":0,"thp_swpout_fallback":0}}

	Command being timed: "./node_modules/.bin/vitest run --config vitest.config.bench.pg.ts -t initial sync copy pipeline investigation"
	User time (seconds): 11.13
	System time (seconds): 8.56
	Percent of CPU this job got: 77%
	Elapsed (wall clock) time (h:mm:ss or m:ss): 0:25.27
	Average shared text size (kbytes): 0
	Average unshared data size (kbytes): 0
	Average stack size (kbytes): 0
	Average total size (kbytes): 0
	Maximum resident set size (kbytes): 2316956
	Average resident set size (kbytes): 0
	Major (requiring I/O) page faults: 3031
	Minor (reclaiming a frame) page faults: 1440596
	Voluntary context switches: 98871
	Involuntary context switches: 8297
	Swaps: 0
	File system inputs: 31139704
	File system outputs: 13377728
	Socket messages sent: 0
	Socket messages received: 0
	Signals delivered: 0
	Page size (bytes): 4096
	Exit status: 0

ZERO_COPY_PIPELINE_EXIT {"status":0,"signal":null}