ZERO_COPY_PIPELINE_RUN_META {"startedAt":"2026-07-14T11:43:48.629Z","id":"imports-production-2.75g-direct-text-mmap-1g-r1","runConfig":{"profile":"imports-production-2.75g","worktree":"linear-parser","label":"direct-text-mmap-1g","partialInsertBatches":false,"directTextBuffers":true,"bufferMB":8,"mmapGiB":1,"repetition":1},"fixture":{"fixture":"imports","rows":10000,"payloadBytes":275000,"copyChunkBytes":5632,"expectedCopyBytes":2750000000,"docker":{"cpus":2,"memory":"6g","nodeHeapMB":4608}},"constraints":{"cpus":2,"memory":"6g","nodeHeapMB":4608},"image":"zero-copy-pipeline-linear-parser:local"}

[1m[30m[46m RUN [49m[39m[22m [36mv4.1.6 [39m[90m/workspace/packages/zero-cache[39m

ZERO_COPY_PIPELINE_PROGRESS creating fixture { fixture: 'imports', rows: 10000, payloadBytes: 275000 }
ZERO_COPY_PIPELINE_PROGRESS fixture ready {
  rows: 10000,
  tableBytes: 42442752,
  indexBytes: 1671168,
  totalBytes: 44113920
}
ZERO_COPY_PIPELINE_RESULT {"kind":"initial-sync","profile":"imports-production-2.75g","runLabel":"imports-production-2.75g-direct-text-mmap-1g-r1","fixture":"imports","rows":10000,"payloadBytes":275000,"workers":5,"treatment":{"partialInsertBatches":false,"directTextBuffers":true,"bufferMB":8},"sqliteTuning":{"mmapGiB":1,"mmapBytes":1073741824,"effectiveMmapBytes":1073741824},"source":{"rows":10000,"tableBytes":42442752,"indexBytes":1671168,"totalBytes":44113920},"rawCopy":{"bytes":2750877916,"chunks":10001,"averageChunkBytes":275060.28557144286,"ms":4243.492585999999,"throughputMBps":648.2579762424027},"timing":{"outerMs":5865.822961000002,"callbackMs":5821.485628,"wrapperMs":44.33733300000131},"phases":{"summary":{"syncMode":"initial","copyFormat":"binary","publications":["_copy_pipeline_app_35_1784029439847_248619_metadata_0","zero_copy_pipeline"],"lsn":"0/F620600","tables":4,"rows":10001,"copyMs":4606.299336,"flushMs":1945.9724970000188,"copyBytes":2750877994,"insertStatementCount":10001,"insertStatementsByRowCount":{"1":10001},"indexes":9,"indexMs":1093.9169589999983,"copyOtherMs":2770.2003389999827,"totalMs":5810.089795},"tableCopies":[{"level":"info","message":"Finished copying 1 rows into copy_pipeline_app_35_1784029439847_248619.permissions (flush: 0.041 ms) (total: 2.381 ms) ","data":{"schema":"copy_pipeline_app_35_1784029439847_248619","table":"permissions","replicaTable":"copy_pipeline_app_35_1784029439847_248619.permissions","syncMode":"initial","copyFormat":"binary","columnCount":3,"rows":1,"estimatedRows":0,"estimatedBytes":16384,"flushMs":0.041459000000031665,"elapsedMs":2.3814579999998386,"copyBytes":36,"insertStatementCount":1,"insertStatementsByRowCount":{"1":1}}},{"level":"info","message":"Finished copying 0 rows into copy_pipeline_app_35_1784029439847_248619_0.clients (flush: 0.001 ms) (total: 1.847 ms) ","data":{"schema":"copy_pipeline_app_35_1784029439847_248619_0","table":"clients","replicaTable":"copy_pipeline_app_35_1784029439847_248619_0.clients","syncMode":"initial","copyFormat":"binary","columnCount":4,"rows":0,"estimatedRows":0,"estimatedBytes":8192,"flushMs":0.0007080000013957033,"elapsedMs":1.8470419999994192,"copyBytes":21,"insertStatementCount":0,"insertStatementsByRowCount":{}}},{"level":"info","message":"Finished copying 0 rows into copy_pipeline_app_35_1784029439847_248619_0.mutations (flush: 0.001 ms) (total: 3.284 ms) ","data":{"schema":"copy_pipeline_app_35_1784029439847_248619_0","table":"mutations","replicaTable":"copy_pipeline_app_35_1784029439847_248619_0.mutations","syncMode":"initial","copyFormat":"binary","columnCount":4,"rows":0,"estimatedRows":0,"estimatedBytes":8192,"flushMs":0.0009579999987181509,"elapsedMs":3.283957999999984,"copyBytes":21,"insertStatementCount":0,"insertStatementsByRowCount":{}}},{"level":"info","message":"Finished copying 10000 rows into userspace.imports (flush: 1945.929 ms) (total: 4600.852 ms) ","data":{"schema":"userspace","table":"imports","replicaTable":"userspace.imports","syncMode":"initial","copyFormat":"binary","columnCount":7,"rows":10000,"estimatedRows":10000,"estimatedBytes":42442752,"flushMs":1945.9293720000187,"elapsedMs":4600.852210999999,"copyBytes":2750877916,"insertStatementCount":10000,"insertStatementsByRowCount":{"1":10000}}}],"records":[{"level":"info","message":"Finished copying 1 rows into copy_pipeline_app_35_1784029439847_248619.permissions (flush: 0.041 ms) (total: 2.381 ms) ","data":{"schema":"copy_pipeline_app_35_1784029439847_248619","table":"permissions","replicaTable":"copy_pipeline_app_35_1784029439847_248619.permissions","syncMode":"initial","copyFormat":"binary","columnCount":3,"rows":1,"estimatedRows":0,"estimatedBytes":16384,"flushMs":0.041459000000031665,"elapsedMs":2.3814579999998386,"copyBytes":36,"insertStatementCount":1,"insertStatementsByRowCount":{"1":1}}},{"level":"info","message":"Finished copying 0 rows into copy_pipeline_app_35_1784029439847_248619_0.clients (flush: 0.001 ms) (total: 1.847 ms) ","data":{"schema":"copy_pipeline_app_35_1784029439847_248619_0","table":"clients","replicaTable":"copy_pipeline_app_35_1784029439847_248619_0.clients","syncMode":"initial","copyFormat":"binary","columnCount":4,"rows":0,"estimatedRows":0,"estimatedBytes":8192,"flushMs":0.0007080000013957033,"elapsedMs":1.8470419999994192,"copyBytes":21,"insertStatementCount":0,"insertStatementsByRowCount":{}}},{"level":"info","message":"Finished copying 0 rows into copy_pipeline_app_35_1784029439847_248619_0.mutations (flush: 0.001 ms) (total: 3.284 ms) ","data":{"schema":"copy_pipeline_app_35_1784029439847_248619_0","table":"mutations","replicaTable":"copy_pipeline_app_35_1784029439847_248619_0.mutations","syncMode":"initial","copyFormat":"binary","columnCount":4,"rows":0,"estimatedRows":0,"estimatedBytes":8192,"flushMs":0.0009579999987181509,"elapsedMs":3.283957999999984,"copyBytes":21,"insertStatementCount":0,"insertStatementsByRowCount":{}}},{"level":"info","message":"Finished copying 10000 rows into userspace.imports (flush: 1945.929 ms) (total: 4600.852 ms) ","data":{"schema":"userspace","table":"imports","replicaTable":"userspace.imports","syncMode":"initial","copyFormat":"binary","columnCount":7,"rows":10000,"estimatedRows":10000,"estimatedBytes":42442752,"flushMs":1945.9293720000187,"elapsedMs":4600.852210999999,"copyBytes":2750877916,"insertStatementCount":10000,"insertStatementsByRowCount":{"1":10000}}},{"level":"info","message":"Created index 1/9 (0.064 ms): CREATE UNIQUE INDEX \"copy_pipeline_app_35_1784029439847_248619.permissions_pkey\" ON \"copy_pipeline_app_35_1784029439847_248619.permissions\" (\"lock\" ASC);"},{"level":"info","message":"Created index 2/9 (0.023 ms): CREATE UNIQUE INDEX \"copy_pipeline_app_35_1784029439847_248619_0.clients_pkey\" ON \"copy_pipeline_app_35_1784029439847_248619_0.clients\" (\"clientGroupID\" ASC,\"clientID\" ASC);"},{"level":"info","message":"Created index 3/9 (0.014 ms): CREATE UNIQUE INDEX \"copy_pipeline_app_35_1784029439847_248619_0.mutations_pkey\" ON \"copy_pipeline_app_35_1784029439847_248619_0.mutations\" (\"clientGroupID\" ASC,\"clientID\" ASC,\"mutationID\" ASC);"},{"level":"info","message":"Created index 4/9 (318.424 ms): CREATE  INDEX \"userspace.idx_imports_schema\" ON \"userspace.imports\" (\"schema\" ASC);"},{"level":"info","message":"Created index 5/9 (192.809 ms): CREATE  INDEX \"userspace.idx_imports_user_id\" ON \"userspace.imports\" (\"user_id\" ASC);"},{"level":"info","message":"Created index 6/9 (196.849 ms): CREATE  INDEX \"userspace.idx_imports_user_id_import_id\" ON \"userspace.imports\" (\"user_id\" ASC,\"import_id\" ASC);"},{"level":"info","message":"Created index 7/9 (191.229 ms): CREATE  INDEX \"userspace.idx_imports_user_source\" ON \"userspace.imports\" (\"user_id\" ASC,\"source\" ASC);"},{"level":"info","message":"Created index 8/9 (189.559 ms): CREATE  INDEX \"userspace.idx_imports_user_source_created_at\" ON \"userspace.imports\" (\"user_id\" ASC,\"source\" ASC,\"created_at\" DESC);"},{"level":"info","message":"Created index 9/9 (3.003 ms): CREATE UNIQUE INDEX \"userspace.imports_pkey\" ON \"userspace.imports\" (\"import_id\" ASC);"},{"level":"info","message":"Created indexes (1093.917 ms)"},{"level":"info","message":"Synced 10,001 rows of 4 tables in _copy_pipeline_app_35_1784029439847_248619_metadata_0,zero_copy_pipeline up to 0/F620600 (flush: 1945.972, index: 1093.917, total: 5810.090 ms)","data":{"syncMode":"initial","copyFormat":"binary","publications":["_copy_pipeline_app_35_1784029439847_248619_metadata_0","zero_copy_pipeline"],"lsn":"0/F620600","tables":4,"rows":10001,"copyMs":4606.299336,"flushMs":1945.9724970000188,"copyBytes":2750877994,"insertStatementCount":10001,"insertStatementsByRowCount":{"1":10001},"indexes":9,"indexMs":1093.9169589999983,"copyOtherMs":2770.2003389999827,"totalMs":5810.089795}}]},"peakRssBytes":1287942144,"resourceUsage":{"userCPUTime":5194191,"systemCPUTime":2729534,"maxRSS":1093980,"sharedMemorySize":0,"unsharedDataSize":0,"unsharedStackSize":0,"minorPageFault":128666,"majorPageFault":0,"swappedOut":0,"fsRead":0,"fsWrite":5382880,"ipcSent":0,"ipcReceived":0,"signalsCount":0,"voluntaryContextSwitches":13811,"involuntaryContextSwitches":23},"sqlite":{"rows":10000,"fileBytes":2756018176,"pageCount":672856,"pageSize":4096}}
 [32m✓[39m [30m[45m zero-cache/bench-pg [49m[39m src/initial-sync-copy-pipeline.product.bench.pg.ts [2m([22m[2m1 test[22m[2m)[22m[33m 16180[2mms[22m[39m
   [33m[2m✓[22m[39m initial sync copy pipeline investigation [33m 16179[2mms[22m[39m
 [2m[90m↓[39m[22m [30m[45m zero-cache/bench-pg [49m[39m src/db/initial-sync.bench.pg.ts [2m([22m[2m1 test[22m[2m | [22m[33m1 skipped[39m[2m)[22m
 [2m[90m↓[39m[22m [30m[45m zero-cache/bench-pg [49m[39m src/services/change-streamer/storer.bench.pg.ts [2m([22m[2m2 tests[22m[2m | [22m[33m2 skipped[39m[2m)[22m
 [2m[90m↓[39m[22m [30m[45m zero-cache/bench-pg [49m[39m src/services/replicator/replication-throughput.bench.pg.ts [2m([22m[2m1 test[22m[2m | [22m[33m1 skipped[39m[2m)[22m

[2m Test Files [22m [1m[32m1 passed[39m[22m[2m | [22m[33m3 skipped[39m[90m (4)[39m
[2m      Tests [22m [1m[32m1 passed[39m[22m[2m | [22m[33m4 skipped[39m[90m (5)[39m
[2m   Start at [22m 11:43:49
[2m   Duration [22m 17.65s[2m (transform 454ms, setup 0ms, import 1.12s, tests 16.18s, environment 0ms)[22m

ZERO_COPY_PIPELINE_CGROUP {"memoryPeakBytes":3158265856,"memoryCurrentBytes":17362944,"memoryMax":"6442450944","memoryEvents":{"low":0,"high":0,"max":0,"oom":0,"oom_kill":0,"oom_group_kill":0},"memoryStat":{"anon":6873088,"file":897024,"kernel":7684096,"kernel_stack":147456,"pagetables":544768,"sec_pagetables":0,"percpu":38148,"sock":0,"vmalloc":8192,"shmem":0,"zswap":0,"zswapped":0,"file_mapped":0,"file_dirty":8192,"file_writeback":0,"swapcached":0,"anon_thp":0,"file_thp":0,"shmem_thp":0,"inactive_anon":0,"active_anon":6787072,"inactive_file":12288,"active_file":884736,"unevictable":0,"slab_reclaimable":2629088,"slab_unreclaimable":587600,"slab":3216688,"workingset_refault_anon":0,"workingset_refault_file":201,"workingset_activate_anon":0,"workingset_activate_file":0,"workingset_restore_anon":0,"workingset_restore_file":0,"workingset_nodereclaim":0,"pgdemote_kswapd":0,"pgdemote_direct":0,"pgdemote_khugepaged":0,"pgscan":0,"pgsteal":0,"pgscan_kswapd":0,"pgscan_direct":0,"pgscan_khugepaged":0,"pgsteal_kswapd":0,"pgsteal_direct":0,"pgsteal_khugepaged":0,"pgfault":416875,"pgmajfault":3,"pgrefill":0,"pgactivate":0,"pgdeactivate":0,"pglazyfree":0,"pglazyfreed":0,"swpin_zero":0,"swpout_zero":0,"zswpin":0,"zswpout":0,"zswpwb":0,"thp_fault_alloc":59,"thp_collapse_alloc":2,"thp_swpout":0,"thp_swpout_fallback":0}}

	Command being timed: "./node_modules/.bin/vitest run --config vitest.config.bench.pg.ts -t initial sync copy pipeline investigation"
	User time (seconds): 10.25
	System time (seconds): 3.84
	Percent of CPU this job got: 78%
	Elapsed (wall clock) time (h:mm:ss or m:ss): 0:17.98
	Average shared text size (kbytes): 0
	Average unshared data size (kbytes): 0
	Average stack size (kbytes): 0
	Average total size (kbytes): 0
	Maximum resident set size (kbytes): 1263296
	Average resident set size (kbytes): 0
	Major (requiring I/O) page faults: 3
	Minor (reclaiming a frame) page faults: 412883
	Voluntary context switches: 39277
	Involuntary context switches: 40
	Swaps: 0
	File system inputs: 1736
	File system outputs: 5388048
	Socket messages sent: 0
	Socket messages received: 0
	Signals delivered: 0
	Page size (bytes): 4096
	Exit status: 0

ZERO_COPY_PIPELINE_EXIT {"status":0,"signal":null}