ZERO_COPY_PIPELINE_RUN_META {"startedAt":"2026-07-14T11:21:24.442Z","id":"email-683m-parser-direct-text-partial-8m-r1","runConfig":{"profile":"email-683m","worktree":"linear-parser","label":"parser-direct-text-partial-8m","partialInsertBatches":true,"directTextBuffers":true,"bufferMB":8,"repetition":1},"fixture":{"fixture":"email","rows":1000,"payloadBytes":683000,"copyChunkBytes":31744,"expectedCopyBytes":683000000,"docker":{"cpus":1,"memory":"3g","nodeHeapMB":2304}},"constraints":{"cpus":1,"memory":"3g","nodeHeapMB":2304},"image":"zero-copy-pipeline-linear-parser:local"}

[1m[30m[46m RUN [49m[39m[22m [36mv4.1.6 [39m[90m/workspace/packages/zero-cache[39m

ZERO_COPY_PIPELINE_PROGRESS creating fixture { fixture: 'email', rows: 1000, payloadBytes: 683000 }
ZERO_COPY_PIPELINE_PROGRESS fixture ready {
  rows: 1000,
  tableBytes: 8781824,
  indexBytes: 262144,
  totalBytes: 9043968
}
ZERO_COPY_PIPELINE_RESULT {"kind":"initial-sync","profile":"email-683m","runLabel":"email-683m-parser-direct-text-partial-8m-r1","fixture":"email","rows":1000,"payloadBytes":683000,"workers":5,"treatment":{"partialInsertBatches":true,"directTextBuffers":true,"bufferMB":8},"sqliteTuning":{"mmapBytes":1073741824,"effectiveMmapBytes":1073741824},"source":{"rows":1000,"tableBytes":8781824,"indexBytes":262144,"totalBytes":9043968},"rawCopy":{"bytes":683438323,"chunks":1001,"averageChunkBytes":682755.5674325675,"ms":239.04116699999997,"throughputMBps":2859.0821053011346},"timing":{"outerMs":696.5765829999999,"callbackMs":657.985126,"wrapperMs":38.59145699999988},"phases":{"summary":{"syncMode":"initial","copyFormat":"binary","publications":["_copy_pipeline_app_32_1784028086016_755137_metadata_0","zero_copy_pipeline"],"lsn":"0/3D3A658","tables":4,"rows":1001,"copyMs":437.5039999999999,"flushMs":243.08900400000016,"copyBytes":683438401,"insertStatementCount":78,"insertStatementsByRowCount":{"1":1,"12":1,"13":76},"indexes":7,"indexMs":80.67233299999998,"copyOtherMs":323.1769549999999,"totalMs":646.938292},"tableCopies":[{"level":"info","message":"Finished copying 1 rows into copy_pipeline_app_32_1784028086016_755137.permissions (flush: 0.046 ms) (total: 1.946 ms) ","data":{"schema":"copy_pipeline_app_32_1784028086016_755137","table":"permissions","replicaTable":"copy_pipeline_app_32_1784028086016_755137.permissions","syncMode":"initial","copyFormat":"binary","columnCount":3,"rows":1,"estimatedRows":0,"estimatedBytes":16384,"flushMs":0.0464999999999236,"elapsedMs":1.9464580000001206,"copyBytes":36,"insertStatementCount":1,"insertStatementsByRowCount":{"1":1}}},{"level":"info","message":"Finished copying 0 rows into copy_pipeline_app_32_1784028086016_755137_0.clients (flush: 0.001 ms) (total: 1.816 ms) ","data":{"schema":"copy_pipeline_app_32_1784028086016_755137_0","table":"clients","replicaTable":"copy_pipeline_app_32_1784028086016_755137_0.clients","syncMode":"initial","copyFormat":"binary","columnCount":4,"rows":0,"estimatedRows":0,"estimatedBytes":8192,"flushMs":0.0005410000001120352,"elapsedMs":1.8162079999999605,"copyBytes":21,"insertStatementCount":0,"insertStatementsByRowCount":{}}},{"level":"info","message":"Finished copying 0 rows into copy_pipeline_app_32_1784028086016_755137_0.mutations (flush: 0.001 ms) (total: 5.831 ms) ","data":{"schema":"copy_pipeline_app_32_1784028086016_755137_0","table":"mutations","replicaTable":"copy_pipeline_app_32_1784028086016_755137_0.mutations","syncMode":"initial","copyFormat":"binary","columnCount":4,"rows":0,"estimatedRows":0,"estimatedBytes":8192,"flushMs":0.0005830000000059954,"elapsedMs":5.830832999999984,"copyBytes":21,"insertStatementCount":0,"insertStatementsByRowCount":{}}},{"level":"info","message":"Finished copying 1000 rows into Email (flush: 243.041 ms) (total: 432.635 ms) ","data":{"schema":"public","table":"Email","replicaTable":"Email","syncMode":"initial","copyFormat":"binary","columnCount":25,"rows":1000,"estimatedRows":1000,"estimatedBytes":8781824,"flushMs":243.04138000000012,"elapsedMs":432.635,"copyBytes":683438323,"insertStatementCount":77,"insertStatementsByRowCount":{"12":1,"13":76}}}],"records":[{"level":"info","message":"Finished copying 1 rows into copy_pipeline_app_32_1784028086016_755137.permissions (flush: 0.046 ms) (total: 1.946 ms) ","data":{"schema":"copy_pipeline_app_32_1784028086016_755137","table":"permissions","replicaTable":"copy_pipeline_app_32_1784028086016_755137.permissions","syncMode":"initial","copyFormat":"binary","columnCount":3,"rows":1,"estimatedRows":0,"estimatedBytes":16384,"flushMs":0.0464999999999236,"elapsedMs":1.9464580000001206,"copyBytes":36,"insertStatementCount":1,"insertStatementsByRowCount":{"1":1}}},{"level":"info","message":"Finished copying 0 rows into copy_pipeline_app_32_1784028086016_755137_0.clients (flush: 0.001 ms) (total: 1.816 ms) ","data":{"schema":"copy_pipeline_app_32_1784028086016_755137_0","table":"clients","replicaTable":"copy_pipeline_app_32_1784028086016_755137_0.clients","syncMode":"initial","copyFormat":"binary","columnCount":4,"rows":0,"estimatedRows":0,"estimatedBytes":8192,"flushMs":0.0005410000001120352,"elapsedMs":1.8162079999999605,"copyBytes":21,"insertStatementCount":0,"insertStatementsByRowCount":{}}},{"level":"info","message":"Finished copying 0 rows into copy_pipeline_app_32_1784028086016_755137_0.mutations (flush: 0.001 ms) (total: 5.831 ms) ","data":{"schema":"copy_pipeline_app_32_1784028086016_755137_0","table":"mutations","replicaTable":"copy_pipeline_app_32_1784028086016_755137_0.mutations","syncMode":"initial","copyFormat":"binary","columnCount":4,"rows":0,"estimatedRows":0,"estimatedBytes":8192,"flushMs":0.0005830000000059954,"elapsedMs":5.830832999999984,"copyBytes":21,"insertStatementCount":0,"insertStatementsByRowCount":{}}},{"level":"info","message":"Finished copying 1000 rows into Email (flush: 243.041 ms) (total: 432.635 ms) ","data":{"schema":"public","table":"Email","replicaTable":"Email","syncMode":"initial","copyFormat":"binary","columnCount":25,"rows":1000,"estimatedRows":1000,"estimatedBytes":8781824,"flushMs":243.04138000000012,"elapsedMs":432.635,"copyBytes":683438323,"insertStatementCount":77,"insertStatementsByRowCount":{"12":1,"13":76}}},{"level":"info","message":"Created index 1/7 (0.043 ms): CREATE UNIQUE INDEX \"copy_pipeline_app_32_1784028086016_755137.permissions_pkey\" ON \"copy_pipeline_app_32_1784028086016_755137.permissions\" (\"lock\" ASC);"},{"level":"info","message":"Created index 2/7 (0.024 ms): CREATE UNIQUE INDEX \"copy_pipeline_app_32_1784028086016_755137_0.clients_pkey\" ON \"copy_pipeline_app_32_1784028086016_755137_0.clients\" (\"clientGroupID\" ASC,\"clientID\" ASC);"},{"level":"info","message":"Created index 3/7 (0.015 ms): CREATE UNIQUE INDEX \"copy_pipeline_app_32_1784028086016_755137_0.mutations_pkey\" ON \"copy_pipeline_app_32_1784028086016_755137_0.mutations\" (\"clientGroupID\" ASC,\"clientID\" ASC,\"mutationID\" ASC);"},{"level":"info","message":"Created index 4/7 (0.568 ms): CREATE UNIQUE INDEX \"Email_pkey\" ON \"Email\" (\"id\" ASC);"},{"level":"info","message":"Created index 5/7 (41.883 ms): CREATE  INDEX \"Email_threadId_createdAt_id_idx\" ON \"Email\" (\"threadId\" ASC,\"createdAt\" ASC,\"id\" ASC);"},{"level":"info","message":"Created index 6/7 (19.671 ms): CREATE  INDEX \"Email_threadId_id_idx\" ON \"Email\" (\"threadId\" ASC,\"id\" ASC);"},{"level":"info","message":"Created index 7/7 (18.291 ms): CREATE  INDEX \"Email_workspaceId_id_idx\" ON \"Email\" (\"workspaceId\" ASC,\"id\" ASC);"},{"level":"info","message":"Created indexes (80.672 ms)"},{"level":"info","message":"Synced 1,001 rows of 4 tables in _copy_pipeline_app_32_1784028086016_755137_metadata_0,zero_copy_pipeline up to 0/3D3A658 (flush: 243.089, index: 80.672, total: 646.938 ms)","data":{"syncMode":"initial","copyFormat":"binary","publications":["_copy_pipeline_app_32_1784028086016_755137_metadata_0","zero_copy_pipeline"],"lsn":"0/3D3A658","tables":4,"rows":1001,"copyMs":437.5039999999999,"flushMs":243.08900400000016,"copyBytes":683438401,"insertStatementCount":78,"insertStatementsByRowCount":{"1":1,"12":1,"13":76},"indexes":7,"indexMs":80.67233299999998,"copyOtherMs":323.1769549999999,"totalMs":646.938292}}]},"peakRssBytes":874029056,"resourceUsage":{"userCPUTime":332165,"systemCPUTime":267725,"maxRSS":683120,"sharedMemorySize":0,"unsharedDataSize":0,"unsharedStackSize":0,"minorPageFault":17016,"majorPageFault":0,"swappedOut":0,"fsRead":0,"fsWrite":1337584,"ipcSent":0,"ipcReceived":0,"signalsCount":0,"voluntaryContextSwitches":1203,"involuntaryContextSwitches":3},"sqlite":{"rows":1000,"fileBytes":684822528,"pageCount":167193,"pageSize":4096}}
 [32m✓[39m [30m[45m zero-cache/bench-pg [49m[39m src/initial-sync-copy-pipeline.product.bench.pg.ts [2m([22m[2m1 test[22m[2m)[22m[32m 1115[2mms[22m[39m
 [2m[90m↓[39m[22m [30m[45m zero-cache/bench-pg [49m[39m src/db/initial-sync.bench.pg.ts [2m([22m[2m1 test[22m[2m | [22m[33m1 skipped[39m[2m)[22m
 [2m[90m↓[39m[22m [30m[45m zero-cache/bench-pg [49m[39m src/services/change-streamer/storer.bench.pg.ts [2m([22m[2m2 tests[22m[2m | [22m[33m2 skipped[39m[2m)[22m
 [2m[90m↓[39m[22m [30m[45m zero-cache/bench-pg [49m[39m src/services/replicator/replication-throughput.bench.pg.ts [2m([22m[2m1 test[22m[2m | [22m[33m1 skipped[39m[2m)[22m

[2m Test Files [22m [1m[32m1 passed[39m[22m[2m | [22m[33m3 skipped[39m[90m (4)[39m
[2m      Tests [22m [1m[32m1 passed[39m[22m[2m | [22m[33m4 skipped[39m[90m (5)[39m
[2m   Start at [22m 11:21:24
[2m   Duration [22m 2.95s[2m (transform 558ms, setup 0ms, import 1.45s, tests 1.12s, environment 0ms)[22m

ZERO_COPY_PIPELINE_CGROUP {"memoryPeakBytes":1046925312,"memoryCurrentBytes":15429632,"memoryMax":"3221225472","memoryEvents":{"low":0,"high":0,"max":0,"oom":0,"oom_kill":0,"oom_group_kill":0},"memoryStat":{"anon":6868992,"file":28672,"kernel":7876608,"kernel_stack":147456,"pagetables":540672,"sec_pagetables":0,"percpu":37876,"sock":0,"vmalloc":8192,"shmem":0,"zswap":0,"zswapped":0,"file_mapped":0,"file_dirty":28672,"file_writeback":0,"swapcached":0,"anon_thp":0,"file_thp":0,"shmem_thp":0,"inactive_anon":0,"active_anon":6754304,"inactive_file":28672,"active_file":0,"unevictable":0,"slab_reclaimable":2627784,"slab_unreclaimable":583168,"slab":3210952,"workingset_refault_anon":0,"workingset_refault_file":0,"workingset_activate_anon":0,"workingset_activate_file":0,"workingset_restore_anon":0,"workingset_restore_file":0,"workingset_nodereclaim":0,"pgdemote_kswapd":0,"pgdemote_direct":0,"pgdemote_khugepaged":0,"pgscan":0,"pgsteal":0,"pgscan_kswapd":0,"pgscan_direct":0,"pgscan_khugepaged":0,"pgsteal_kswapd":0,"pgsteal_direct":0,"pgsteal_khugepaged":0,"pgfault":174852,"pgmajfault":0,"pgrefill":0,"pgactivate":0,"pgdeactivate":0,"pglazyfree":0,"pglazyfreed":0,"swpin_zero":0,"swpout_zero":0,"zswpin":0,"zswpout":0,"zswpwb":0,"thp_fault_alloc":57,"thp_collapse_alloc":0,"thp_swpout":0,"thp_swpout_fallback":0}}

	Command being timed: "./node_modules/.bin/vitest run --config vitest.config.bench.pg.ts -t initial sync copy pipeline investigation"
	User time (seconds): 2.17
	System time (seconds): 0.71
	Percent of CPU this job got: 89%
	Elapsed (wall clock) time (h:mm:ss or m:ss): 0:03.21
	Average shared text size (kbytes): 0
	Average unshared data size (kbytes): 0
	Average stack size (kbytes): 0
	Average total size (kbytes): 0
	Maximum resident set size (kbytes): 853672
	Average resident set size (kbytes): 0
	Major (requiring I/O) page faults: 0
	Minor (reclaiming a frame) page faults: 170969
	Voluntary context switches: 10754
	Involuntary context switches: 40
	Swaps: 0
	File system inputs: 0
	File system outputs: 1342744
	Socket messages sent: 0
	Socket messages received: 0
	Signals delivered: 0
	Page size (bytes): 4096
	Exit status: 0

ZERO_COPY_PIPELINE_EXIT {"status":0,"signal":null}