ZERO_COPY_PIPELINE_RUN_META {"startedAt":"2026-07-14T12:19:08.340Z","id":"email-high-6.83g-final-candidate-mmap-off-r1","runConfig":{"profile":"email-high-6.83g","worktree":"linear-parser","label":"final-candidate-mmap-off","partialInsertBatches":false,"directTextBuffers":true,"eagerIndexes":false,"eagerSecondaryIndexes":true,"bufferMB":8,"mmapGiB":0,"repetition":1},"fixture":{"fixture":"email","rows":10000,"payloadBytes":683000,"copyChunkBytes":31744,"expectedCopyBytes":6830000000,"docker":{"cpus":1,"memory":"3g","nodeHeapMB":2304}},"constraints":{"cpus":1,"memory":"3g","nodeHeapMB":2304},"image":"zero-copy-pipeline-linear-parser:local"}

[1m[30m[46m RUN [49m[39m[22m [36mv4.1.6 [39m[90m/workspace/packages/zero-cache[39m

ZERO_COPY_PIPELINE_PROGRESS creating fixture { fixture: 'email', rows: 10000, payloadBytes: 683000 }
ZERO_COPY_PIPELINE_PROGRESS fixture ready {
  rows: 10000,
  tableBytes: 87433216,
  indexBytes: 2007040,
  totalBytes: 89440256
}
ZERO_COPY_PIPELINE_RESULT {"kind":"initial-sync","profile":"email-high-6.83g","runLabel":"email-high-6.83g-final-candidate-mmap-off-r1","fixture":"email","rows":10000,"payloadBytes":683000,"workers":5,"treatment":{"partialInsertBatches":false,"directTextBuffers":true,"eagerIndexes":false,"eagerSecondaryIndexes":true,"bufferMB":8},"sqliteTuning":{"mmapGiB":0,"mmapBytes":0,"effectiveMmapBytes":0},"source":{"rows":10000,"tableBytes":87433216,"indexBytes":2007040,"totalBytes":89440256},"rawCopy":{"bytes":6834522537,"chunks":10001,"averageChunkBytes":683383.9153084692,"ms":5723.697378,"throughputMBps":1194.074753719448},"timing":{"outerMs":6826.360045,"callbackMs":6536.530003000001,"wrapperMs":289.8300419999996},"phases":{"summary":{"syncMode":"initial","copyFormat":"binary","publications":["_copy_pipeline_app_32_1784031556066_185467_metadata_0","zero_copy_pipeline"],"lsn":"0/70DC558","tables":4,"rows":10001,"copyMs":6066.181628,"flushMs":4309.388646999967,"copyBytes":6834522615,"insertStatementCount":10001,"insertStatementsByRowCount":{"1":10001},"indexes":7,"indexMs":89.7707079999982,"copyOtherMs":2124.0626480000337,"totalMs":6523.222002999999},"tableCopies":[{"level":"info","message":"Finished copying 1 rows into copy_pipeline_app_32_1784031556066_185467.permissions (flush: 0.046 ms) (total: 2.808 ms) ","data":{"schema":"copy_pipeline_app_32_1784031556066_185467","table":"permissions","replicaTable":"copy_pipeline_app_32_1784031556066_185467.permissions","syncMode":"initial","copyFormat":"binary","columnCount":3,"rows":1,"estimatedRows":0,"estimatedBytes":16384,"flushMs":0.04620799999975134,"elapsedMs":2.8080840000002354,"copyBytes":36,"insertStatementCount":1,"insertStatementsByRowCount":{"1":1}}},{"level":"info","message":"Finished copying 0 rows into copy_pipeline_app_32_1784031556066_185467_0.clients (flush: 0.001 ms) (total: 3.323 ms) ","data":{"schema":"copy_pipeline_app_32_1784031556066_185467_0","table":"clients","replicaTable":"copy_pipeline_app_32_1784031556066_185467_0.clients","syncMode":"initial","copyFormat":"binary","columnCount":4,"rows":0,"estimatedRows":0,"estimatedBytes":8192,"flushMs":0.0009170000002995948,"elapsedMs":3.3234590000001845,"copyBytes":21,"insertStatementCount":0,"insertStatementsByRowCount":{}}},{"level":"info","message":"Finished copying 0 rows into copy_pipeline_app_32_1784031556066_185467_0.mutations (flush: 0.001 ms) (total: 1.615 ms) ","data":{"schema":"copy_pipeline_app_32_1784031556066_185467_0","table":"mutations","replicaTable":"copy_pipeline_app_32_1784031556066_185467_0.mutations","syncMode":"initial","copyFormat":"binary","columnCount":4,"rows":0,"estimatedRows":0,"estimatedBytes":8192,"flushMs":0.0006660000008196221,"elapsedMs":1.6145830000004935,"copyBytes":21,"insertStatementCount":0,"insertStatementsByRowCount":{}}},{"level":"info","message":"Finished copying 10000 rows into Email (flush: 4309.341 ms) (total: 6058.080 ms) ","data":{"schema":"public","table":"Email","replicaTable":"Email","syncMode":"initial","copyFormat":"binary","columnCount":25,"rows":10000,"estimatedRows":10000,"estimatedBytes":87433216,"flushMs":4309.340855999966,"elapsedMs":6058.079544,"copyBytes":6834522537,"insertStatementCount":10000,"insertStatementsByRowCount":{"1":10000}}}],"records":[{"level":"info","message":"Created index 1/3 (0.021 ms): CREATE  INDEX \"Email_threadId_createdAt_id_idx\" ON \"Email\" (\"threadId\" ASC,\"createdAt\" ASC,\"id\" ASC);"},{"level":"info","message":"Created index 2/3 (0.011 ms): CREATE  INDEX \"Email_threadId_id_idx\" ON \"Email\" (\"threadId\" ASC,\"id\" ASC);"},{"level":"info","message":"Created index 3/3 (0.009 ms): CREATE  INDEX \"Email_workspaceId_id_idx\" ON \"Email\" (\"workspaceId\" ASC,\"id\" ASC);"},{"level":"info","message":"Finished copying 1 rows into copy_pipeline_app_32_1784031556066_185467.permissions (flush: 0.046 ms) (total: 2.808 ms) ","data":{"schema":"copy_pipeline_app_32_1784031556066_185467","table":"permissions","replicaTable":"copy_pipeline_app_32_1784031556066_185467.permissions","syncMode":"initial","copyFormat":"binary","columnCount":3,"rows":1,"estimatedRows":0,"estimatedBytes":16384,"flushMs":0.04620799999975134,"elapsedMs":2.8080840000002354,"copyBytes":36,"insertStatementCount":1,"insertStatementsByRowCount":{"1":1}}},{"level":"info","message":"Finished copying 0 rows into copy_pipeline_app_32_1784031556066_185467_0.clients (flush: 0.001 ms) (total: 3.323 ms) ","data":{"schema":"copy_pipeline_app_32_1784031556066_185467_0","table":"clients","replicaTable":"copy_pipeline_app_32_1784031556066_185467_0.clients","syncMode":"initial","copyFormat":"binary","columnCount":4,"rows":0,"estimatedRows":0,"estimatedBytes":8192,"flushMs":0.0009170000002995948,"elapsedMs":3.3234590000001845,"copyBytes":21,"insertStatementCount":0,"insertStatementsByRowCount":{}}},{"level":"info","message":"Finished copying 0 rows into copy_pipeline_app_32_1784031556066_185467_0.mutations (flush: 0.001 ms) (total: 1.615 ms) ","data":{"schema":"copy_pipeline_app_32_1784031556066_185467_0","table":"mutations","replicaTable":"copy_pipeline_app_32_1784031556066_185467_0.mutations","syncMode":"initial","copyFormat":"binary","columnCount":4,"rows":0,"estimatedRows":0,"estimatedBytes":8192,"flushMs":0.0006660000008196221,"elapsedMs":1.6145830000004935,"copyBytes":21,"insertStatementCount":0,"insertStatementsByRowCount":{}}},{"level":"info","message":"Finished copying 10000 rows into Email (flush: 4309.341 ms) (total: 6058.080 ms) ","data":{"schema":"public","table":"Email","replicaTable":"Email","syncMode":"initial","copyFormat":"binary","columnCount":25,"rows":10000,"estimatedRows":10000,"estimatedBytes":87433216,"flushMs":4309.340855999966,"elapsedMs":6058.079544,"copyBytes":6834522537,"insertStatementCount":10000,"insertStatementsByRowCount":{"1":10000}}},{"level":"info","message":"Created index 1/4 (5.322 ms): CREATE UNIQUE INDEX \"copy_pipeline_app_32_1784031556066_185467.permissions_pkey\" ON \"copy_pipeline_app_32_1784031556066_185467.permissions\" (\"lock\" ASC);"},{"level":"info","message":"Created index 2/4 (1.386 ms): CREATE UNIQUE INDEX \"copy_pipeline_app_32_1784031556066_185467_0.clients_pkey\" ON \"copy_pipeline_app_32_1784031556066_185467_0.clients\" (\"clientGroupID\" ASC,\"clientID\" ASC);"},{"level":"info","message":"Created index 3/4 (0.036 ms): CREATE UNIQUE INDEX \"copy_pipeline_app_32_1784031556066_185467_0.mutations_pkey\" ON \"copy_pipeline_app_32_1784031556066_185467_0.mutations\" (\"clientGroupID\" ASC,\"clientID\" ASC,\"mutationID\" ASC);"},{"level":"info","message":"Created index 4/4 (82.706 ms): CREATE UNIQUE INDEX \"Email_pkey\" ON \"Email\" (\"id\" ASC);"},{"level":"info","message":"Created indexes (89.771 ms)"},{"level":"info","message":"Synced 10,001 rows of 4 tables in _copy_pipeline_app_32_1784031556066_185467_metadata_0,zero_copy_pipeline up to 0/70DC558 (flush: 4309.389, index: 89.771, total: 6523.222 ms)","data":{"syncMode":"initial","copyFormat":"binary","publications":["_copy_pipeline_app_32_1784031556066_185467_metadata_0","zero_copy_pipeline"],"lsn":"0/70DC558","tables":4,"rows":10001,"copyMs":6066.181628,"flushMs":4309.388646999967,"copyBytes":6834522615,"insertStatementCount":10001,"insertStatementsByRowCount":{"1":10001},"indexes":7,"indexMs":89.7707079999982,"copyOtherMs":2124.0626480000337,"totalMs":6523.222002999999}}]},"peakRssBytes":209346560,"resourceUsage":{"userCPUTime":2289183,"systemCPUTime":3579898,"maxRSS":7872,"sharedMemorySize":0,"unsharedDataSize":0,"unsharedStackSize":0,"minorPageFault":3014,"majorPageFault":0,"swappedOut":0,"fsRead":369856,"fsWrite":13383056,"ipcSent":0,"ipcReceived":0,"signalsCount":0,"voluntaryContextSwitches":14712,"involuntaryContextSwitches":1936},"sqlite":{"rows":10000,"fileBytes":6846832640,"pageCount":1671590,"pageSize":4096}}
 [32m✓[39m [30m[45m zero-cache/bench-pg [49m[39m src/initial-sync-copy-pipeline.product.bench.pg.ts [2m([22m[2m1 test[22m[2m)[22m[32m 13451[2mms[22m[39m
 [2m[90m↓[39m[22m [30m[45m zero-cache/bench-pg [49m[39m src/db/initial-sync.bench.pg.ts [2m([22m[2m1 test[22m[2m | [22m[33m1 skipped[39m[2m)[22m
 [2m[90m↓[39m[22m [30m[45m zero-cache/bench-pg [49m[39m src/services/change-streamer/storer.bench.pg.ts [2m([22m[2m2 tests[22m[2m | [22m[33m2 skipped[39m[2m)[22m
 [2m[90m↓[39m[22m [30m[45m zero-cache/bench-pg [49m[39m src/services/replicator/replication-throughput.bench.pg.ts [2m([22m[2m1 test[22m[2m | [22m[33m1 skipped[39m[2m)[22m

[2m Test Files [22m [1m[32m1 passed[39m[22m[2m | [22m[33m3 skipped[39m[90m (4)[39m
[2m      Tests [22m [1m[32m1 passed[39m[22m[2m | [22m[33m4 skipped[39m[90m (5)[39m
[2m   Start at [22m 12:19:08
[2m   Duration [22m 15.43s[2m (transform 540ms, setup 0ms, import 1.53s, tests 13.45s, environment 0ms)[22m

ZERO_COPY_PIPELINE_CGROUP {"memoryPeakBytes":3222974464,"memoryCurrentBytes":13242368,"memoryMax":"3221225472","memoryEvents":{"low":0,"high":0,"max":12733,"oom":0,"oom_kill":0,"oom_group_kill":0},"memoryStat":{"anon":6868992,"file":40960,"kernel":4521984,"kernel_stack":147456,"pagetables":540672,"sec_pagetables":0,"percpu":37876,"sock":0,"vmalloc":8192,"shmem":0,"zswap":0,"zswapped":0,"file_mapped":0,"file_dirty":20480,"file_writeback":0,"swapcached":0,"anon_thp":0,"file_thp":0,"shmem_thp":0,"inactive_anon":0,"active_anon":6750208,"inactive_file":8192,"active_file":32768,"unevictable":0,"slab_reclaimable":2651776,"slab_unreclaimable":482488,"slab":3134264,"workingset_refault_anon":0,"workingset_refault_file":46555,"workingset_activate_anon":0,"workingset_activate_file":46555,"workingset_restore_anon":0,"workingset_restore_file":0,"workingset_nodereclaim":0,"pgdemote_kswapd":0,"pgdemote_direct":0,"pgdemote_khugepaged":0,"pgscan":1035328,"pgsteal":1035328,"pgscan_kswapd":19648,"pgscan_direct":1015680,"pgscan_khugepaged":0,"pgsteal_kswapd":19648,"pgsteal_direct":1015680,"pgsteal_khugepaged":0,"pgfault":252777,"pgmajfault":0,"pgrefill":161,"pgactivate":0,"pgdeactivate":0,"pglazyfree":0,"pglazyfreed":0,"swpin_zero":0,"swpout_zero":0,"zswpin":0,"zswpout":0,"zswpwb":0,"thp_fault_alloc":49,"thp_collapse_alloc":0,"thp_swpout":0,"thp_swpout_fallback":0}}

	Command being timed: "./node_modules/.bin/vitest run --config vitest.config.bench.pg.ts -t initial sync copy pipeline investigation"
	User time (seconds): 9.02
	System time (seconds): 5.02
	Percent of CPU this job got: 88%
	Elapsed (wall clock) time (h:mm:ss or m:ss): 0:15.79
	Average shared text size (kbytes): 0
	Average unshared data size (kbytes): 0
	Average stack size (kbytes): 0
	Average total size (kbytes): 0
	Maximum resident set size (kbytes): 258192
	Average resident set size (kbytes): 0
	Major (requiring I/O) page faults: 0
	Minor (reclaiming a frame) page faults: 248659
	Voluntary context switches: 39667
	Involuntary context switches: 2184
	Swaps: 0
	File system inputs: 372440
	File system outputs: 13388232
	Socket messages sent: 0
	Socket messages received: 0
	Signals delivered: 0
	Page size (bytes): 4096
	Exit status: 0

ZERO_COPY_PIPELINE_EXIT {"status":0,"signal":null}