ZERO_COPY_PIPELINE_RUN_META {"startedAt":"2026-07-14T12:19:24.467Z","id":"imports-production-2.75g-final-candidate-mmap-off-r1","runConfig":{"profile":"imports-production-2.75g","worktree":"linear-parser","label":"final-candidate-mmap-off","partialInsertBatches":false,"directTextBuffers":true,"eagerIndexes":false,"eagerSecondaryIndexes":true,"bufferMB":8,"mmapGiB":0,"repetition":1},"fixture":{"fixture":"imports","rows":10000,"payloadBytes":275000,"copyChunkBytes":5632,"expectedCopyBytes":2750000000,"docker":{"cpus":2,"memory":"6g","nodeHeapMB":4608}},"constraints":{"cpus":2,"memory":"6g","nodeHeapMB":4608},"image":"zero-copy-pipeline-linear-parser:local"}

[1m[30m[46m RUN [49m[39m[22m [36mv4.1.6 [39m[90m/workspace/packages/zero-cache[39m

ZERO_COPY_PIPELINE_PROGRESS creating fixture { fixture: 'imports', rows: 10000, payloadBytes: 275000 }
ZERO_COPY_PIPELINE_PROGRESS fixture ready {
  rows: 10000,
  tableBytes: 42442752,
  indexBytes: 1671168,
  totalBytes: 44113920
}
ZERO_COPY_PIPELINE_RESULT {"kind":"initial-sync","profile":"imports-production-2.75g","runLabel":"imports-production-2.75g-final-candidate-mmap-off-r1","fixture":"imports","rows":10000,"payloadBytes":275000,"workers":5,"treatment":{"partialInsertBatches":false,"directTextBuffers":true,"eagerIndexes":false,"eagerSecondaryIndexes":true,"bufferMB":8},"sqliteTuning":{"mmapGiB":0,"mmapBytes":0,"effectiveMmapBytes":0},"source":{"rows":10000,"tableBytes":42442752,"indexBytes":1671168,"totalBytes":44113920},"rawCopy":{"bytes":2750877916,"chunks":10001,"averageChunkBytes":275060.28557144286,"ms":3997.508419,"throughputMBps":688.1481231972359},"timing":{"outerMs":4626.770168999999,"callbackMs":4580.788876999999,"wrapperMs":45.981292000000394},"phases":{"summary":{"syncMode":"initial","copyFormat":"binary","publications":["_copy_pipeline_app_35_1784031575022_608205_metadata_0","zero_copy_pipeline"],"lsn":"0/99EF058","tables":4,"rows":10001,"copyMs":4431.33771,"flushMs":1455.3419179999983,"copyBytes":2750877994,"insertStatementCount":10001,"insertStatementsByRowCount":{"1":10001},"indexes":9,"indexMs":6.513457999999446,"copyOtherMs":3106.8217510000013,"totalMs":4568.677126999999},"tableCopies":[{"level":"info","message":"Finished copying 1 rows into copy_pipeline_app_35_1784031575022_608205.permissions (flush: 0.033 ms) (total: 3.129 ms) ","data":{"schema":"copy_pipeline_app_35_1784031575022_608205","table":"permissions","replicaTable":"copy_pipeline_app_35_1784031575022_608205.permissions","syncMode":"initial","copyFormat":"binary","columnCount":3,"rows":1,"estimatedRows":0,"estimatedBytes":16384,"flushMs":0.03312499999992724,"elapsedMs":3.129457999999431,"copyBytes":36,"insertStatementCount":1,"insertStatementsByRowCount":{"1":1}}},{"level":"info","message":"Finished copying 0 rows into copy_pipeline_app_35_1784031575022_608205_0.clients (flush: 0.001 ms) (total: 3.773 ms) ","data":{"schema":"copy_pipeline_app_35_1784031575022_608205_0","table":"clients","replicaTable":"copy_pipeline_app_35_1784031575022_608205_0.clients","syncMode":"initial","copyFormat":"binary","columnCount":4,"rows":0,"estimatedRows":0,"estimatedBytes":8192,"flushMs":0.0006659999999101274,"elapsedMs":3.772916999998415,"copyBytes":21,"insertStatementCount":0,"insertStatementsByRowCount":{}}},{"level":"info","message":"Finished copying 0 rows into copy_pipeline_app_35_1784031575022_608205_0.mutations (flush: 0.001 ms) (total: 3.206 ms) ","data":{"schema":"copy_pipeline_app_35_1784031575022_608205_0","table":"mutations","replicaTable":"copy_pipeline_app_35_1784031575022_608205_0.mutations","syncMode":"initial","copyFormat":"binary","columnCount":4,"rows":0,"estimatedRows":0,"estimatedBytes":8192,"flushMs":0.0006659999999101274,"elapsedMs":3.2059169999993173,"copyBytes":21,"insertStatementCount":0,"insertStatementsByRowCount":{}}},{"level":"info","message":"Finished copying 10000 rows into userspace.imports (flush: 1455.307 ms) (total: 4426.183 ms) ","data":{"schema":"userspace","table":"imports","replicaTable":"userspace.imports","syncMode":"initial","copyFormat":"binary","columnCount":7,"rows":10000,"estimatedRows":10000,"estimatedBytes":42442752,"flushMs":1455.3074609999985,"elapsedMs":4426.183002,"copyBytes":2750877916,"insertStatementCount":10000,"insertStatementsByRowCount":{"1":10000}}}],"records":[{"level":"info","message":"Created index 1/5 (0.015 ms): CREATE  INDEX \"userspace.idx_imports_schema\" ON \"userspace.imports\" (\"schema\" ASC);"},{"level":"info","message":"Created index 2/5 (0.013 ms): CREATE  INDEX \"userspace.idx_imports_user_id\" ON \"userspace.imports\" (\"user_id\" ASC);"},{"level":"info","message":"Created index 3/5 (0.010 ms): CREATE  INDEX \"userspace.idx_imports_user_id_import_id\" ON \"userspace.imports\" (\"user_id\" ASC,\"import_id\" ASC);"},{"level":"info","message":"Created index 4/5 (0.009 ms): CREATE  INDEX \"userspace.idx_imports_user_source\" ON \"userspace.imports\" (\"user_id\" ASC,\"source\" ASC);"},{"level":"info","message":"Created index 5/5 (0.010 ms): CREATE  INDEX \"userspace.idx_imports_user_source_created_at\" ON \"userspace.imports\" (\"user_id\" ASC,\"source\" ASC,\"created_at\" DESC);"},{"level":"info","message":"Finished copying 1 rows into copy_pipeline_app_35_1784031575022_608205.permissions (flush: 0.033 ms) (total: 3.129 ms) ","data":{"schema":"copy_pipeline_app_35_1784031575022_608205","table":"permissions","replicaTable":"copy_pipeline_app_35_1784031575022_608205.permissions","syncMode":"initial","copyFormat":"binary","columnCount":3,"rows":1,"estimatedRows":0,"estimatedBytes":16384,"flushMs":0.03312499999992724,"elapsedMs":3.129457999999431,"copyBytes":36,"insertStatementCount":1,"insertStatementsByRowCount":{"1":1}}},{"level":"info","message":"Finished copying 0 rows into copy_pipeline_app_35_1784031575022_608205_0.clients (flush: 0.001 ms) (total: 3.773 ms) ","data":{"schema":"copy_pipeline_app_35_1784031575022_608205_0","table":"clients","replicaTable":"copy_pipeline_app_35_1784031575022_608205_0.clients","syncMode":"initial","copyFormat":"binary","columnCount":4,"rows":0,"estimatedRows":0,"estimatedBytes":8192,"flushMs":0.0006659999999101274,"elapsedMs":3.772916999998415,"copyBytes":21,"insertStatementCount":0,"insertStatementsByRowCount":{}}},{"level":"info","message":"Finished copying 0 rows into copy_pipeline_app_35_1784031575022_608205_0.mutations (flush: 0.001 ms) (total: 3.206 ms) ","data":{"schema":"copy_pipeline_app_35_1784031575022_608205_0","table":"mutations","replicaTable":"copy_pipeline_app_35_1784031575022_608205_0.mutations","syncMode":"initial","copyFormat":"binary","columnCount":4,"rows":0,"estimatedRows":0,"estimatedBytes":8192,"flushMs":0.0006659999999101274,"elapsedMs":3.2059169999993173,"copyBytes":21,"insertStatementCount":0,"insertStatementsByRowCount":{}}},{"level":"info","message":"Finished copying 10000 rows into userspace.imports (flush: 1455.307 ms) (total: 4426.183 ms) ","data":{"schema":"userspace","table":"imports","replicaTable":"userspace.imports","syncMode":"initial","copyFormat":"binary","columnCount":7,"rows":10000,"estimatedRows":10000,"estimatedBytes":42442752,"flushMs":1455.3074609999985,"elapsedMs":4426.183002,"copyBytes":2750877916,"insertStatementCount":10000,"insertStatementsByRowCount":{"1":10000}}},{"level":"info","message":"Created index 1/4 (0.065 ms): CREATE UNIQUE INDEX \"copy_pipeline_app_35_1784031575022_608205.permissions_pkey\" ON \"copy_pipeline_app_35_1784031575022_608205.permissions\" (\"lock\" ASC);"},{"level":"info","message":"Created index 2/4 (0.028 ms): CREATE UNIQUE INDEX \"copy_pipeline_app_35_1784031575022_608205_0.clients_pkey\" ON \"copy_pipeline_app_35_1784031575022_608205_0.clients\" (\"clientGroupID\" ASC,\"clientID\" ASC);"},{"level":"info","message":"Created index 3/4 (0.016 ms): CREATE UNIQUE INDEX \"copy_pipeline_app_35_1784031575022_608205_0.mutations_pkey\" ON \"copy_pipeline_app_35_1784031575022_608205_0.mutations\" (\"clientGroupID\" ASC,\"clientID\" ASC,\"mutationID\" ASC);"},{"level":"info","message":"Created index 4/4 (6.157 ms): CREATE UNIQUE INDEX \"userspace.imports_pkey\" ON \"userspace.imports\" (\"import_id\" ASC);"},{"level":"info","message":"Created indexes (6.513 ms)"},{"level":"info","message":"Synced 10,001 rows of 4 tables in _copy_pipeline_app_35_1784031575022_608205_metadata_0,zero_copy_pipeline up to 0/99EF058 (flush: 1455.342, index: 6.513, total: 4568.677 ms)","data":{"syncMode":"initial","copyFormat":"binary","publications":["_copy_pipeline_app_35_1784031575022_608205_metadata_0","zero_copy_pipeline"],"lsn":"0/99EF058","tables":4,"rows":10001,"copyMs":4431.33771,"flushMs":1455.3419179999983,"copyBytes":2750877994,"insertStatementCount":10001,"insertStatementsByRowCount":{"1":10001},"indexes":9,"indexMs":6.513457999999446,"copyOtherMs":3106.8217510000013,"totalMs":4568.677126999999}}]},"peakRssBytes":219906048,"resourceUsage":{"userCPUTime":5022933,"systemCPUTime":1411840,"maxRSS":45948,"sharedMemorySize":0,"unsharedDataSize":0,"unsharedStackSize":0,"minorPageFault":81011,"majorPageFault":0,"swappedOut":0,"fsRead":0,"fsWrite":5384704,"ipcSent":0,"ipcReceived":0,"signalsCount":0,"voluntaryContextSwitches":14857,"involuntaryContextSwitches":2},"sqlite":{"rows":10000,"fileBytes":2756104192,"pageCount":672877,"pageSize":4096}}
 [32m✓[39m [30m[45m zero-cache/bench-pg [49m[39m src/initial-sync-copy-pipeline.product.bench.pg.ts [2m([22m[2m1 test[22m[2m)[22m[32m 14477[2mms[22m[39m
 [2m[90m↓[39m[22m [30m[45m zero-cache/bench-pg [49m[39m src/db/initial-sync.bench.pg.ts [2m([22m[2m1 test[22m[2m | [22m[33m1 skipped[39m[2m)[22m
 [2m[90m↓[39m[22m [30m[45m zero-cache/bench-pg [49m[39m src/services/change-streamer/storer.bench.pg.ts [2m([22m[2m2 tests[22m[2m | [22m[33m2 skipped[39m[2m)[22m
 [2m[90m↓[39m[22m [30m[45m zero-cache/bench-pg [49m[39m src/services/replicator/replication-throughput.bench.pg.ts [2m([22m[2m1 test[22m[2m | [22m[33m1 skipped[39m[2m)[22m

[2m Test Files [22m [1m[32m1 passed[39m[22m[2m | [22m[33m3 skipped[39m[90m (4)[39m
[2m      Tests [22m [1m[32m1 passed[39m[22m[2m | [22m[33m4 skipped[39m[90m (5)[39m
[2m   Start at [22m 12:19:24
[2m   Duration [22m 15.79s[2m (transform 345ms, setup 0ms, import 969ms, tests 14.48s, environment 0ms)[22m

ZERO_COPY_PIPELINE_CGROUP {"memoryPeakBytes":3141742592,"memoryCurrentBytes":16220160,"memoryMax":"6442450944","memoryEvents":{"low":0,"high":0,"max":0,"oom":0,"oom_kill":0,"oom_group_kill":0},"memoryStat":{"anon":6868992,"file":12288,"kernel":7221248,"kernel_stack":147456,"pagetables":548864,"sec_pagetables":0,"percpu":38148,"sock":0,"vmalloc":8192,"shmem":0,"zswap":0,"zswapped":0,"file_mapped":0,"file_dirty":12288,"file_writeback":0,"swapcached":0,"anon_thp":0,"file_thp":0,"shmem_thp":0,"inactive_anon":0,"active_anon":6750208,"inactive_file":12288,"active_file":0,"unevictable":0,"slab_reclaimable":2631688,"slab_unreclaimable":576352,"slab":3208040,"workingset_refault_anon":0,"workingset_refault_file":0,"workingset_activate_anon":0,"workingset_activate_file":0,"workingset_restore_anon":0,"workingset_restore_file":0,"workingset_nodereclaim":0,"pgdemote_kswapd":0,"pgdemote_direct":0,"pgdemote_khugepaged":0,"pgscan":0,"pgsteal":0,"pgscan_kswapd":0,"pgscan_direct":0,"pgscan_khugepaged":0,"pgsteal_kswapd":0,"pgsteal_direct":0,"pgsteal_khugepaged":0,"pgfault":792500,"pgmajfault":0,"pgrefill":0,"pgactivate":0,"pgdeactivate":0,"pglazyfree":0,"pglazyfreed":0,"swpin_zero":0,"swpout_zero":0,"zswpin":0,"zswpout":0,"zswpwb":0,"thp_fault_alloc":54,"thp_collapse_alloc":0,"thp_swpout":0,"thp_swpout_fallback":0}}

	Command being timed: "./node_modules/.bin/vitest run --config vitest.config.bench.pg.ts -t initial sync copy pipeline investigation"
	User time (seconds): 9.71
	System time (seconds): 2.54
	Percent of CPU this job got: 76%
	Elapsed (wall clock) time (h:mm:ss or m:ss): 0:16.04
	Average shared text size (kbytes): 0
	Average unshared data size (kbytes): 0
	Average stack size (kbytes): 0
	Average total size (kbytes): 0
	Maximum resident set size (kbytes): 255556
	Average resident set size (kbytes): 0
	Major (requiring I/O) page faults: 0
	Minor (reclaiming a frame) page faults: 788609
	Voluntary context switches: 40372
	Involuntary context switches: 35
	Swaps: 0
	File system inputs: 0
	File system outputs: 5389880
	Socket messages sent: 0
	Socket messages received: 0
	Signals delivered: 0
	Page size (bytes): 4096
	Exit status: 0

ZERO_COPY_PIPELINE_EXIT {"status":0,"signal":null}