ZERO_COPY_PIPELINE_RUN_META {"startedAt":"2026-07-14T12:19:40.790Z","id":"email-high-6.83g-final-candidate-mmap-off-r2","runConfig":{"profile":"email-high-6.83g","worktree":"linear-parser","label":"final-candidate-mmap-off","partialInsertBatches":false,"directTextBuffers":true,"eagerIndexes":false,"eagerSecondaryIndexes":true,"bufferMB":8,"mmapGiB":0,"repetition":2},"fixture":{"fixture":"email","rows":10000,"payloadBytes":683000,"copyChunkBytes":31744,"expectedCopyBytes":6830000000,"docker":{"cpus":1,"memory":"3g","nodeHeapMB":2304}},"constraints":{"cpus":1,"memory":"3g","nodeHeapMB":2304},"image":"zero-copy-pipeline-linear-parser:local"}

[1m[30m[46m RUN [49m[39m[22m [36mv4.1.6 [39m[90m/workspace/packages/zero-cache[39m

ZERO_COPY_PIPELINE_PROGRESS creating fixture { fixture: 'email', rows: 10000, payloadBytes: 683000 }
ZERO_COPY_PIPELINE_PROGRESS fixture ready {
  rows: 10000,
  tableBytes: 87433216,
  indexBytes: 2007040,
  totalBytes: 89440256
}
ZERO_COPY_PIPELINE_RESULT {"kind":"initial-sync","profile":"email-high-6.83g","runLabel":"email-high-6.83g-final-candidate-mmap-off-r2","fixture":"email","rows":10000,"payloadBytes":683000,"workers":5,"treatment":{"partialInsertBatches":false,"directTextBuffers":true,"eagerIndexes":false,"eagerSecondaryIndexes":true,"bufferMB":8},"sqliteTuning":{"mmapGiB":0,"mmapBytes":0,"effectiveMmapBytes":0},"source":{"rows":10000,"tableBytes":87433216,"indexBytes":2007040,"totalBytes":89440256},"rawCopy":{"bytes":6834522537,"chunks":10001,"averageChunkBytes":683383.9153084692,"ms":6659.143295000001,"throughputMBps":1026.336607312788},"timing":{"outerMs":8290.307378,"callbackMs":8043.964919999999,"wrapperMs":246.34245800000008},"phases":{"summary":{"syncMode":"initial","copyFormat":"binary","publications":["_copy_pipeline_app_32_1784031589030_22781_metadata_0","zero_copy_pipeline"],"lsn":"0/F5DA1E8","tables":4,"rows":10001,"copyMs":7316.132003000001,"flushMs":5040.768966000002,"copyBytes":6834522615,"insertStatementCount":10001,"insertStatementsByRowCount":{"1":10001},"indexes":7,"indexMs":219.52591700000085,"copyOtherMs":2773.2899949999965,"totalMs":8033.584878},"tableCopies":[{"level":"info","message":"Finished copying 1 rows into copy_pipeline_app_32_1784031589030_22781.permissions (flush: 0.023 ms) (total: 2.852 ms) ","data":{"schema":"copy_pipeline_app_32_1784031589030_22781","table":"permissions","replicaTable":"copy_pipeline_app_32_1784031589030_22781.permissions","syncMode":"initial","copyFormat":"binary","columnCount":3,"rows":1,"estimatedRows":0,"estimatedBytes":16384,"flushMs":0.0226249999996071,"elapsedMs":2.852458999999726,"copyBytes":36,"insertStatementCount":1,"insertStatementsByRowCount":{"1":1}}},{"level":"info","message":"Finished copying 0 rows into copy_pipeline_app_32_1784031589030_22781_0.clients (flush: 0.001 ms) (total: 6.991 ms) ","data":{"schema":"copy_pipeline_app_32_1784031589030_22781_0","table":"clients","replicaTable":"copy_pipeline_app_32_1784031589030_22781_0.clients","syncMode":"initial","copyFormat":"binary","columnCount":4,"rows":0,"estimatedRows":0,"estimatedBytes":8192,"flushMs":0.0007919999998193816,"elapsedMs":6.990708000000268,"copyBytes":21,"insertStatementCount":0,"insertStatementsByRowCount":{}}},{"level":"info","message":"Finished copying 0 rows into copy_pipeline_app_32_1784031589030_22781_0.mutations (flush: 0.001 ms) (total: 6.390 ms) ","data":{"schema":"copy_pipeline_app_32_1784031589030_22781_0","table":"mutations","replicaTable":"copy_pipeline_app_32_1784031589030_22781_0.mutations","syncMode":"initial","copyFormat":"binary","columnCount":4,"rows":0,"estimatedRows":0,"estimatedBytes":8192,"flushMs":0.0005410000003394089,"elapsedMs":6.389667000000372,"copyBytes":21,"insertStatementCount":0,"insertStatementsByRowCount":{}}},{"level":"info","message":"Finished copying 10000 rows into Email (flush: 5040.745 ms) (total: 7311.290 ms) ","data":{"schema":"public","table":"Email","replicaTable":"Email","syncMode":"initial","copyFormat":"binary","columnCount":25,"rows":10000,"estimatedRows":10000,"estimatedBytes":87433216,"flushMs":5040.745008000003,"elapsedMs":7311.290293999999,"copyBytes":6834522537,"insertStatementCount":10000,"insertStatementsByRowCount":{"1":10000}}}],"records":[{"level":"info","message":"Created index 1/3 (0.017 ms): CREATE  INDEX \"Email_threadId_createdAt_id_idx\" ON \"Email\" (\"threadId\" ASC,\"createdAt\" ASC,\"id\" ASC);"},{"level":"info","message":"Created index 2/3 (0.010 ms): CREATE  INDEX \"Email_threadId_id_idx\" ON \"Email\" (\"threadId\" ASC,\"id\" ASC);"},{"level":"info","message":"Created index 3/3 (0.008 ms): CREATE  INDEX \"Email_workspaceId_id_idx\" ON \"Email\" (\"workspaceId\" ASC,\"id\" ASC);"},{"level":"info","message":"Finished copying 1 rows into copy_pipeline_app_32_1784031589030_22781.permissions (flush: 0.023 ms) (total: 2.852 ms) ","data":{"schema":"copy_pipeline_app_32_1784031589030_22781","table":"permissions","replicaTable":"copy_pipeline_app_32_1784031589030_22781.permissions","syncMode":"initial","copyFormat":"binary","columnCount":3,"rows":1,"estimatedRows":0,"estimatedBytes":16384,"flushMs":0.0226249999996071,"elapsedMs":2.852458999999726,"copyBytes":36,"insertStatementCount":1,"insertStatementsByRowCount":{"1":1}}},{"level":"info","message":"Finished copying 0 rows into copy_pipeline_app_32_1784031589030_22781_0.clients (flush: 0.001 ms) (total: 6.991 ms) ","data":{"schema":"copy_pipeline_app_32_1784031589030_22781_0","table":"clients","replicaTable":"copy_pipeline_app_32_1784031589030_22781_0.clients","syncMode":"initial","copyFormat":"binary","columnCount":4,"rows":0,"estimatedRows":0,"estimatedBytes":8192,"flushMs":0.0007919999998193816,"elapsedMs":6.990708000000268,"copyBytes":21,"insertStatementCount":0,"insertStatementsByRowCount":{}}},{"level":"info","message":"Finished copying 0 rows into copy_pipeline_app_32_1784031589030_22781_0.mutations (flush: 0.001 ms) (total: 6.390 ms) ","data":{"schema":"copy_pipeline_app_32_1784031589030_22781_0","table":"mutations","replicaTable":"copy_pipeline_app_32_1784031589030_22781_0.mutations","syncMode":"initial","copyFormat":"binary","columnCount":4,"rows":0,"estimatedRows":0,"estimatedBytes":8192,"flushMs":0.0005410000003394089,"elapsedMs":6.389667000000372,"copyBytes":21,"insertStatementCount":0,"insertStatementsByRowCount":{}}},{"level":"info","message":"Finished copying 10000 rows into Email (flush: 5040.745 ms) (total: 7311.290 ms) ","data":{"schema":"public","table":"Email","replicaTable":"Email","syncMode":"initial","copyFormat":"binary","columnCount":25,"rows":10000,"estimatedRows":10000,"estimatedBytes":87433216,"flushMs":5040.745008000003,"elapsedMs":7311.290293999999,"copyBytes":6834522537,"insertStatementCount":10000,"insertStatementsByRowCount":{"1":10000}}},{"level":"info","message":"Created index 1/4 (0.095 ms): CREATE UNIQUE INDEX \"copy_pipeline_app_32_1784031589030_22781.permissions_pkey\" ON \"copy_pipeline_app_32_1784031589030_22781.permissions\" (\"lock\" ASC);"},{"level":"info","message":"Created index 2/4 (0.059 ms): CREATE UNIQUE INDEX \"copy_pipeline_app_32_1784031589030_22781_0.clients_pkey\" ON \"copy_pipeline_app_32_1784031589030_22781_0.clients\" (\"clientGroupID\" ASC,\"clientID\" ASC);"},{"level":"info","message":"Created index 3/4 (0.029 ms): CREATE UNIQUE INDEX \"copy_pipeline_app_32_1784031589030_22781_0.mutations_pkey\" ON \"copy_pipeline_app_32_1784031589030_22781_0.mutations\" (\"clientGroupID\" ASC,\"clientID\" ASC,\"mutationID\" ASC);"},{"level":"info","message":"Created index 4/4 (219.146 ms): CREATE UNIQUE INDEX \"Email_pkey\" ON \"Email\" (\"id\" ASC);"},{"level":"info","message":"Created indexes (219.526 ms)"},{"level":"info","message":"Synced 10,001 rows of 4 tables in _copy_pipeline_app_32_1784031589030_22781_metadata_0,zero_copy_pipeline up to 0/F5DA1E8 (flush: 5040.769, index: 219.526, total: 8033.585 ms)","data":{"syncMode":"initial","copyFormat":"binary","publications":["_copy_pipeline_app_32_1784031589030_22781_metadata_0","zero_copy_pipeline"],"lsn":"0/F5DA1E8","tables":4,"rows":10001,"copyMs":7316.132003000001,"flushMs":5040.768966000002,"copyBytes":6834522615,"insertStatementCount":10001,"insertStatementsByRowCount":{"1":10001},"indexes":7,"indexMs":219.52591700000085,"copyOtherMs":2773.2899949999965,"totalMs":8033.584878}}]},"peakRssBytes":205590528,"resourceUsage":{"userCPUTime":2108133,"systemCPUTime":3465773,"maxRSS":6632,"sharedMemorySize":0,"unsharedDataSize":0,"unsharedStackSize":0,"minorPageFault":297392,"majorPageFault":0,"swappedOut":0,"fsRead":371640,"fsWrite":13374904,"ipcSent":0,"ipcReceived":0,"signalsCount":0,"voluntaryContextSwitches":14742,"involuntaryContextSwitches":2030},"sqlite":{"rows":10000,"fileBytes":6846832640,"pageCount":1671590,"pageSize":4096}}
 [32m✓[39m [30m[45m zero-cache/bench-pg [49m[39m src/initial-sync-copy-pipeline.product.bench.pg.ts [2m([22m[2m1 test[22m[2m)[22m[33m 15681[2mms[22m[39m
   [33m[2m✓[22m[39m initial sync copy pipeline investigation [33m 15679[2mms[22m[39m
 [2m[90m↓[39m[22m [30m[45m zero-cache/bench-pg [49m[39m src/db/initial-sync.bench.pg.ts [2m([22m[2m1 test[22m[2m | [22m[33m1 skipped[39m[2m)[22m
 [2m[90m↓[39m[22m [30m[45m zero-cache/bench-pg [49m[39m src/services/change-streamer/storer.bench.pg.ts [2m([22m[2m2 tests[22m[2m | [22m[33m2 skipped[39m[2m)[22m
 [2m[90m↓[39m[22m [30m[45m zero-cache/bench-pg [49m[39m src/services/replicator/replication-throughput.bench.pg.ts [2m([22m[2m1 test[22m[2m | [22m[33m1 skipped[39m[2m)[22m

[2m Test Files [22m [1m[32m1 passed[39m[22m[2m | [22m[33m3 skipped[39m[90m (4)[39m
[2m      Tests [22m [1m[32m1 passed[39m[22m[2m | [22m[33m4 skipped[39m[90m (5)[39m
[2m   Start at [22m 12:19:41
[2m   Duration [22m 17.64s[2m (transform 673ms, setup 0ms, import 1.58s, tests 15.68s, environment 0ms)[22m

ZERO_COPY_PIPELINE_CGROUP {"memoryPeakBytes":3221925888,"memoryCurrentBytes":16449536,"memoryMax":"3221225472","memoryEvents":{"low":0,"high":0,"max":5878,"oom":0,"oom_kill":0,"oom_group_kill":0},"memoryStat":{"anon":6877184,"file":12288,"kernel":7725056,"kernel_stack":147456,"pagetables":552960,"sec_pagetables":0,"percpu":37876,"sock":0,"vmalloc":8192,"shmem":0,"zswap":0,"zswapped":0,"file_mapped":0,"file_dirty":8192,"file_writeback":0,"swapcached":0,"anon_thp":0,"file_thp":0,"shmem_thp":0,"inactive_anon":0,"active_anon":6758400,"inactive_file":8192,"active_file":4096,"unevictable":0,"slab_reclaimable":2630832,"slab_unreclaimable":575632,"slab":3206464,"workingset_refault_anon":0,"workingset_refault_file":46781,"workingset_activate_anon":0,"workingset_activate_file":46781,"workingset_restore_anon":0,"workingset_restore_file":0,"workingset_nodereclaim":0,"pgdemote_kswapd":0,"pgdemote_direct":0,"pgdemote_khugepaged":0,"pgscan":1024192,"pgsteal":1024191,"pgscan_kswapd":8320,"pgscan_direct":1015872,"pgscan_khugepaged":0,"pgsteal_kswapd":8320,"pgsteal_direct":1015871,"pgsteal_khugepaged":0,"pgfault":591284,"pgmajfault":0,"pgrefill":150,"pgactivate":0,"pgdeactivate":0,"pglazyfree":0,"pglazyfreed":0,"swpin_zero":0,"swpout_zero":0,"zswpin":0,"zswpout":0,"zswpwb":0,"thp_fault_alloc":50,"thp_collapse_alloc":0,"thp_swpout":0,"thp_swpout_fallback":0}}

	Command being timed: "./node_modules/.bin/vitest run --config vitest.config.bench.pg.ts -t initial sync copy pipeline investigation"
	User time (seconds): 9.75
	System time (seconds): 4.89
	Percent of CPU this job got: 81%
	Elapsed (wall clock) time (h:mm:ss or m:ss): 0:17.89
	Average shared text size (kbytes): 0
	Average unshared data size (kbytes): 0
	Average stack size (kbytes): 0
	Average total size (kbytes): 0
	Maximum resident set size (kbytes): 237392
	Average resident set size (kbytes): 0
	Major (requiring I/O) page faults: 0
	Minor (reclaiming a frame) page faults: 587391
	Voluntary context switches: 39978
	Involuntary context switches: 2279
	Swaps: 0
	File system inputs: 374224
	File system outputs: 13380080
	Socket messages sent: 0
	Socket messages received: 0
	Signals delivered: 0
	Page size (bytes): 4096
	Exit status: 0

ZERO_COPY_PIPELINE_EXIT {"status":0,"signal":null}