ZERO_COPY_PIPELINE_RUN_META {"startedAt":"2026-07-14T12:20:15.758Z","id":"email-high-6.83g-final-candidate-mmap-off-r3","runConfig":{"profile":"email-high-6.83g","worktree":"linear-parser","label":"final-candidate-mmap-off","partialInsertBatches":false,"directTextBuffers":true,"eagerIndexes":false,"eagerSecondaryIndexes":true,"bufferMB":8,"mmapGiB":0,"repetition":3},"fixture":{"fixture":"email","rows":10000,"payloadBytes":683000,"copyChunkBytes":31744,"expectedCopyBytes":6830000000,"docker":{"cpus":1,"memory":"3g","nodeHeapMB":2304}},"constraints":{"cpus":1,"memory":"3g","nodeHeapMB":2304},"image":"zero-copy-pipeline-linear-parser:local"}

[1m[30m[46m RUN [49m[39m[22m [36mv4.1.6 [39m[90m/workspace/packages/zero-cache[39m

ZERO_COPY_PIPELINE_PROGRESS creating fixture { fixture: 'email', rows: 10000, payloadBytes: 683000 }
ZERO_COPY_PIPELINE_PROGRESS fixture ready {
  rows: 10000,
  tableBytes: 87433216,
  indexBytes: 2007040,
  totalBytes: 89440256
}
ZERO_COPY_PIPELINE_RESULT {"kind":"initial-sync","profile":"email-high-6.83g","runLabel":"email-high-6.83g-final-candidate-mmap-off-r3","fixture":"email","rows":10000,"payloadBytes":683000,"workers":5,"treatment":{"partialInsertBatches":false,"directTextBuffers":true,"eagerIndexes":false,"eagerSecondaryIndexes":true,"bufferMB":8},"sqliteTuning":{"mmapGiB":0,"mmapBytes":0,"effectiveMmapBytes":0},"source":{"rows":10000,"tableBytes":87433216,"indexBytes":2007040,"totalBytes":89440256},"rawCopy":{"bytes":6834522537,"chunks":10001,"averageChunkBytes":683383.9153084692,"ms":6016.3212109999995,"throughputMBps":1135.9969485179804},"timing":{"outerMs":11005.65813,"callbackMs":10712.39663,"wrapperMs":293.2615000000005},"phases":{"summary":{"syncMode":"initial","copyFormat":"binary","publications":["_copy_pipeline_app_32_1784031623453_111592_metadata_0","zero_copy_pipeline"],"lsn":"0/17B21EC0","tables":4,"rows":10001,"copyMs":10291.597672,"flushMs":8546.673145000015,"copyBytes":6834522615,"insertStatementCount":10001,"insertStatementsByRowCount":{"1":10001},"indexes":7,"indexMs":177.63237599999957,"copyOtherMs":1976.133025999985,"totalMs":10700.438547},"tableCopies":[{"level":"info","message":"Finished copying 1 rows into copy_pipeline_app_32_1784031623453_111592.permissions (flush: 0.070 ms) (total: 3.754 ms) ","data":{"schema":"copy_pipeline_app_32_1784031623453_111592","table":"permissions","replicaTable":"copy_pipeline_app_32_1784031623453_111592.permissions","syncMode":"initial","copyFormat":"binary","columnCount":3,"rows":1,"estimatedRows":0,"estimatedBytes":16384,"flushMs":0.0702080000000933,"elapsedMs":3.7542080000002898,"copyBytes":36,"insertStatementCount":1,"insertStatementsByRowCount":{"1":1}}},{"level":"info","message":"Finished copying 0 rows into copy_pipeline_app_32_1784031623453_111592_0.clients (flush: 0.001 ms) (total: 7.608 ms) ","data":{"schema":"copy_pipeline_app_32_1784031623453_111592_0","table":"clients","replicaTable":"copy_pipeline_app_32_1784031623453_111592_0.clients","syncMode":"initial","copyFormat":"binary","columnCount":4,"rows":0,"estimatedRows":0,"estimatedBytes":8192,"flushMs":0.0009169999993901001,"elapsedMs":7.60766700000022,"copyBytes":21,"insertStatementCount":0,"insertStatementsByRowCount":{}}},{"level":"info","message":"Finished copying 0 rows into copy_pipeline_app_32_1784031623453_111592_0.mutations (flush: 0.001 ms) (total: 6.992 ms) ","data":{"schema":"copy_pipeline_app_32_1784031623453_111592_0","table":"mutations","replicaTable":"copy_pipeline_app_32_1784031623453_111592_0.mutations","syncMode":"initial","copyFormat":"binary","columnCount":4,"rows":0,"estimatedRows":0,"estimatedBytes":8192,"flushMs":0.0006249999996725819,"elapsedMs":6.99212499999976,"copyBytes":21,"insertStatementCount":0,"insertStatementsByRowCount":{}}},{"level":"info","message":"Finished copying 10000 rows into Email (flush: 8546.601 ms) (total: 10285.625 ms) ","data":{"schema":"public","table":"Email","replicaTable":"Email","syncMode":"initial","copyFormat":"binary","columnCount":25,"rows":10000,"estimatedRows":10000,"estimatedBytes":87433216,"flushMs":8546.601395000016,"elapsedMs":10285.624630000002,"copyBytes":6834522537,"insertStatementCount":10000,"insertStatementsByRowCount":{"1":10000}}}],"records":[{"level":"info","message":"Created index 1/3 (0.021 ms): CREATE  INDEX \"Email_threadId_createdAt_id_idx\" ON \"Email\" (\"threadId\" ASC,\"createdAt\" ASC,\"id\" ASC);"},{"level":"info","message":"Created index 2/3 (0.011 ms): CREATE  INDEX \"Email_threadId_id_idx\" ON \"Email\" (\"threadId\" ASC,\"id\" ASC);"},{"level":"info","message":"Created index 3/3 (0.009 ms): CREATE  INDEX \"Email_workspaceId_id_idx\" ON \"Email\" (\"workspaceId\" ASC,\"id\" ASC);"},{"level":"info","message":"Finished copying 1 rows into copy_pipeline_app_32_1784031623453_111592.permissions (flush: 0.070 ms) (total: 3.754 ms) ","data":{"schema":"copy_pipeline_app_32_1784031623453_111592","table":"permissions","replicaTable":"copy_pipeline_app_32_1784031623453_111592.permissions","syncMode":"initial","copyFormat":"binary","columnCount":3,"rows":1,"estimatedRows":0,"estimatedBytes":16384,"flushMs":0.0702080000000933,"elapsedMs":3.7542080000002898,"copyBytes":36,"insertStatementCount":1,"insertStatementsByRowCount":{"1":1}}},{"level":"info","message":"Finished copying 0 rows into copy_pipeline_app_32_1784031623453_111592_0.clients (flush: 0.001 ms) (total: 7.608 ms) ","data":{"schema":"copy_pipeline_app_32_1784031623453_111592_0","table":"clients","replicaTable":"copy_pipeline_app_32_1784031623453_111592_0.clients","syncMode":"initial","copyFormat":"binary","columnCount":4,"rows":0,"estimatedRows":0,"estimatedBytes":8192,"flushMs":0.0009169999993901001,"elapsedMs":7.60766700000022,"copyBytes":21,"insertStatementCount":0,"insertStatementsByRowCount":{}}},{"level":"info","message":"Finished copying 0 rows into copy_pipeline_app_32_1784031623453_111592_0.mutations (flush: 0.001 ms) (total: 6.992 ms) ","data":{"schema":"copy_pipeline_app_32_1784031623453_111592_0","table":"mutations","replicaTable":"copy_pipeline_app_32_1784031623453_111592_0.mutations","syncMode":"initial","copyFormat":"binary","columnCount":4,"rows":0,"estimatedRows":0,"estimatedBytes":8192,"flushMs":0.0006249999996725819,"elapsedMs":6.99212499999976,"copyBytes":21,"insertStatementCount":0,"insertStatementsByRowCount":{}}},{"level":"info","message":"Finished copying 10000 rows into Email (flush: 8546.601 ms) (total: 10285.625 ms) ","data":{"schema":"public","table":"Email","replicaTable":"Email","syncMode":"initial","copyFormat":"binary","columnCount":25,"rows":10000,"estimatedRows":10000,"estimatedBytes":87433216,"flushMs":8546.601395000016,"elapsedMs":10285.624630000002,"copyBytes":6834522537,"insertStatementCount":10000,"insertStatementsByRowCount":{"1":10000}}},{"level":"info","message":"Created index 1/4 (0.291 ms): CREATE UNIQUE INDEX \"copy_pipeline_app_32_1784031623453_111592.permissions_pkey\" ON \"copy_pipeline_app_32_1784031623453_111592.permissions\" (\"lock\" ASC);"},{"level":"info","message":"Created index 2/4 (0.068 ms): CREATE UNIQUE INDEX \"copy_pipeline_app_32_1784031623453_111592_0.clients_pkey\" ON \"copy_pipeline_app_32_1784031623453_111592_0.clients\" (\"clientGroupID\" ASC,\"clientID\" ASC);"},{"level":"info","message":"Created index 3/4 (0.025 ms): CREATE UNIQUE INDEX \"copy_pipeline_app_32_1784031623453_111592_0.mutations_pkey\" ON \"copy_pipeline_app_32_1784031623453_111592_0.mutations\" (\"clientGroupID\" ASC,\"clientID\" ASC,\"mutationID\" ASC);"},{"level":"info","message":"Created index 4/4 (177.012 ms): CREATE UNIQUE INDEX \"Email_pkey\" ON \"Email\" (\"id\" ASC);"},{"level":"info","message":"Created indexes (177.632 ms)"},{"level":"info","message":"Synced 10,001 rows of 4 tables in _copy_pipeline_app_32_1784031623453_111592_metadata_0,zero_copy_pipeline up to 0/17B21EC0 (flush: 8546.673, index: 177.632, total: 10700.439 ms)","data":{"syncMode":"initial","copyFormat":"binary","publications":["_copy_pipeline_app_32_1784031623453_111592_metadata_0","zero_copy_pipeline"],"lsn":"0/17B21EC0","tables":4,"rows":10001,"copyMs":10291.597672,"flushMs":8546.673145000015,"copyBytes":6834522615,"insertStatementCount":10001,"insertStatementsByRowCount":{"1":10001},"indexes":7,"indexMs":177.63237599999957,"copyOtherMs":1976.133025999985,"totalMs":10700.438547}}]},"peakRssBytes":218214400,"resourceUsage":{"userCPUTime":2317318,"systemCPUTime":3714038,"maxRSS":15660,"sharedMemorySize":0,"unsharedDataSize":0,"unsharedStackSize":0,"minorPageFault":5435,"majorPageFault":0,"swappedOut":0,"fsRead":380544,"fsWrite":13384896,"ipcSent":0,"ipcReceived":0,"signalsCount":0,"voluntaryContextSwitches":17405,"involuntaryContextSwitches":1904},"sqlite":{"rows":10000,"fileBytes":6846832640,"pageCount":1671590,"pageSize":4096}}
 [32m✓[39m [30m[45m zero-cache/bench-pg [49m[39m src/initial-sync-copy-pipeline.product.bench.pg.ts [2m([22m[2m1 test[22m[2m)[22m[33m 17743[2mms[22m[39m
   [33m[2m✓[22m[39m initial sync copy pipeline investigation [33m 17741[2mms[22m[39m
 [2m[90m↓[39m[22m [30m[45m zero-cache/bench-pg [49m[39m src/db/initial-sync.bench.pg.ts [2m([22m[2m1 test[22m[2m | [22m[33m1 skipped[39m[2m)[22m
 [2m[90m↓[39m[22m [30m[45m zero-cache/bench-pg [49m[39m src/services/change-streamer/storer.bench.pg.ts [2m([22m[2m2 tests[22m[2m | [22m[33m2 skipped[39m[2m)[22m
 [2m[90m↓[39m[22m [30m[45m zero-cache/bench-pg [49m[39m src/services/replicator/replication-throughput.bench.pg.ts [2m([22m[2m1 test[22m[2m | [22m[33m1 skipped[39m[2m)[22m

[2m Test Files [22m [1m[32m1 passed[39m[22m[2m | [22m[33m3 skipped[39m[90m (4)[39m
[2m      Tests [22m [1m[32m1 passed[39m[22m[2m | [22m[33m4 skipped[39m[90m (5)[39m
[2m   Start at [22m 12:20:16
[2m   Duration [22m 19.76s[2m (transform 541ms, setup 0ms, import 1.59s, tests 17.74s, environment 0ms)[22m

ZERO_COPY_PIPELINE_CGROUP {"memoryPeakBytes":3223126016,"memoryCurrentBytes":14131200,"memoryMax":"3221225472","memoryEvents":{"low":0,"high":0,"max":13256,"oom":0,"oom_kill":0,"oom_group_kill":0},"memoryStat":{"anon":6868992,"file":4096,"kernel":5750784,"kernel_stack":147456,"pagetables":552960,"sec_pagetables":0,"percpu":37876,"sock":0,"vmalloc":8192,"shmem":0,"zswap":0,"zswapped":0,"file_mapped":0,"file_dirty":4096,"file_writeback":0,"swapcached":0,"anon_thp":0,"file_thp":0,"shmem_thp":0,"inactive_anon":0,"active_anon":6750208,"inactive_file":4096,"active_file":0,"unevictable":0,"slab_reclaimable":2664000,"slab_unreclaimable":527096,"slab":3191096,"workingset_refault_anon":0,"workingset_refault_file":47894,"workingset_activate_anon":0,"workingset_activate_file":47894,"workingset_restore_anon":0,"workingset_restore_file":0,"workingset_nodereclaim":0,"pgdemote_kswapd":0,"pgdemote_direct":0,"pgdemote_khugepaged":0,"pgscan":1029952,"pgsteal":1029952,"pgscan_kswapd":12928,"pgscan_direct":1017024,"pgscan_khugepaged":0,"pgsteal_kswapd":12928,"pgsteal_direct":1017024,"pgsteal_khugepaged":0,"pgfault":198523,"pgmajfault":0,"pgrefill":153,"pgactivate":0,"pgdeactivate":0,"pglazyfree":0,"pglazyfreed":0,"swpin_zero":0,"swpout_zero":0,"zswpin":0,"zswpout":0,"zswpwb":0,"thp_fault_alloc":52,"thp_collapse_alloc":0,"thp_swpout":0,"thp_swpout_fallback":0}}

	Command being timed: "./node_modules/.bin/vitest run --config vitest.config.bench.pg.ts -t initial sync copy pipeline investigation"
	User time (seconds): 9.55
	System time (seconds): 5.06
	Percent of CPU this job got: 72%
	Elapsed (wall clock) time (h:mm:ss or m:ss): 0:20.03
	Average shared text size (kbytes): 0
	Average unshared data size (kbytes): 0
	Average stack size (kbytes): 0
	Average total size (kbytes): 0
	Maximum resident set size (kbytes): 246984
	Average resident set size (kbytes): 0
	Major (requiring I/O) page faults: 0
	Minor (reclaiming a frame) page faults: 194531
	Voluntary context switches: 42984
	Involuntary context switches: 2157
	Swaps: 0
	File system inputs: 383128
	File system outputs: 13390072
	Socket messages sent: 0
	Socket messages received: 0
	Signals delivered: 0
	Page size (bytes): 4096
	Exit status: 0

ZERO_COPY_PIPELINE_EXIT {"status":0,"signal":null}