ZERO_COPY_PIPELINE_RUN_META {"startedAt":"2026-07-14T12:20:36.168Z","id":"imports-production-2.75g-final-candidate-mmap-off-r3","runConfig":{"profile":"imports-production-2.75g","worktree":"linear-parser","label":"final-candidate-mmap-off","partialInsertBatches":false,"directTextBuffers":true,"eagerIndexes":false,"eagerSecondaryIndexes":true,"bufferMB":8,"mmapGiB":0,"repetition":3},"fixture":{"fixture":"imports","rows":10000,"payloadBytes":275000,"copyChunkBytes":5632,"expectedCopyBytes":2750000000,"docker":{"cpus":2,"memory":"6g","nodeHeapMB":4608}},"constraints":{"cpus":2,"memory":"6g","nodeHeapMB":4608},"image":"zero-copy-pipeline-linear-parser:local"}

[1m[30m[46m RUN [49m[39m[22m [36mv4.1.6 [39m[90m/workspace/packages/zero-cache[39m

ZERO_COPY_PIPELINE_PROGRESS creating fixture { fixture: 'imports', rows: 10000, payloadBytes: 275000 }
ZERO_COPY_PIPELINE_PROGRESS fixture ready {
  rows: 10000,
  tableBytes: 42442752,
  indexBytes: 1671168,
  totalBytes: 44113920
}
ZERO_COPY_PIPELINE_RESULT {"kind":"initial-sync","profile":"imports-production-2.75g","runLabel":"imports-production-2.75g-final-candidate-mmap-off-r3","fixture":"imports","rows":10000,"payloadBytes":275000,"workers":5,"treatment":{"partialInsertBatches":false,"directTextBuffers":true,"eagerIndexes":false,"eagerSecondaryIndexes":true,"bufferMB":8},"sqliteTuning":{"mmapGiB":0,"mmapBytes":0,"effectiveMmapBytes":0},"source":{"rows":10000,"tableBytes":42442752,"indexBytes":1671168,"totalBytes":44113920},"rawCopy":{"bytes":2750877916,"chunks":10001,"averageChunkBytes":275060.28557144286,"ms":4043.0932110000003,"throughputMBps":680.389437600824},"timing":{"outerMs":4709.41221,"callbackMs":4663.690752,"wrapperMs":45.721457999999984},"phases":{"summary":{"syncMode":"initial","copyFormat":"binary","publications":["_copy_pipeline_app_35_1784031646957_194973_metadata_0","zero_copy_pipeline"],"lsn":"0/1A43A940","tables":4,"rows":10001,"copyMs":4437.792252000001,"flushMs":1551.8770000000077,"copyBytes":2750877994,"insertStatementCount":10001,"insertStatementsByRowCount":{"1":10001},"indexes":9,"indexMs":5.201291999999739,"copyOtherMs":3094.841834999992,"totalMs":4651.920126999999},"tableCopies":[{"level":"info","message":"Finished copying 1 rows into copy_pipeline_app_35_1784031646957_194973.permissions (flush: 0.041 ms) (total: 3.721 ms) ","data":{"schema":"copy_pipeline_app_35_1784031646957_194973","table":"permissions","replicaTable":"copy_pipeline_app_35_1784031646957_194973.permissions","syncMode":"initial","copyFormat":"binary","columnCount":3,"rows":1,"estimatedRows":0,"estimatedBytes":16384,"flushMs":0.04116699999940465,"elapsedMs":3.720832999999402,"copyBytes":36,"insertStatementCount":1,"insertStatementsByRowCount":{"1":1}}},{"level":"info","message":"Finished copying 0 rows into copy_pipeline_app_35_1784031646957_194973_0.clients (flush: 0.001 ms) (total: 4.031 ms) ","data":{"schema":"copy_pipeline_app_35_1784031646957_194973_0","table":"clients","replicaTable":"copy_pipeline_app_35_1784031646957_194973_0.clients","syncMode":"initial","copyFormat":"binary","columnCount":4,"rows":0,"estimatedRows":0,"estimatedBytes":8192,"flushMs":0.0005840000012540258,"elapsedMs":4.031458999999813,"copyBytes":21,"insertStatementCount":0,"insertStatementsByRowCount":{}}},{"level":"info","message":"Finished copying 0 rows into copy_pipeline_app_35_1784031646957_194973_0.mutations (flush: 0.000 ms) (total: 3.256 ms) ","data":{"schema":"copy_pipeline_app_35_1784031646957_194973_0","table":"mutations","replicaTable":"copy_pipeline_app_35_1784031646957_194973_0.mutations","syncMode":"initial","copyFormat":"binary","columnCount":4,"rows":0,"estimatedRows":0,"estimatedBytes":8192,"flushMs":0.00045900000077381264,"elapsedMs":3.2556249999997817,"copyBytes":21,"insertStatementCount":0,"insertStatementsByRowCount":{}}},{"level":"info","message":"Finished copying 10000 rows into userspace.imports (flush: 1551.835 ms) (total: 4431.947 ms) ","data":{"schema":"userspace","table":"imports","replicaTable":"userspace.imports","syncMode":"initial","copyFormat":"binary","columnCount":7,"rows":10000,"estimatedRows":10000,"estimatedBytes":42442752,"flushMs":1551.8347900000063,"elapsedMs":4431.947418,"copyBytes":2750877916,"insertStatementCount":10000,"insertStatementsByRowCount":{"1":10000}}}],"records":[{"level":"info","message":"Created index 1/5 (0.016 ms): CREATE  INDEX \"userspace.idx_imports_schema\" ON \"userspace.imports\" (\"schema\" ASC);"},{"level":"info","message":"Created index 2/5 (0.016 ms): CREATE  INDEX \"userspace.idx_imports_user_id\" ON \"userspace.imports\" (\"user_id\" ASC);"},{"level":"info","message":"Created index 3/5 (0.010 ms): CREATE  INDEX \"userspace.idx_imports_user_id_import_id\" ON \"userspace.imports\" (\"user_id\" ASC,\"import_id\" ASC);"},{"level":"info","message":"Created index 4/5 (0.009 ms): CREATE  INDEX \"userspace.idx_imports_user_source\" ON \"userspace.imports\" (\"user_id\" ASC,\"source\" ASC);"},{"level":"info","message":"Created index 5/5 (0.011 ms): CREATE  INDEX \"userspace.idx_imports_user_source_created_at\" ON \"userspace.imports\" (\"user_id\" ASC,\"source\" ASC,\"created_at\" DESC);"},{"level":"info","message":"Finished copying 1 rows into copy_pipeline_app_35_1784031646957_194973.permissions (flush: 0.041 ms) (total: 3.721 ms) ","data":{"schema":"copy_pipeline_app_35_1784031646957_194973","table":"permissions","replicaTable":"copy_pipeline_app_35_1784031646957_194973.permissions","syncMode":"initial","copyFormat":"binary","columnCount":3,"rows":1,"estimatedRows":0,"estimatedBytes":16384,"flushMs":0.04116699999940465,"elapsedMs":3.720832999999402,"copyBytes":36,"insertStatementCount":1,"insertStatementsByRowCount":{"1":1}}},{"level":"info","message":"Finished copying 0 rows into copy_pipeline_app_35_1784031646957_194973_0.clients (flush: 0.001 ms) (total: 4.031 ms) ","data":{"schema":"copy_pipeline_app_35_1784031646957_194973_0","table":"clients","replicaTable":"copy_pipeline_app_35_1784031646957_194973_0.clients","syncMode":"initial","copyFormat":"binary","columnCount":4,"rows":0,"estimatedRows":0,"estimatedBytes":8192,"flushMs":0.0005840000012540258,"elapsedMs":4.031458999999813,"copyBytes":21,"insertStatementCount":0,"insertStatementsByRowCount":{}}},{"level":"info","message":"Finished copying 0 rows into copy_pipeline_app_35_1784031646957_194973_0.mutations (flush: 0.000 ms) (total: 3.256 ms) ","data":{"schema":"copy_pipeline_app_35_1784031646957_194973_0","table":"mutations","replicaTable":"copy_pipeline_app_35_1784031646957_194973_0.mutations","syncMode":"initial","copyFormat":"binary","columnCount":4,"rows":0,"estimatedRows":0,"estimatedBytes":8192,"flushMs":0.00045900000077381264,"elapsedMs":3.2556249999997817,"copyBytes":21,"insertStatementCount":0,"insertStatementsByRowCount":{}}},{"level":"info","message":"Finished copying 10000 rows into userspace.imports (flush: 1551.835 ms) (total: 4431.947 ms) ","data":{"schema":"userspace","table":"imports","replicaTable":"userspace.imports","syncMode":"initial","copyFormat":"binary","columnCount":7,"rows":10000,"estimatedRows":10000,"estimatedBytes":42442752,"flushMs":1551.8347900000063,"elapsedMs":4431.947418,"copyBytes":2750877916,"insertStatementCount":10000,"insertStatementsByRowCount":{"1":10000}}},{"level":"info","message":"Created index 1/4 (0.048 ms): CREATE UNIQUE INDEX \"copy_pipeline_app_35_1784031646957_194973.permissions_pkey\" ON \"copy_pipeline_app_35_1784031646957_194973.permissions\" (\"lock\" ASC);"},{"level":"info","message":"Created index 2/4 (0.025 ms): CREATE UNIQUE INDEX \"copy_pipeline_app_35_1784031646957_194973_0.clients_pkey\" ON \"copy_pipeline_app_35_1784031646957_194973_0.clients\" (\"clientGroupID\" ASC,\"clientID\" ASC);"},{"level":"info","message":"Created index 3/4 (0.022 ms): CREATE UNIQUE INDEX \"copy_pipeline_app_35_1784031646957_194973_0.mutations_pkey\" ON \"copy_pipeline_app_35_1784031646957_194973_0.mutations\" (\"clientGroupID\" ASC,\"clientID\" ASC,\"mutationID\" ASC);"},{"level":"info","message":"Created index 4/4 (4.880 ms): CREATE UNIQUE INDEX \"userspace.imports_pkey\" ON \"userspace.imports\" (\"import_id\" ASC);"},{"level":"info","message":"Created indexes (5.201 ms)"},{"level":"info","message":"Synced 10,001 rows of 4 tables in _copy_pipeline_app_35_1784031646957_194973_metadata_0,zero_copy_pipeline up to 0/1A43A940 (flush: 1551.877, index: 5.201, total: 4651.920 ms)","data":{"syncMode":"initial","copyFormat":"binary","publications":["_copy_pipeline_app_35_1784031646957_194973_metadata_0","zero_copy_pipeline"],"lsn":"0/1A43A940","tables":4,"rows":10001,"copyMs":4437.792252000001,"flushMs":1551.8770000000077,"copyBytes":2750877994,"insertStatementCount":10001,"insertStatementsByRowCount":{"1":10001},"indexes":9,"indexMs":5.201291999999739,"copyOtherMs":3094.841834999992,"totalMs":4651.920126999999}}]},"peakRssBytes":214401024,"resourceUsage":{"userCPUTime":5125280,"systemCPUTime":1496282,"maxRSS":44748,"sharedMemorySize":0,"unsharedDataSize":0,"unsharedStackSize":0,"minorPageFault":85881,"majorPageFault":0,"swappedOut":0,"fsRead":0,"fsWrite":5384720,"ipcSent":0,"ipcReceived":0,"signalsCount":0,"voluntaryContextSwitches":14680,"involuntaryContextSwitches":7},"sqlite":{"rows":10000,"fileBytes":2756104192,"pageCount":672877,"pageSize":4096}}
 [32m✓[39m [30m[45m zero-cache/bench-pg [49m[39m src/initial-sync-copy-pipeline.product.bench.pg.ts [2m([22m[2m1 test[22m[2m)[22m[32m 14765[2mms[22m[39m
 [2m[90m↓[39m[22m [30m[45m zero-cache/bench-pg [49m[39m src/db/initial-sync.bench.pg.ts [2m([22m[2m1 test[22m[2m | [22m[33m1 skipped[39m[2m)[22m
 [2m[90m↓[39m[22m [30m[45m zero-cache/bench-pg [49m[39m src/services/change-streamer/storer.bench.pg.ts [2m([22m[2m2 tests[22m[2m | [22m[33m2 skipped[39m[2m)[22m
 [2m[90m↓[39m[22m [30m[45m zero-cache/bench-pg [49m[39m src/services/replicator/replication-throughput.bench.pg.ts [2m([22m[2m1 test[22m[2m | [22m[33m1 skipped[39m[2m)[22m

[2m Test Files [22m [1m[32m1 passed[39m[22m[2m | [22m[33m3 skipped[39m[90m (4)[39m
[2m      Tests [22m [1m[32m1 passed[39m[22m[2m | [22m[33m4 skipped[39m[90m (5)[39m
[2m   Start at [22m 12:20:36
[2m   Duration [22m 16.15s[2m (transform 383ms, setup 0ms, import 1.04s, tests 14.76s, environment 0ms)[22m

ZERO_COPY_PIPELINE_CGROUP {"memoryPeakBytes":3144171520,"memoryCurrentBytes":16482304,"memoryMax":"6442450944","memoryEvents":{"low":0,"high":0,"max":0,"oom":0,"oom_kill":0,"oom_group_kill":0},"memoryStat":{"anon":6868992,"file":4096,"kernel":7696384,"kernel_stack":147456,"pagetables":544768,"sec_pagetables":0,"percpu":37876,"sock":0,"vmalloc":8192,"shmem":0,"zswap":0,"zswapped":0,"file_mapped":0,"file_dirty":4096,"file_writeback":0,"swapcached":0,"anon_thp":0,"file_thp":0,"shmem_thp":0,"inactive_anon":0,"active_anon":6750208,"inactive_file":4096,"active_file":0,"unevictable":0,"slab_reclaimable":2639256,"slab_unreclaimable":557104,"slab":3196360,"workingset_refault_anon":0,"workingset_refault_file":0,"workingset_activate_anon":0,"workingset_activate_file":0,"workingset_restore_anon":0,"workingset_restore_file":0,"workingset_nodereclaim":0,"pgdemote_kswapd":0,"pgdemote_direct":0,"pgdemote_khugepaged":0,"pgscan":0,"pgsteal":0,"pgscan_kswapd":0,"pgscan_direct":0,"pgscan_khugepaged":0,"pgsteal_kswapd":0,"pgsteal_direct":0,"pgsteal_khugepaged":0,"pgfault":303814,"pgmajfault":0,"pgrefill":0,"pgactivate":0,"pgdeactivate":0,"pglazyfree":0,"pglazyfreed":0,"swpin_zero":0,"swpout_zero":0,"zswpin":0,"zswpout":0,"zswpwb":0,"thp_fault_alloc":58,"thp_collapse_alloc":0,"thp_swpout":0,"thp_swpout_fallback":0}}

	Command being timed: "./node_modules/.bin/vitest run --config vitest.config.bench.pg.ts -t initial sync copy pipeline investigation"
	User time (seconds): 9.99
	System time (seconds): 2.43
	Percent of CPU this job got: 75%
	Elapsed (wall clock) time (h:mm:ss or m:ss): 0:16.41
	Average shared text size (kbytes): 0
	Average unshared data size (kbytes): 0
	Average stack size (kbytes): 0
	Average total size (kbytes): 0
	Maximum resident set size (kbytes): 257220
	Average resident set size (kbytes): 0
	Major (requiring I/O) page faults: 0
	Minor (reclaiming a frame) page faults: 299921
	Voluntary context switches: 39871
	Involuntary context switches: 20
	Swaps: 0
	File system inputs: 0
	File system outputs: 5389896
	Socket messages sent: 0
	Socket messages received: 0
	Signals delivered: 0
	Page size (bytes): 4096
	Exit status: 0

ZERO_COPY_PIPELINE_EXIT {"status":0,"signal":null}