ZERO_COPY_PIPELINE_RUN_META {"startedAt":"2026-07-14T12:16:21.075Z","id":"imports-production-2.75g-origin-main-mmap-off-r1","runConfig":{"profile":"imports-production-2.75g","worktree":"baseline","label":"origin-main-mmap-off","partialInsertBatches":false,"directTextBuffers":false,"eagerIndexes":false,"eagerSecondaryIndexes":false,"bufferMB":8,"mmapGiB":0,"repetition":1},"fixture":{"fixture":"imports","rows":10000,"payloadBytes":275000,"copyChunkBytes":5632,"expectedCopyBytes":2750000000,"docker":{"cpus":2,"memory":"6g","nodeHeapMB":4608}},"constraints":{"cpus":2,"memory":"6g","nodeHeapMB":4608},"image":"zero-copy-pipeline-baseline:local"}

[1m[30m[46m RUN [49m[39m[22m [36mv4.1.6 [39m[90m/workspace/packages/zero-cache[39m

ZERO_COPY_PIPELINE_PROGRESS creating fixture { fixture: 'imports', rows: 10000, payloadBytes: 275000 }
ZERO_COPY_PIPELINE_PROGRESS fixture ready {
  rows: 10000,
  tableBytes: 42442752,
  indexBytes: 1671168,
  totalBytes: 44113920
}
ZERO_COPY_PIPELINE_RESULT {"kind":"initial-sync","profile":"imports-production-2.75g","runLabel":"imports-production-2.75g-origin-main-mmap-off-r1","fixture":"imports","rows":10000,"payloadBytes":275000,"workers":5,"treatment":{"partialInsertBatches":false,"directTextBuffers":false,"eagerIndexes":false,"eagerSecondaryIndexes":false,"bufferMB":8},"sqliteTuning":{"mmapGiB":0,"mmapBytes":0,"effectiveMmapBytes":0},"source":{"rows":10000,"tableBytes":42442752,"indexBytes":1671168,"totalBytes":44113920},"rawCopy":{"bytes":2750877916,"chunks":10001,"averageChunkBytes":275060.28557144286,"ms":4067.419627,"throughputMBps":676.3201656744131},"timing":{"outerMs":7798.643462000002,"callbackMs":7756.655504,"wrapperMs":41.98795800000153},"phases":{"summary":{"syncMode":"initial","copyFormat":"binary","publications":["_copy_pipeline_app_35_1784031392042_125417_metadata_0","zero_copy_pipeline"],"lsn":"0/99EF090","tables":4,"rows":10001,"copyMs":5883.560086000001,"flushMs":1721.7127440000204,"copyBytes":2750877994,"indexes":9,"indexMs":1555.3672510000033,"copyOtherMs":4469.593925999976,"totalMs":7746.673921},"tableCopies":[{"level":"info","message":"Finished copying 1 rows into copy_pipeline_app_35_1784031392042_125417.permissions (flush: 0.028 ms) (total: 4.005 ms) ","data":{"schema":"copy_pipeline_app_35_1784031392042_125417","table":"permissions","replicaTable":"copy_pipeline_app_35_1784031392042_125417.permissions","syncMode":"initial","copyFormat":"binary","columnCount":3,"rows":1,"estimatedRows":0,"estimatedBytes":16384,"flushMs":0.028084000001399545,"elapsedMs":4.0049999999992,"copyBytes":36}},{"level":"info","message":"Finished copying 0 rows into copy_pipeline_app_35_1784031392042_125417_0.clients (flush: 0.001 ms) (total: 5.093 ms) ","data":{"schema":"copy_pipeline_app_35_1784031392042_125417_0","table":"clients","replicaTable":"copy_pipeline_app_35_1784031392042_125417_0.clients","syncMode":"initial","copyFormat":"binary","columnCount":4,"rows":0,"estimatedRows":0,"estimatedBytes":8192,"flushMs":0.0007089999999152496,"elapsedMs":5.0929159999996045,"copyBytes":21}},{"level":"info","message":"Finished copying 0 rows into copy_pipeline_app_35_1784031392042_125417_0.mutations (flush: 0.001 ms) (total: 3.254 ms) ","data":{"schema":"copy_pipeline_app_35_1784031392042_125417_0","table":"mutations","replicaTable":"copy_pipeline_app_35_1784031392042_125417_0.mutations","syncMode":"initial","copyFormat":"binary","columnCount":4,"rows":0,"estimatedRows":0,"estimatedBytes":8192,"flushMs":0.0005829999990965007,"elapsedMs":3.25433300000077,"copyBytes":21}},{"level":"info","message":"Finished copying 10000 rows into userspace.imports (flush: 1721.683 ms) (total: 5878.394 ms) ","data":{"schema":"userspace","table":"imports","replicaTable":"userspace.imports","syncMode":"initial","copyFormat":"binary","columnCount":7,"rows":10000,"estimatedRows":10000,"estimatedBytes":42442752,"flushMs":1721.68336800002,"elapsedMs":5878.394252999999,"copyBytes":2750877916}}],"records":[{"level":"info","message":"Finished copying 1 rows into copy_pipeline_app_35_1784031392042_125417.permissions (flush: 0.028 ms) (total: 4.005 ms) ","data":{"schema":"copy_pipeline_app_35_1784031392042_125417","table":"permissions","replicaTable":"copy_pipeline_app_35_1784031392042_125417.permissions","syncMode":"initial","copyFormat":"binary","columnCount":3,"rows":1,"estimatedRows":0,"estimatedBytes":16384,"flushMs":0.028084000001399545,"elapsedMs":4.0049999999992,"copyBytes":36}},{"level":"info","message":"Finished copying 0 rows into copy_pipeline_app_35_1784031392042_125417_0.clients (flush: 0.001 ms) (total: 5.093 ms) ","data":{"schema":"copy_pipeline_app_35_1784031392042_125417_0","table":"clients","replicaTable":"copy_pipeline_app_35_1784031392042_125417_0.clients","syncMode":"initial","copyFormat":"binary","columnCount":4,"rows":0,"estimatedRows":0,"estimatedBytes":8192,"flushMs":0.0007089999999152496,"elapsedMs":5.0929159999996045,"copyBytes":21}},{"level":"info","message":"Finished copying 0 rows into copy_pipeline_app_35_1784031392042_125417_0.mutations (flush: 0.001 ms) (total: 3.254 ms) ","data":{"schema":"copy_pipeline_app_35_1784031392042_125417_0","table":"mutations","replicaTable":"copy_pipeline_app_35_1784031392042_125417_0.mutations","syncMode":"initial","copyFormat":"binary","columnCount":4,"rows":0,"estimatedRows":0,"estimatedBytes":8192,"flushMs":0.0005829999990965007,"elapsedMs":3.25433300000077,"copyBytes":21}},{"level":"info","message":"Finished copying 10000 rows into userspace.imports (flush: 1721.683 ms) (total: 5878.394 ms) ","data":{"schema":"userspace","table":"imports","replicaTable":"userspace.imports","syncMode":"initial","copyFormat":"binary","columnCount":7,"rows":10000,"estimatedRows":10000,"estimatedBytes":42442752,"flushMs":1721.68336800002,"elapsedMs":5878.394252999999,"copyBytes":2750877916}},{"level":"info","message":"Created index 1/9 (0.055 ms): CREATE UNIQUE INDEX \"copy_pipeline_app_35_1784031392042_125417.permissions_pkey\" ON \"copy_pipeline_app_35_1784031392042_125417.permissions\" (\"lock\" ASC);"},{"level":"info","message":"Created index 2/9 (0.023 ms): CREATE UNIQUE INDEX \"copy_pipeline_app_35_1784031392042_125417_0.clients_pkey\" ON \"copy_pipeline_app_35_1784031392042_125417_0.clients\" (\"clientGroupID\" ASC,\"clientID\" ASC);"},{"level":"info","message":"Created index 3/9 (0.017 ms): CREATE UNIQUE INDEX \"copy_pipeline_app_35_1784031392042_125417_0.mutations_pkey\" ON \"copy_pipeline_app_35_1784031392042_125417_0.mutations\" (\"clientGroupID\" ASC,\"clientID\" ASC,\"mutationID\" ASC);"},{"level":"info","message":"Created index 4/9 (311.643 ms): CREATE  INDEX \"userspace.idx_imports_schema\" ON \"userspace.imports\" (\"schema\" ASC);"},{"level":"info","message":"Created index 5/9 (308.100 ms): CREATE  INDEX \"userspace.idx_imports_user_id\" ON \"userspace.imports\" (\"user_id\" ASC);"},{"level":"info","message":"Created index 6/9 (306.067 ms): CREATE  INDEX \"userspace.idx_imports_user_id_import_id\" ON \"userspace.imports\" (\"user_id\" ASC,\"import_id\" ASC);"},{"level":"info","message":"Created index 7/9 (305.655 ms): CREATE  INDEX \"userspace.idx_imports_user_source\" ON \"userspace.imports\" (\"user_id\" ASC,\"source\" ASC);"},{"level":"info","message":"Created index 8/9 (319.519 ms): CREATE  INDEX \"userspace.idx_imports_user_source_created_at\" ON \"userspace.imports\" (\"user_id\" ASC,\"source\" ASC,\"created_at\" DESC);"},{"level":"info","message":"Created index 9/9 (4.009 ms): CREATE UNIQUE INDEX \"userspace.imports_pkey\" ON \"userspace.imports\" (\"import_id\" ASC);"},{"level":"info","message":"Created indexes (1555.367 ms)"},{"level":"info","message":"Synced 10,001 rows of 4 tables in _copy_pipeline_app_35_1784031392042_125417_metadata_0,zero_copy_pipeline up to 0/99EF090 (flush: 1721.713, index: 1555.367, total: 7746.674 ms)","data":{"syncMode":"initial","copyFormat":"binary","publications":["_copy_pipeline_app_35_1784031392042_125417_metadata_0","zero_copy_pipeline"],"lsn":"0/99EF090","tables":4,"rows":10001,"copyMs":5883.560086000001,"flushMs":1721.7127440000204,"copyBytes":2750877994,"indexes":9,"indexMs":1555.3672510000033,"copyOtherMs":4469.593925999976,"totalMs":7746.673921}}]},"peakRssBytes":395624448,"resourceUsage":{"userCPUTime":4892123,"systemCPUTime":3328114,"maxRSS":239480,"sharedMemorySize":0,"unsharedDataSize":0,"unsharedStackSize":0,"minorPageFault":820827,"majorPageFault":0,"swappedOut":0,"fsRead":0,"fsWrite":5382880,"ipcSent":0,"ipcReceived":0,"signalsCount":0,"voluntaryContextSwitches":42516,"involuntaryContextSwitches":48},"sqlite":{"rows":10000,"fileBytes":2756018176,"pageCount":672856,"pageSize":4096}}
 [32m✓[39m [30m[45m zero-cache/bench-pg [49m[39m src/initial-sync-copy-pipeline.product.bench.pg.ts [2m([22m[2m1 test[22m[2m)[22m[33m 17925[2mms[22m[39m
   [33m[2m✓[22m[39m initial sync copy pipeline investigation [33m 17924[2mms[22m[39m
 [2m[90m↓[39m[22m [30m[45m zero-cache/bench-pg [49m[39m src/db/initial-sync.bench.pg.ts [2m([22m[2m1 test[22m[2m | [22m[33m1 skipped[39m[2m)[22m
 [2m[90m↓[39m[22m [30m[45m zero-cache/bench-pg [49m[39m src/services/change-streamer/storer.bench.pg.ts [2m([22m[2m2 tests[22m[2m | [22m[33m2 skipped[39m[2m)[22m
 [2m[90m↓[39m[22m [30m[45m zero-cache/bench-pg [49m[39m src/services/replicator/replication-throughput.bench.pg.ts [2m([22m[2m1 test[22m[2m | [22m[33m1 skipped[39m[2m)[22m

[2m Test Files [22m [1m[32m1 passed[39m[22m[2m | [22m[33m3 skipped[39m[90m (4)[39m
[2m      Tests [22m [1m[32m1 passed[39m[22m[2m | [22m[33m4 skipped[39m[90m (5)[39m
[2m   Start at [22m 12:16:21
[2m   Duration [22m 19.32s[2m (transform 406ms, setup 0ms, import 1.04s, tests 17.93s, environment 0ms)[22m

ZERO_COPY_PIPELINE_CGROUP {"memoryPeakBytes":3245318144,"memoryCurrentBytes":21180416,"memoryMax":"6442450944","memoryEvents":{"low":0,"high":0,"max":0,"oom":0,"oom_kill":0,"oom_group_kill":0},"memoryStat":{"anon":6868992,"file":5218304,"kernel":7667712,"kernel_stack":147456,"pagetables":544768,"sec_pagetables":0,"percpu":37876,"sock":0,"vmalloc":8192,"shmem":0,"zswap":0,"zswapped":0,"file_mapped":0,"file_dirty":28672,"file_writeback":0,"swapcached":0,"anon_thp":0,"file_thp":0,"shmem_thp":0,"inactive_anon":0,"active_anon":6750208,"inactive_file":4333568,"active_file":884736,"unevictable":0,"slab_reclaimable":2637960,"slab_unreclaimable":584888,"slab":3222848,"workingset_refault_anon":0,"workingset_refault_file":0,"workingset_activate_anon":0,"workingset_activate_file":0,"workingset_restore_anon":0,"workingset_restore_file":0,"workingset_nodereclaim":0,"pgdemote_kswapd":0,"pgdemote_direct":0,"pgdemote_khugepaged":0,"pgscan":0,"pgsteal":0,"pgscan_kswapd":0,"pgscan_direct":0,"pgscan_khugepaged":0,"pgsteal_kswapd":0,"pgsteal_direct":0,"pgsteal_khugepaged":0,"pgfault":1300323,"pgmajfault":3,"pgrefill":0,"pgactivate":0,"pgdeactivate":0,"pglazyfree":0,"pglazyfreed":0,"swpin_zero":0,"swpout_zero":0,"zswpin":0,"zswpout":0,"zswpwb":0,"thp_fault_alloc":54,"thp_collapse_alloc":0,"thp_swpout":0,"thp_swpout_fallback":0}}

	Command being timed: "./node_modules/.bin/vitest run --config vitest.config.bench.pg.ts -t initial sync copy pipeline investigation"
	User time (seconds): 9.67
	System time (seconds): 4.45
	Percent of CPU this job got: 72%
	Elapsed (wall clock) time (h:mm:ss or m:ss): 0:19.60
	Average shared text size (kbytes): 0
	Average unshared data size (kbytes): 0
	Average stack size (kbytes): 0
	Average total size (kbytes): 0
	Maximum resident set size (kbytes): 396276
	Average resident set size (kbytes): 0
	Major (requiring I/O) page faults: 3
	Minor (reclaiming a frame) page faults: 1296430
	Voluntary context switches: 68114
	Involuntary context switches: 65
	Swaps: 0
	File system inputs: 10112
	File system outputs: 5388000
	Socket messages sent: 0
	Socket messages received: 0
	Signals delivered: 0
	Page size (bytes): 4096
	Exit status: 0

ZERO_COPY_PIPELINE_EXIT {"status":0,"signal":null}