ZERO_COPY_PIPELINE_RUN_META {"startedAt":"2026-07-14T12:16:40.973Z","id":"email-high-6.83g-origin-main-mmap-off-r2","runConfig":{"profile":"email-high-6.83g","worktree":"baseline","label":"origin-main-mmap-off","partialInsertBatches":false,"directTextBuffers":false,"eagerIndexes":false,"eagerSecondaryIndexes":false,"bufferMB":8,"mmapGiB":0,"repetition":2},"fixture":{"fixture":"email","rows":10000,"payloadBytes":683000,"copyChunkBytes":31744,"expectedCopyBytes":6830000000,"docker":{"cpus":1,"memory":"3g","nodeHeapMB":2304}},"constraints":{"cpus":1,"memory":"3g","nodeHeapMB":2304},"image":"zero-copy-pipeline-baseline:local"}

[1m[30m[46m RUN [49m[39m[22m [36mv4.1.6 [39m[90m/workspace/packages/zero-cache[39m

ZERO_COPY_PIPELINE_PROGRESS creating fixture { fixture: 'email', rows: 10000, payloadBytes: 683000 }
ZERO_COPY_PIPELINE_PROGRESS fixture ready {
  rows: 10000,
  tableBytes: 87433216,
  indexBytes: 2007040,
  totalBytes: 89440256
}
ZERO_COPY_PIPELINE_RESULT {"kind":"initial-sync","profile":"email-high-6.83g","runLabel":"email-high-6.83g-origin-main-mmap-off-r2","fixture":"email","rows":10000,"payloadBytes":683000,"workers":5,"treatment":{"partialInsertBatches":false,"directTextBuffers":false,"eagerIndexes":false,"eagerSecondaryIndexes":false,"bufferMB":8},"sqliteTuning":{"mmapGiB":0,"mmapBytes":0,"effectiveMmapBytes":0},"source":{"rows":10000,"tableBytes":87433216,"indexBytes":2007040,"totalBytes":89440256},"rawCopy":{"bytes":6834522537,"chunks":10001,"averageChunkBytes":683383.9153084692,"ms":4808.432669,"throughputMBps":1421.3618048688122},"timing":{"outerMs":24314.246552999997,"callbackMs":23981.285344,"wrapperMs":332.9612089999973},"phases":{"summary":{"syncMode":"initial","copyFormat":"binary","publications":["_copy_pipeline_app_32_1784031407353_143458_metadata_0","zero_copy_pipeline"],"lsn":"0/F61E310","tables":4,"rows":10001,"copyMs":11970.354006,"flushMs":4659.118843000008,"copyBytes":6834522615,"indexes":7,"indexMs":11835.999589,"copyOtherMs":7416.455745999996,"totalMs":23911.574178000003},"tableCopies":[{"level":"info","message":"Finished copying 1 rows into copy_pipeline_app_32_1784031407353_143458.permissions (flush: 0.018 ms) (total: 2.593 ms) ","data":{"schema":"copy_pipeline_app_32_1784031407353_143458","table":"permissions","replicaTable":"copy_pipeline_app_32_1784031407353_143458.permissions","syncMode":"initial","copyFormat":"binary","columnCount":3,"rows":1,"estimatedRows":0,"estimatedBytes":16384,"flushMs":0.017625000000407454,"elapsedMs":2.5927080000001297,"copyBytes":36}},{"level":"info","message":"Finished copying 0 rows into copy_pipeline_app_32_1784031407353_143458_0.clients (flush: 0.001 ms) (total: 2.575 ms) ","data":{"schema":"copy_pipeline_app_32_1784031407353_143458_0","table":"clients","replicaTable":"copy_pipeline_app_32_1784031407353_143458_0.clients","syncMode":"initial","copyFormat":"binary","columnCount":4,"rows":0,"estimatedRows":0,"estimatedBytes":8192,"flushMs":0.0006249999996725819,"elapsedMs":2.5748750000002474,"copyBytes":21}},{"level":"info","message":"Finished copying 0 rows into copy_pipeline_app_32_1784031407353_143458_0.mutations (flush: 0.001 ms) (total: 6.786 ms) ","data":{"schema":"copy_pipeline_app_32_1784031407353_143458_0","table":"mutations","replicaTable":"copy_pipeline_app_32_1784031407353_143458_0.mutations","syncMode":"initial","copyFormat":"binary","columnCount":4,"rows":0,"estimatedRows":0,"estimatedBytes":8192,"flushMs":0.0007499999992433004,"elapsedMs":6.786082999999962,"copyBytes":21}},{"level":"info","message":"Finished copying 10000 rows into Email (flush: 4659.100 ms) (total: 11964.942 ms) ","data":{"schema":"public","table":"Email","replicaTable":"Email","syncMode":"initial","copyFormat":"binary","columnCount":25,"rows":10000,"estimatedRows":10000,"estimatedBytes":87433216,"flushMs":4659.099843000009,"elapsedMs":11964.941713999999,"copyBytes":6834522537}}],"records":[{"level":"info","message":"Finished copying 1 rows into copy_pipeline_app_32_1784031407353_143458.permissions (flush: 0.018 ms) (total: 2.593 ms) ","data":{"schema":"copy_pipeline_app_32_1784031407353_143458","table":"permissions","replicaTable":"copy_pipeline_app_32_1784031407353_143458.permissions","syncMode":"initial","copyFormat":"binary","columnCount":3,"rows":1,"estimatedRows":0,"estimatedBytes":16384,"flushMs":0.017625000000407454,"elapsedMs":2.5927080000001297,"copyBytes":36}},{"level":"info","message":"Finished copying 0 rows into copy_pipeline_app_32_1784031407353_143458_0.clients (flush: 0.001 ms) (total: 2.575 ms) ","data":{"schema":"copy_pipeline_app_32_1784031407353_143458_0","table":"clients","replicaTable":"copy_pipeline_app_32_1784031407353_143458_0.clients","syncMode":"initial","copyFormat":"binary","columnCount":4,"rows":0,"estimatedRows":0,"estimatedBytes":8192,"flushMs":0.0006249999996725819,"elapsedMs":2.5748750000002474,"copyBytes":21}},{"level":"info","message":"Finished copying 0 rows into copy_pipeline_app_32_1784031407353_143458_0.mutations (flush: 0.001 ms) (total: 6.786 ms) ","data":{"schema":"copy_pipeline_app_32_1784031407353_143458_0","table":"mutations","replicaTable":"copy_pipeline_app_32_1784031407353_143458_0.mutations","syncMode":"initial","copyFormat":"binary","columnCount":4,"rows":0,"estimatedRows":0,"estimatedBytes":8192,"flushMs":0.0007499999992433004,"elapsedMs":6.786082999999962,"copyBytes":21}},{"level":"info","message":"Finished copying 10000 rows into Email (flush: 4659.100 ms) (total: 11964.942 ms) ","data":{"schema":"public","table":"Email","replicaTable":"Email","syncMode":"initial","copyFormat":"binary","columnCount":25,"rows":10000,"estimatedRows":10000,"estimatedBytes":87433216,"flushMs":4659.099843000009,"elapsedMs":11964.941713999999,"copyBytes":6834522537}},{"level":"info","message":"Created index 1/7 (0.247 ms): CREATE UNIQUE INDEX \"copy_pipeline_app_32_1784031407353_143458.permissions_pkey\" ON \"copy_pipeline_app_32_1784031407353_143458.permissions\" (\"lock\" ASC);"},{"level":"info","message":"Created index 2/7 (2.078 ms): CREATE UNIQUE INDEX \"copy_pipeline_app_32_1784031407353_143458_0.clients_pkey\" ON \"copy_pipeline_app_32_1784031407353_143458_0.clients\" (\"clientGroupID\" ASC,\"clientID\" ASC);"},{"level":"info","message":"Created index 3/7 (0.029 ms): CREATE UNIQUE INDEX \"copy_pipeline_app_32_1784031407353_143458_0.mutations_pkey\" ON \"copy_pipeline_app_32_1784031407353_143458_0.mutations\" (\"clientGroupID\" ASC,\"clientID\" ASC,\"mutationID\" ASC);"},{"level":"info","message":"Created index 4/7 (102.051 ms): CREATE UNIQUE INDEX \"Email_pkey\" ON \"Email\" (\"id\" ASC);"},{"level":"info","message":"Created index 5/7 (4059.932 ms): CREATE  INDEX \"Email_threadId_createdAt_id_idx\" ON \"Email\" (\"threadId\" ASC,\"createdAt\" ASC,\"id\" ASC);"},{"level":"info","message":"Created index 6/7 (3939.502 ms): CREATE  INDEX \"Email_threadId_id_idx\" ON \"Email\" (\"threadId\" ASC,\"id\" ASC);"},{"level":"info","message":"Created index 7/7 (3730.086 ms): CREATE  INDEX \"Email_workspaceId_id_idx\" ON \"Email\" (\"workspaceId\" ASC,\"id\" ASC);"},{"level":"info","message":"Created indexes (11836.000 ms)"},{"level":"info","message":"Synced 10,001 rows of 4 tables in _copy_pipeline_app_32_1784031407353_143458_metadata_0,zero_copy_pipeline up to 0/F61E310 (flush: 4659.119, index: 11836.000, total: 23911.574 ms)","data":{"syncMode":"initial","copyFormat":"binary","publications":["_copy_pipeline_app_32_1784031407353_143458_metadata_0","zero_copy_pipeline"],"lsn":"0/F61E310","tables":4,"rows":10001,"copyMs":11970.354006,"flushMs":4659.118843000008,"copyBytes":6834522615,"indexes":7,"indexMs":11835.999589,"copyOtherMs":7416.455745999996,"totalMs":23911.574178000003}}]},"peakRssBytes":436056064,"resourceUsage":{"userCPUTime":8124479,"systemCPUTime":10033659,"maxRSS":231500,"sharedMemorySize":0,"unsharedDataSize":0,"unsharedStackSize":0,"minorPageFault":1996158,"majorPageFault":0,"swappedOut":0,"fsRead":36836432,"fsWrite":13372576,"ipcSent":0,"ipcReceived":0,"signalsCount":0,"voluntaryContextSwitches":110293,"involuntaryContextSwitches":9302},"sqlite":{"rows":10000,"fileBytes":6846730240,"pageCount":1671565,"pageSize":4096}}
 [32m✓[39m [30m[45m zero-cache/bench-pg [49m[39m src/initial-sync-copy-pipeline.product.bench.pg.ts [2m([22m[2m1 test[22m[2m)[22m[33m 29877[2mms[22m[39m
   [33m[2m✓[22m[39m initial sync copy pipeline investigation [33m 29875[2mms[22m[39m
 [2m[90m↓[39m[22m [30m[45m zero-cache/bench-pg [49m[39m src/db/initial-sync.bench.pg.ts [2m([22m[2m1 test[22m[2m | [22m[33m1 skipped[39m[2m)[22m
 [2m[90m↓[39m[22m [30m[45m zero-cache/bench-pg [49m[39m src/services/change-streamer/storer.bench.pg.ts [2m([22m[2m2 tests[22m[2m | [22m[33m2 skipped[39m[2m)[22m
 [2m[90m↓[39m[22m [30m[45m zero-cache/bench-pg [49m[39m src/services/replicator/replication-throughput.bench.pg.ts [2m([22m[2m1 test[22m[2m | [22m[33m1 skipped[39m[2m)[22m

[2m Test Files [22m [1m[32m1 passed[39m[22m[2m | [22m[33m3 skipped[39m[90m (4)[39m
[2m      Tests [22m [1m[32m1 passed[39m[22m[2m | [22m[33m4 skipped[39m[90m (5)[39m
[2m   Start at [22m 12:16:41
[2m   Duration [22m 32.05s[2m (transform 625ms, setup 0ms, import 1.71s, tests 29.88s, environment 0ms)[22m

ZERO_COPY_PIPELINE_CGROUP {"memoryPeakBytes":3221487616,"memoryCurrentBytes":18436096,"memoryMax":"3221225472","memoryEvents":{"low":0,"high":0,"max":28944,"oom":0,"oom_kill":0,"oom_group_kill":0},"memoryStat":{"anon":6868992,"file":1777664,"kernel":7643136,"kernel_stack":147456,"pagetables":532480,"sec_pagetables":0,"percpu":37876,"sock":0,"vmalloc":8192,"shmem":0,"zswap":0,"zswapped":0,"file_mapped":0,"file_dirty":12288,"file_writeback":0,"swapcached":0,"anon_thp":0,"file_thp":0,"shmem_thp":0,"inactive_anon":0,"active_anon":6746112,"inactive_file":1773568,"active_file":4096,"unevictable":0,"slab_reclaimable":2631504,"slab_unreclaimable":568600,"slab":3200104,"workingset_refault_anon":0,"workingset_refault_file":4604874,"workingset_activate_anon":0,"workingset_activate_file":4604874,"workingset_restore_anon":0,"workingset_restore_file":0,"workingset_nodereclaim":0,"pgdemote_kswapd":0,"pgdemote_direct":0,"pgdemote_khugepaged":0,"pgscan":5564992,"pgsteal":5564992,"pgscan_kswapd":29632,"pgscan_direct":5535168,"pgscan_khugepaged":192,"pgsteal_kswapd":29632,"pgsteal_direct":5535168,"pgsteal_khugepaged":192,"pgfault":2265661,"pgmajfault":0,"pgrefill":710,"pgactivate":0,"pgdeactivate":0,"pglazyfree":0,"pglazyfreed":0,"swpin_zero":0,"swpout_zero":0,"zswpin":0,"zswpout":0,"zswpwb":0,"thp_fault_alloc":53,"thp_collapse_alloc":0,"thp_swpout":0,"thp_swpout_fallback":0}}

	Command being timed: "./node_modules/.bin/vitest run --config vitest.config.bench.pg.ts -t initial sync copy pipeline investigation"
	User time (seconds): 14.10
	System time (seconds): 11.37
	Percent of CPU this job got: 78%
	Elapsed (wall clock) time (h:mm:ss or m:ss): 0:32.30
	Average shared text size (kbytes): 0
	Average unshared data size (kbytes): 0
	Average stack size (kbytes): 0
	Average total size (kbytes): 0
	Maximum resident set size (kbytes): 426476
	Average resident set size (kbytes): 0
	Major (requiring I/O) page faults: 0
	Minor (reclaiming a frame) page faults: 2261762
	Voluntary context switches: 135356
	Involuntary context switches: 9499
	Swaps: 0
	File system inputs: 36842408
	File system outputs: 13377696
	Socket messages sent: 0
	Socket messages received: 0
	Signals delivered: 0
	Page size (bytes): 4096
	Exit status: 0

ZERO_COPY_PIPELINE_EXIT {"status":0,"signal":null}