ZERO_COPY_PIPELINE_RUN_META {"startedAt":"2026-07-14T12:17:33.570Z","id":"email-high-6.83g-origin-main-mmap-off-r3","runConfig":{"profile":"email-high-6.83g","worktree":"baseline","label":"origin-main-mmap-off","partialInsertBatches":false,"directTextBuffers":false,"eagerIndexes":false,"eagerSecondaryIndexes":false,"bufferMB":8,"mmapGiB":0,"repetition":3},"fixture":{"fixture":"email","rows":10000,"payloadBytes":683000,"copyChunkBytes":31744,"expectedCopyBytes":6830000000,"docker":{"cpus":1,"memory":"3g","nodeHeapMB":2304}},"constraints":{"cpus":1,"memory":"3g","nodeHeapMB":2304},"image":"zero-copy-pipeline-baseline:local"}

[1m[30m[46m RUN [49m[39m[22m [36mv4.1.6 [39m[90m/workspace/packages/zero-cache[39m

ZERO_COPY_PIPELINE_PROGRESS creating fixture { fixture: 'email', rows: 10000, payloadBytes: 683000 }
ZERO_COPY_PIPELINE_PROGRESS fixture ready {
  rows: 10000,
  tableBytes: 87433216,
  indexBytes: 2007040,
  totalBytes: 89440256
}
ZERO_COPY_PIPELINE_RESULT {"kind":"initial-sync","profile":"email-high-6.83g","runLabel":"email-high-6.83g-origin-main-mmap-off-r3","fixture":"email","rows":10000,"payloadBytes":683000,"workers":5,"treatment":{"partialInsertBatches":false,"directTextBuffers":false,"eagerIndexes":false,"eagerSecondaryIndexes":false,"bufferMB":8},"sqliteTuning":{"mmapGiB":0,"mmapBytes":0,"effectiveMmapBytes":0},"source":{"rows":10000,"tableBytes":87433216,"indexBytes":2007040,"totalBytes":89440256},"rawCopy":{"bytes":6834522537,"chunks":10001,"averageChunkBytes":683383.9153084692,"ms":2432.656501,"throughputMBps":2809.489352150832},"timing":{"outerMs":24358.603928,"callbackMs":23960.799178,"wrapperMs":397.80474999999933},"phases":{"summary":{"syncMode":"initial","copyFormat":"binary","publications":["_copy_pipeline_app_32_1784031457679_260041_metadata_0","zero_copy_pipeline"],"lsn":"0/17B27AB0","tables":4,"rows":10001,"copyMs":11728.588381,"flushMs":4754.350559000008,"copyBytes":6834522615,"indexes":7,"indexMs":12008.254713999999,"copyOtherMs":7084.709946999992,"totalMs":23847.31522},"tableCopies":[{"level":"info","message":"Finished copying 1 rows into copy_pipeline_app_32_1784031457679_260041.permissions (flush: 0.015 ms) (total: 1.973 ms) ","data":{"schema":"copy_pipeline_app_32_1784031457679_260041","table":"permissions","replicaTable":"copy_pipeline_app_32_1784031457679_260041.permissions","syncMode":"initial","copyFormat":"binary","columnCount":3,"rows":1,"estimatedRows":0,"estimatedBytes":16384,"flushMs":0.015249999999923602,"elapsedMs":1.9729580000002898,"copyBytes":36}},{"level":"info","message":"Finished copying 0 rows into copy_pipeline_app_32_1784031457679_260041_0.clients (flush: 0.001 ms) (total: 1.553 ms) ","data":{"schema":"copy_pipeline_app_32_1784031457679_260041_0","table":"clients","replicaTable":"copy_pipeline_app_32_1784031457679_260041_0.clients","syncMode":"initial","copyFormat":"binary","columnCount":4,"rows":0,"estimatedRows":0,"estimatedBytes":8192,"flushMs":0.0006669999997939158,"elapsedMs":1.5528329999997368,"copyBytes":21}},{"level":"info","message":"Finished copying 0 rows into copy_pipeline_app_32_1784031457679_260041_0.mutations (flush: 0.001 ms) (total: 1.974 ms) ","data":{"schema":"copy_pipeline_app_32_1784031457679_260041_0","table":"mutations","replicaTable":"copy_pipeline_app_32_1784031457679_260041_0.mutations","syncMode":"initial","copyFormat":"binary","columnCount":4,"rows":0,"estimatedRows":0,"estimatedBytes":8192,"flushMs":0.0005839999998897838,"elapsedMs":1.9735840000003009,"copyBytes":21}},{"level":"info","message":"Finished copying 10000 rows into Email (flush: 4754.334 ms) (total: 11722.867 ms) ","data":{"schema":"public","table":"Email","replicaTable":"Email","syncMode":"initial","copyFormat":"binary","columnCount":25,"rows":10000,"estimatedRows":10000,"estimatedBytes":87433216,"flushMs":4754.334058000009,"elapsedMs":11722.86688,"copyBytes":6834522537}}],"records":[{"level":"info","message":"Finished copying 1 rows into copy_pipeline_app_32_1784031457679_260041.permissions (flush: 0.015 ms) (total: 1.973 ms) ","data":{"schema":"copy_pipeline_app_32_1784031457679_260041","table":"permissions","replicaTable":"copy_pipeline_app_32_1784031457679_260041.permissions","syncMode":"initial","copyFormat":"binary","columnCount":3,"rows":1,"estimatedRows":0,"estimatedBytes":16384,"flushMs":0.015249999999923602,"elapsedMs":1.9729580000002898,"copyBytes":36}},{"level":"info","message":"Finished copying 0 rows into copy_pipeline_app_32_1784031457679_260041_0.clients (flush: 0.001 ms) (total: 1.553 ms) ","data":{"schema":"copy_pipeline_app_32_1784031457679_260041_0","table":"clients","replicaTable":"copy_pipeline_app_32_1784031457679_260041_0.clients","syncMode":"initial","copyFormat":"binary","columnCount":4,"rows":0,"estimatedRows":0,"estimatedBytes":8192,"flushMs":0.0006669999997939158,"elapsedMs":1.5528329999997368,"copyBytes":21}},{"level":"info","message":"Finished copying 0 rows into copy_pipeline_app_32_1784031457679_260041_0.mutations (flush: 0.001 ms) (total: 1.974 ms) ","data":{"schema":"copy_pipeline_app_32_1784031457679_260041_0","table":"mutations","replicaTable":"copy_pipeline_app_32_1784031457679_260041_0.mutations","syncMode":"initial","copyFormat":"binary","columnCount":4,"rows":0,"estimatedRows":0,"estimatedBytes":8192,"flushMs":0.0005839999998897838,"elapsedMs":1.9735840000003009,"copyBytes":21}},{"level":"info","message":"Finished copying 10000 rows into Email (flush: 4754.334 ms) (total: 11722.867 ms) ","data":{"schema":"public","table":"Email","replicaTable":"Email","syncMode":"initial","copyFormat":"binary","columnCount":25,"rows":10000,"estimatedRows":10000,"estimatedBytes":87433216,"flushMs":4754.334058000009,"elapsedMs":11722.86688,"copyBytes":6834522537}},{"level":"info","message":"Created index 1/7 (2.420 ms): CREATE UNIQUE INDEX \"copy_pipeline_app_32_1784031457679_260041.permissions_pkey\" ON \"copy_pipeline_app_32_1784031457679_260041.permissions\" (\"lock\" ASC);"},{"level":"info","message":"Created index 2/7 (0.093 ms): CREATE UNIQUE INDEX \"copy_pipeline_app_32_1784031457679_260041_0.clients_pkey\" ON \"copy_pipeline_app_32_1784031457679_260041_0.clients\" (\"clientGroupID\" ASC,\"clientID\" ASC);"},{"level":"info","message":"Created index 3/7 (0.034 ms): CREATE UNIQUE INDEX \"copy_pipeline_app_32_1784031457679_260041_0.mutations_pkey\" ON \"copy_pipeline_app_32_1784031457679_260041_0.mutations\" (\"clientGroupID\" ASC,\"clientID\" ASC,\"mutationID\" ASC);"},{"level":"info","message":"Created index 4/7 (90.489 ms): CREATE UNIQUE INDEX \"Email_pkey\" ON \"Email\" (\"id\" ASC);"},{"level":"info","message":"Created index 5/7 (3568.452 ms): CREATE  INDEX \"Email_threadId_createdAt_id_idx\" ON \"Email\" (\"threadId\" ASC,\"createdAt\" ASC,\"id\" ASC);"},{"level":"info","message":"Created index 6/7 (3617.915 ms): CREATE  INDEX \"Email_threadId_id_idx\" ON \"Email\" (\"threadId\" ASC,\"id\" ASC);"},{"level":"info","message":"Created index 7/7 (4727.963 ms): CREATE  INDEX \"Email_workspaceId_id_idx\" ON \"Email\" (\"workspaceId\" ASC,\"id\" ASC);"},{"level":"info","message":"Created indexes (12008.255 ms)"},{"level":"info","message":"Synced 10,001 rows of 4 tables in _copy_pipeline_app_32_1784031457679_260041_metadata_0,zero_copy_pipeline up to 0/17B27AB0 (flush: 4754.351, index: 12008.255, total: 23847.315 ms)","data":{"syncMode":"initial","copyFormat":"binary","publications":["_copy_pipeline_app_32_1784031457679_260041_metadata_0","zero_copy_pipeline"],"lsn":"0/17B27AB0","tables":4,"rows":10001,"copyMs":11728.588381,"flushMs":4754.350559000008,"copyBytes":6834522615,"indexes":7,"indexMs":12008.254713999999,"copyOtherMs":7084.709946999992,"totalMs":23847.31522}}]},"peakRssBytes":434065408,"resourceUsage":{"userCPUTime":8182127,"systemCPUTime":9819871,"maxRSS":268812,"sharedMemorySize":0,"unsharedDataSize":0,"unsharedStackSize":0,"minorPageFault":2071878,"majorPageFault":0,"swappedOut":0,"fsRead":35771200,"fsWrite":13372584,"ipcSent":0,"ipcReceived":0,"signalsCount":0,"voluntaryContextSwitches":116357,"involuntaryContextSwitches":9096},"sqlite":{"rows":10000,"fileBytes":6846730240,"pageCount":1671565,"pageSize":4096}}
 [32m✓[39m [30m[45m zero-cache/bench-pg [49m[39m src/initial-sync-copy-pipeline.product.bench.pg.ts [2m([22m[2m1 test[22m[2m)[22m[33m 27623[2mms[22m[39m
   [33m[2m✓[22m[39m initial sync copy pipeline investigation [33m 27622[2mms[22m[39m
 [2m[90m↓[39m[22m [30m[45m zero-cache/bench-pg [49m[39m src/db/initial-sync.bench.pg.ts [2m([22m[2m1 test[22m[2m | [22m[33m1 skipped[39m[2m)[22m
 [2m[90m↓[39m[22m [30m[45m zero-cache/bench-pg [49m[39m src/services/change-streamer/storer.bench.pg.ts [2m([22m[2m2 tests[22m[2m | [22m[33m2 skipped[39m[2m)[22m
 [2m[90m↓[39m[22m [30m[45m zero-cache/bench-pg [49m[39m src/services/replicator/replication-throughput.bench.pg.ts [2m([22m[2m1 test[22m[2m | [22m[33m1 skipped[39m[2m)[22m

[2m Test Files [22m [1m[32m1 passed[39m[22m[2m | [22m[33m3 skipped[39m[90m (4)[39m
[2m      Tests [22m [1m[32m1 passed[39m[22m[2m | [22m[33m4 skipped[39m[90m (5)[39m
[2m   Start at [22m 12:17:33
[2m   Duration [22m 29.80s[2m (transform 583ms, setup 0ms, import 1.65s, tests 27.62s, environment 0ms)[22m

ZERO_COPY_PIPELINE_CGROUP {"memoryPeakBytes":3221364736,"memoryCurrentBytes":15826944,"memoryMax":"3221225472","memoryEvents":{"low":0,"high":0,"max":28303,"oom":0,"oom_kill":0,"oom_group_kill":0},"memoryStat":{"anon":6868992,"file":16384,"kernel":7651328,"kernel_stack":147456,"pagetables":544768,"sec_pagetables":0,"percpu":37876,"sock":0,"vmalloc":8192,"shmem":0,"zswap":0,"zswapped":0,"file_mapped":0,"file_dirty":16384,"file_writeback":0,"swapcached":0,"anon_thp":0,"file_thp":0,"shmem_thp":0,"inactive_anon":0,"active_anon":6725632,"inactive_file":12288,"active_file":4096,"unevictable":0,"slab_reclaimable":2624928,"slab_unreclaimable":580328,"slab":3205256,"workingset_refault_anon":0,"workingset_refault_file":4471720,"workingset_activate_anon":0,"workingset_activate_file":4471720,"workingset_restore_anon":0,"workingset_restore_file":0,"workingset_nodereclaim":0,"pgdemote_kswapd":0,"pgdemote_direct":0,"pgdemote_khugepaged":0,"pgscan":5430696,"pgsteal":5430696,"pgscan_kswapd":0,"pgscan_direct":5430120,"pgscan_khugepaged":576,"pgsteal_kswapd":0,"pgsteal_direct":5430120,"pgsteal_khugepaged":576,"pgfault":2458209,"pgmajfault":0,"pgrefill":42171,"pgactivate":0,"pgdeactivate":0,"pglazyfree":0,"pglazyfreed":0,"swpin_zero":0,"swpout_zero":0,"zswpin":0,"zswpout":0,"zswpwb":0,"thp_fault_alloc":49,"thp_collapse_alloc":5,"thp_swpout":0,"thp_swpout_fallback":0}}

	Command being timed: "./node_modules/.bin/vitest run --config vitest.config.bench.pg.ts -t initial sync copy pipeline investigation"
	User time (seconds): 10.86
	System time (seconds): 11.20
	Percent of CPU this job got: 73%
	Elapsed (wall clock) time (h:mm:ss or m:ss): 0:30.07
	Average shared text size (kbytes): 0
	Average unshared data size (kbytes): 0
	Average stack size (kbytes): 0
	Average total size (kbytes): 0
	Maximum resident set size (kbytes): 431920
	Average resident set size (kbytes): 0
	Major (requiring I/O) page faults: 0
	Minor (reclaiming a frame) page faults: 2454220
	Voluntary context switches: 140380
	Involuntary context switches: 9147
	Swaps: 0
	File system inputs: 35773728
	File system outputs: 13377704
	Socket messages sent: 0
	Socket messages received: 0
	Signals delivered: 0
	Page size (bytes): 4096
	Exit status: 0

ZERO_COPY_PIPELINE_EXIT {"status":0,"signal":null}