ZERO_COPY_PIPELINE_RUN_META {"startedAt":"2026-07-14T11:59:21.319Z","id":"imports-550m-direct-text-eager-secondary-batched-metrics-r4","runConfig":{"profile":"imports-550m","worktree":"linear-parser","label":"direct-text-eager-secondary-batched-metrics","partialInsertBatches":false,"directTextBuffers":true,"eagerIndexes":false,"eagerSecondaryIndexes":true,"bufferMB":8,"mmapGiB":2,"repetition":4},"fixture":{"fixture":"imports","rows":2000,"payloadBytes":275000,"copyChunkBytes":5632,"expectedCopyBytes":550000000,"docker":{"cpus":2,"memory":"6g","nodeHeapMB":4608}},"constraints":{"cpus":2,"memory":"6g","nodeHeapMB":4608},"image":"zero-copy-pipeline-linear-parser:local"}

[1m[30m[46m RUN [49m[39m[22m [36mv4.1.6 [39m[90m/workspace/packages/zero-cache[39m

ZERO_COPY_PIPELINE_PROGRESS creating fixture { fixture: 'imports', rows: 2000, payloadBytes: 275000 }
ZERO_COPY_PIPELINE_PROGRESS fixture ready {
  rows: 2000,
  tableBytes: 8536064,
  indexBytes: 417792,
  totalBytes: 8953856
}
ZERO_COPY_PIPELINE_RESULT {"kind":"initial-sync","profile":"imports-550m","runLabel":"imports-550m-direct-text-eager-secondary-batched-metrics-r4","fixture":"imports","rows":2000,"payloadBytes":275000,"workers":5,"treatment":{"partialInsertBatches":false,"directTextBuffers":true,"eagerIndexes":false,"eagerSecondaryIndexes":true,"bufferMB":8},"sqliteTuning":{"mmapGiB":2,"mmapBytes":2147483648,"effectiveMmapBytes":2147418112},"source":{"rows":2000,"tableBytes":8536064,"indexBytes":417792,"totalBytes":8953856},"rawCopy":{"bytes":550174715,"chunks":2001,"averageChunkBytes":274949.88255872065,"ms":812.0163750000002,"throughputMBps":677.5414042604743},"timing":{"outerMs":1039.583959,"callbackMs":1020.126667,"wrapperMs":19.457292000000052},"phases":{"summary":{"syncMode":"initial","copyFormat":"binary","publications":["_copy_pipeline_app_35_1784030364264_675669_metadata_0","zero_copy_pipeline"],"lsn":"0/7A9A860","tables":4,"rows":2001,"copyMs":873.6623340000001,"flushMs":207.03112399999873,"copyBytes":550174793,"insertStatementCount":2001,"insertStatementsByRowCount":{"1":2001},"indexes":9,"indexMs":1.7830010000002403,"copyOtherMs":797.7640840000008,"totalMs":1006.5782089999998},"tableCopies":[{"level":"info","message":"Finished copying 1 rows into copy_pipeline_app_35_1784030364264_675669.permissions (flush: 0.028 ms) (total: 2.162 ms) ","data":{"schema":"copy_pipeline_app_35_1784030364264_675669","table":"permissions","replicaTable":"copy_pipeline_app_35_1784030364264_675669.permissions","syncMode":"initial","copyFormat":"binary","columnCount":3,"rows":1,"estimatedRows":0,"estimatedBytes":16384,"flushMs":0.02820800000017698,"elapsedMs":2.1617499999997563,"copyBytes":36,"insertStatementCount":1,"insertStatementsByRowCount":{"1":1}}},{"level":"info","message":"Finished copying 0 rows into copy_pipeline_app_35_1784030364264_675669_0.clients (flush: 0.001 ms) (total: 1.756 ms) ","data":{"schema":"copy_pipeline_app_35_1784030364264_675669_0","table":"clients","replicaTable":"copy_pipeline_app_35_1784030364264_675669_0.clients","syncMode":"initial","copyFormat":"binary","columnCount":4,"rows":0,"estimatedRows":0,"estimatedBytes":8192,"flushMs":0.0005830000000059954,"elapsedMs":1.7564579999998386,"copyBytes":21,"insertStatementCount":0,"insertStatementsByRowCount":{}}},{"level":"info","message":"Finished copying 0 rows into copy_pipeline_app_35_1784030364264_675669_0.mutations (flush: 0.001 ms) (total: 2.155 ms) ","data":{"schema":"copy_pipeline_app_35_1784030364264_675669_0","table":"mutations","replicaTable":"copy_pipeline_app_35_1784030364264_675669_0.mutations","syncMode":"initial","copyFormat":"binary","columnCount":4,"rows":0,"estimatedRows":0,"estimatedBytes":8192,"flushMs":0.0008339999999407155,"elapsedMs":2.155499999999847,"copyBytes":21,"insertStatementCount":0,"insertStatementsByRowCount":{}}},{"level":"info","message":"Finished copying 2000 rows into userspace.imports (flush: 207.001 ms) (total: 867.355 ms) ","data":{"schema":"userspace","table":"imports","replicaTable":"userspace.imports","syncMode":"initial","copyFormat":"binary","columnCount":7,"rows":2000,"estimatedRows":2000,"estimatedBytes":8536064,"flushMs":207.0014989999986,"elapsedMs":867.3549169999997,"copyBytes":550174715,"insertStatementCount":2000,"insertStatementsByRowCount":{"1":2000}}}],"records":[{"level":"info","message":"Created index 1/5 (0.036 ms): CREATE  INDEX \"userspace.idx_imports_schema\" ON \"userspace.imports\" (\"schema\" ASC);"},{"level":"info","message":"Created index 2/5 (0.015 ms): CREATE  INDEX \"userspace.idx_imports_user_id\" ON \"userspace.imports\" (\"user_id\" ASC);"},{"level":"info","message":"Created index 3/5 (0.010 ms): CREATE  INDEX \"userspace.idx_imports_user_id_import_id\" ON \"userspace.imports\" (\"user_id\" ASC,\"import_id\" ASC);"},{"level":"info","message":"Created index 4/5 (0.010 ms): CREATE  INDEX \"userspace.idx_imports_user_source\" ON \"userspace.imports\" (\"user_id\" ASC,\"source\" ASC);"},{"level":"info","message":"Created index 5/5 (0.010 ms): CREATE  INDEX \"userspace.idx_imports_user_source_created_at\" ON \"userspace.imports\" (\"user_id\" ASC,\"source\" ASC,\"created_at\" DESC);"},{"level":"info","message":"Finished copying 1 rows into copy_pipeline_app_35_1784030364264_675669.permissions (flush: 0.028 ms) (total: 2.162 ms) ","data":{"schema":"copy_pipeline_app_35_1784030364264_675669","table":"permissions","replicaTable":"copy_pipeline_app_35_1784030364264_675669.permissions","syncMode":"initial","copyFormat":"binary","columnCount":3,"rows":1,"estimatedRows":0,"estimatedBytes":16384,"flushMs":0.02820800000017698,"elapsedMs":2.1617499999997563,"copyBytes":36,"insertStatementCount":1,"insertStatementsByRowCount":{"1":1}}},{"level":"info","message":"Finished copying 0 rows into copy_pipeline_app_35_1784030364264_675669_0.clients (flush: 0.001 ms) (total: 1.756 ms) ","data":{"schema":"copy_pipeline_app_35_1784030364264_675669_0","table":"clients","replicaTable":"copy_pipeline_app_35_1784030364264_675669_0.clients","syncMode":"initial","copyFormat":"binary","columnCount":4,"rows":0,"estimatedRows":0,"estimatedBytes":8192,"flushMs":0.0005830000000059954,"elapsedMs":1.7564579999998386,"copyBytes":21,"insertStatementCount":0,"insertStatementsByRowCount":{}}},{"level":"info","message":"Finished copying 0 rows into copy_pipeline_app_35_1784030364264_675669_0.mutations (flush: 0.001 ms) (total: 2.155 ms) ","data":{"schema":"copy_pipeline_app_35_1784030364264_675669_0","table":"mutations","replicaTable":"copy_pipeline_app_35_1784030364264_675669_0.mutations","syncMode":"initial","copyFormat":"binary","columnCount":4,"rows":0,"estimatedRows":0,"estimatedBytes":8192,"flushMs":0.0008339999999407155,"elapsedMs":2.155499999999847,"copyBytes":21,"insertStatementCount":0,"insertStatementsByRowCount":{}}},{"level":"info","message":"Finished copying 2000 rows into userspace.imports (flush: 207.001 ms) (total: 867.355 ms) ","data":{"schema":"userspace","table":"imports","replicaTable":"userspace.imports","syncMode":"initial","copyFormat":"binary","columnCount":7,"rows":2000,"estimatedRows":2000,"estimatedBytes":8536064,"flushMs":207.0014989999986,"elapsedMs":867.3549169999997,"copyBytes":550174715,"insertStatementCount":2000,"insertStatementsByRowCount":{"1":2000}}},{"level":"info","message":"Created index 1/4 (0.037 ms): CREATE UNIQUE INDEX \"copy_pipeline_app_35_1784030364264_675669.permissions_pkey\" ON \"copy_pipeline_app_35_1784030364264_675669.permissions\" (\"lock\" ASC);"},{"level":"info","message":"Created index 2/4 (0.017 ms): CREATE UNIQUE INDEX \"copy_pipeline_app_35_1784030364264_675669_0.clients_pkey\" ON \"copy_pipeline_app_35_1784030364264_675669_0.clients\" (\"clientGroupID\" ASC,\"clientID\" ASC);"},{"level":"info","message":"Created index 3/4 (0.013 ms): CREATE UNIQUE INDEX \"copy_pipeline_app_35_1784030364264_675669_0.mutations_pkey\" ON \"copy_pipeline_app_35_1784030364264_675669_0.mutations\" (\"clientGroupID\" ASC,\"clientID\" ASC,\"mutationID\" ASC);"},{"level":"info","message":"Created index 4/4 (1.487 ms): CREATE UNIQUE INDEX \"userspace.imports_pkey\" ON \"userspace.imports\" (\"import_id\" ASC);"},{"level":"info","message":"Created indexes (1.783 ms)"},{"level":"info","message":"Synced 2,001 rows of 4 tables in _copy_pipeline_app_35_1784030364264_675669_metadata_0,zero_copy_pipeline up to 0/7A9A860 (flush: 207.031, index: 1.783, total: 1006.578 ms)","data":{"syncMode":"initial","copyFormat":"binary","publications":["_copy_pipeline_app_35_1784030364264_675669_metadata_0","zero_copy_pipeline"],"lsn":"0/7A9A860","tables":4,"rows":2001,"copyMs":873.6623340000001,"flushMs":207.03112399999873,"copyBytes":550174793,"insertStatementCount":2001,"insertStatementsByRowCount":{"1":2001},"indexes":9,"indexMs":1.7830010000002403,"copyOtherMs":797.7640840000008,"totalMs":1006.5782089999998}}]},"peakRssBytes":253345792,"resourceUsage":{"userCPUTime":1149098,"systemCPUTime":225411,"maxRSS":208488,"sharedMemorySize":0,"unsharedDataSize":0,"unsharedStackSize":0,"minorPageFault":24933,"majorPageFault":0,"swappedOut":0,"fsRead":0,"fsWrite":1077184,"ipcSent":0,"ipcReceived":0,"signalsCount":0,"voluntaryContextSwitches":3303,"involuntaryContextSwitches":2},"sqlite":{"rows":2000,"fileBytes":551374848,"pageCount":134613,"pageSize":4096}}
 [32m✓[39m [30m[45m zero-cache/bench-pg [49m[39m src/initial-sync-copy-pipeline.product.bench.pg.ts [2m([22m[2m1 test[22m[2m)[22m[32m 3148[2mms[22m[39m
 [2m[90m↓[39m[22m [30m[45m zero-cache/bench-pg [49m[39m src/db/initial-sync.bench.pg.ts [2m([22m[2m1 test[22m[2m | [22m[33m1 skipped[39m[2m)[22m
 [2m[90m↓[39m[22m [30m[45m zero-cache/bench-pg [49m[39m src/services/change-streamer/storer.bench.pg.ts [2m([22m[2m2 tests[22m[2m | [22m[33m2 skipped[39m[2m)[22m
 [2m[90m↓[39m[22m [30m[45m zero-cache/bench-pg [49m[39m src/services/replicator/replication-throughput.bench.pg.ts [2m([22m[2m1 test[22m[2m | [22m[33m1 skipped[39m[2m)[22m

[2m Test Files [22m [1m[32m1 passed[39m[22m[2m | [22m[33m3 skipped[39m[90m (4)[39m
[2m      Tests [22m [1m[32m1 passed[39m[22m[2m | [22m[33m4 skipped[39m[90m (5)[39m
[2m   Start at [22m 11:59:21
[2m   Duration [22m 4.51s[2m (transform 382ms, setup 0ms, import 1.04s, tests 3.15s, environment 0ms)[22m

ZERO_COPY_PIPELINE_CGROUP {"memoryPeakBytes":926318592,"memoryCurrentBytes":16846848,"memoryMax":"6442450944","memoryEvents":{"low":0,"high":0,"max":0,"oom":0,"oom_kill":0,"oom_group_kill":0},"memoryStat":{"anon":6868992,"file":4096,"kernel":8015872,"kernel_stack":147456,"pagetables":540672,"sec_pagetables":0,"percpu":37876,"sock":0,"vmalloc":8192,"shmem":0,"zswap":0,"zswapped":0,"file_mapped":0,"file_dirty":4096,"file_writeback":0,"swapcached":0,"anon_thp":0,"file_thp":0,"shmem_thp":0,"inactive_anon":0,"active_anon":6750208,"inactive_file":4096,"active_file":0,"unevictable":0,"slab_reclaimable":2629832,"slab_unreclaimable":586032,"slab":3215864,"workingset_refault_anon":0,"workingset_refault_file":0,"workingset_activate_anon":0,"workingset_activate_file":0,"workingset_restore_anon":0,"workingset_restore_file":0,"workingset_nodereclaim":0,"pgdemote_kswapd":0,"pgdemote_direct":0,"pgdemote_khugepaged":0,"pgscan":0,"pgsteal":0,"pgscan_kswapd":0,"pgscan_direct":0,"pgscan_khugepaged":0,"pgsteal_kswapd":0,"pgsteal_direct":0,"pgsteal_khugepaged":0,"pgfault":226758,"pgmajfault":0,"pgrefill":0,"pgactivate":0,"pgdeactivate":0,"pglazyfree":0,"pglazyfreed":0,"swpin_zero":0,"swpout_zero":0,"zswpin":0,"zswpout":0,"zswpwb":0,"thp_fault_alloc":54,"thp_collapse_alloc":0,"thp_swpout":0,"thp_swpout_fallback":0}}

	Command being timed: "./node_modules/.bin/vitest run --config vitest.config.bench.pg.ts -t initial sync copy pipeline investigation"
	User time (seconds): 3.65
	System time (seconds): 0.69
	Percent of CPU this job got: 91%
	Elapsed (wall clock) time (h:mm:ss or m:ss): 0:04.75
	Average shared text size (kbytes): 0
	Average unshared data size (kbytes): 0
	Average stack size (kbytes): 0
	Average total size (kbytes): 0
	Maximum resident set size (kbytes): 379376
	Average resident set size (kbytes): 0
	Major (requiring I/O) page faults: 0
	Minor (reclaiming a frame) page faults: 222867
	Voluntary context switches: 16473
	Involuntary context switches: 16
	Swaps: 0
	File system inputs: 0
	File system outputs: 1082360
	Socket messages sent: 0
	Socket messages received: 0
	Signals delivered: 0
	Page size (bytes): 4096
	Exit status: 0

ZERO_COPY_PIPELINE_EXIT {"status":0,"signal":null}