ZERO_COPY_PIPELINE_RUN_META {"startedAt":"2026-07-14T12:04:48.790Z","id":"email-high-6.83g-final-mmap-1g-r1","runConfig":{"profile":"email-high-6.83g","worktree":"linear-parser","label":"final-mmap-1g","partialInsertBatches":false,"directTextBuffers":true,"eagerIndexes":false,"eagerSecondaryIndexes":true,"bufferMB":8,"mmapGiB":1,"repetition":1},"fixture":{"fixture":"email","rows":10000,"payloadBytes":683000,"copyChunkBytes":31744,"expectedCopyBytes":6830000000,"docker":{"cpus":1,"memory":"3g","nodeHeapMB":2304}},"constraints":{"cpus":1,"memory":"3g","nodeHeapMB":2304},"image":"zero-copy-pipeline-linear-parser:local"}

[1m[30m[46m RUN [49m[39m[22m [36mv4.1.6 [39m[90m/workspace/packages/zero-cache[39m

ZERO_COPY_PIPELINE_PROGRESS creating fixture { fixture: 'email', rows: 10000, payloadBytes: 683000 }
ZERO_COPY_PIPELINE_PROGRESS fixture ready {
  rows: 10000,
  tableBytes: 87433216,
  indexBytes: 2007040,
  totalBytes: 89440256
}
ZERO_COPY_PIPELINE_RESULT {"kind":"initial-sync","profile":"email-high-6.83g","runLabel":"email-high-6.83g-final-mmap-1g-r1","fixture":"email","rows":10000,"payloadBytes":683000,"workers":5,"treatment":{"partialInsertBatches":false,"directTextBuffers":true,"eagerIndexes":false,"eagerSecondaryIndexes":true,"bufferMB":8},"sqliteTuning":{"mmapGiB":1,"mmapBytes":1073741824,"effectiveMmapBytes":1073741824},"source":{"rows":10000,"tableBytes":87433216,"indexBytes":2007040,"totalBytes":89440256},"rawCopy":{"bytes":6834522537,"chunks":10001,"averageChunkBytes":683383.9153084692,"ms":5848.126836,"throughputMBps":1168.6686572746555},"timing":{"outerMs":10629.821254999999,"callbackMs":10084.939172000002,"wrapperMs":544.8820829999968},"phases":{"summary":{"syncMode":"initial","copyFormat":"binary","publications":["_copy_pipeline_app_32_1784030696233_406237_metadata_0","zero_copy_pipeline"],"lsn":"0/CCC7710","tables":4,"rows":10001,"copyMs":9533.285586999998,"flushMs":5609.126504999993,"copyBytes":6834522615,"insertStatementCount":10001,"insertStatementsByRowCount":{"1":10001},"indexes":7,"indexMs":215.92258299999685,"copyOtherMs":4247.54316700001,"totalMs":10072.592255},"tableCopies":[{"level":"info","message":"Finished copying 1 rows into copy_pipeline_app_32_1784030696233_406237.permissions (flush: 0.027 ms) (total: 2.932 ms) ","data":{"schema":"copy_pipeline_app_32_1784030696233_406237","table":"permissions","replicaTable":"copy_pipeline_app_32_1784030696233_406237.permissions","syncMode":"initial","copyFormat":"binary","columnCount":3,"rows":1,"estimatedRows":0,"estimatedBytes":16384,"flushMs":0.027208000000428,"elapsedMs":2.9319589999995515,"copyBytes":36,"insertStatementCount":1,"insertStatementsByRowCount":{"1":1}}},{"level":"info","message":"Finished copying 0 rows into copy_pipeline_app_32_1784030696233_406237_0.clients (flush: 0.001 ms) (total: 2.883 ms) ","data":{"schema":"copy_pipeline_app_32_1784030696233_406237_0","table":"clients","replicaTable":"copy_pipeline_app_32_1784030696233_406237_0.clients","syncMode":"initial","copyFormat":"binary","columnCount":4,"rows":0,"estimatedRows":0,"estimatedBytes":8192,"flushMs":0.0007500000001527951,"elapsedMs":2.8834170000000086,"copyBytes":21,"insertStatementCount":0,"insertStatementsByRowCount":{}}},{"level":"info","message":"Finished copying 0 rows into copy_pipeline_app_32_1784030696233_406237_0.mutations (flush: 0.001 ms) (total: 6.866 ms) ","data":{"schema":"copy_pipeline_app_32_1784030696233_406237_0","table":"mutations","replicaTable":"copy_pipeline_app_32_1784030696233_406237_0.mutations","syncMode":"initial","copyFormat":"binary","columnCount":4,"rows":0,"estimatedRows":0,"estimatedBytes":8192,"flushMs":0.0009580000005371403,"elapsedMs":6.86554199999955,"copyBytes":21,"insertStatementCount":0,"insertStatementsByRowCount":{}}},{"level":"info","message":"Finished copying 10000 rows into Email (flush: 5609.098 ms) (total: 9527.209 ms) ","data":{"schema":"public","table":"Email","replicaTable":"Email","syncMode":"initial","copyFormat":"binary","columnCount":25,"rows":10000,"estimatedRows":10000,"estimatedBytes":87433216,"flushMs":5609.097588999992,"elapsedMs":9527.208963,"copyBytes":6834522537,"insertStatementCount":10000,"insertStatementsByRowCount":{"1":10000}}}],"records":[{"level":"info","message":"Created index 1/3 (0.020 ms): CREATE  INDEX \"Email_threadId_createdAt_id_idx\" ON \"Email\" (\"threadId\" ASC,\"createdAt\" ASC,\"id\" ASC);"},{"level":"info","message":"Created index 2/3 (0.011 ms): CREATE  INDEX \"Email_threadId_id_idx\" ON \"Email\" (\"threadId\" ASC,\"id\" ASC);"},{"level":"info","message":"Created index 3/3 (0.009 ms): CREATE  INDEX \"Email_workspaceId_id_idx\" ON \"Email\" (\"workspaceId\" ASC,\"id\" ASC);"},{"level":"info","message":"Finished copying 1 rows into copy_pipeline_app_32_1784030696233_406237.permissions (flush: 0.027 ms) (total: 2.932 ms) ","data":{"schema":"copy_pipeline_app_32_1784030696233_406237","table":"permissions","replicaTable":"copy_pipeline_app_32_1784030696233_406237.permissions","syncMode":"initial","copyFormat":"binary","columnCount":3,"rows":1,"estimatedRows":0,"estimatedBytes":16384,"flushMs":0.027208000000428,"elapsedMs":2.9319589999995515,"copyBytes":36,"insertStatementCount":1,"insertStatementsByRowCount":{"1":1}}},{"level":"info","message":"Finished copying 0 rows into copy_pipeline_app_32_1784030696233_406237_0.clients (flush: 0.001 ms) (total: 2.883 ms) ","data":{"schema":"copy_pipeline_app_32_1784030696233_406237_0","table":"clients","replicaTable":"copy_pipeline_app_32_1784030696233_406237_0.clients","syncMode":"initial","copyFormat":"binary","columnCount":4,"rows":0,"estimatedRows":0,"estimatedBytes":8192,"flushMs":0.0007500000001527951,"elapsedMs":2.8834170000000086,"copyBytes":21,"insertStatementCount":0,"insertStatementsByRowCount":{}}},{"level":"info","message":"Finished copying 0 rows into copy_pipeline_app_32_1784030696233_406237_0.mutations (flush: 0.001 ms) (total: 6.866 ms) ","data":{"schema":"copy_pipeline_app_32_1784030696233_406237_0","table":"mutations","replicaTable":"copy_pipeline_app_32_1784030696233_406237_0.mutations","syncMode":"initial","copyFormat":"binary","columnCount":4,"rows":0,"estimatedRows":0,"estimatedBytes":8192,"flushMs":0.0009580000005371403,"elapsedMs":6.86554199999955,"copyBytes":21,"insertStatementCount":0,"insertStatementsByRowCount":{}}},{"level":"info","message":"Finished copying 10000 rows into Email (flush: 5609.098 ms) (total: 9527.209 ms) ","data":{"schema":"public","table":"Email","replicaTable":"Email","syncMode":"initial","copyFormat":"binary","columnCount":25,"rows":10000,"estimatedRows":10000,"estimatedBytes":87433216,"flushMs":5609.097588999992,"elapsedMs":9527.208963,"copyBytes":6834522537,"insertStatementCount":10000,"insertStatementsByRowCount":{"1":10000}}},{"level":"info","message":"Created index 1/4 (0.107 ms): CREATE UNIQUE INDEX \"copy_pipeline_app_32_1784030696233_406237.permissions_pkey\" ON \"copy_pipeline_app_32_1784030696233_406237.permissions\" (\"lock\" ASC);"},{"level":"info","message":"Created index 2/4 (0.023 ms): CREATE UNIQUE INDEX \"copy_pipeline_app_32_1784030696233_406237_0.clients_pkey\" ON \"copy_pipeline_app_32_1784030696233_406237_0.clients\" (\"clientGroupID\" ASC,\"clientID\" ASC);"},{"level":"info","message":"Created index 3/4 (0.017 ms): CREATE UNIQUE INDEX \"copy_pipeline_app_32_1784030696233_406237_0.mutations_pkey\" ON \"copy_pipeline_app_32_1784030696233_406237_0.mutations\" (\"clientGroupID\" ASC,\"clientID\" ASC,\"mutationID\" ASC);"},{"level":"info","message":"Created index 4/4 (215.513 ms): CREATE UNIQUE INDEX \"Email_pkey\" ON \"Email\" (\"id\" ASC);"},{"level":"info","message":"Created indexes (215.923 ms)"},{"level":"info","message":"Synced 10,001 rows of 4 tables in _copy_pipeline_app_32_1784030696233_406237_metadata_0,zero_copy_pipeline up to 0/CCC7710 (flush: 5609.127, index: 215.923, total: 10072.592 ms)","data":{"syncMode":"initial","copyFormat":"binary","publications":["_copy_pipeline_app_32_1784030696233_406237_metadata_0","zero_copy_pipeline"],"lsn":"0/CCC7710","tables":4,"rows":10001,"copyMs":9533.285586999998,"flushMs":5609.126504999993,"copyBytes":6834522615,"insertStatementCount":10001,"insertStatementsByRowCount":{"1":10001},"indexes":7,"indexMs":215.92258299999685,"copyOtherMs":4247.54316700001,"totalMs":10072.592255}}]},"peakRssBytes":226394112,"resourceUsage":{"userCPUTime":5552710,"systemCPUTime":3969571,"maxRSS":57392,"sharedMemorySize":0,"unsharedDataSize":0,"unsharedStackSize":0,"minorPageFault":162156,"majorPageFault":7488,"swappedOut":0,"fsRead":383456,"fsWrite":13392192,"ipcSent":0,"ipcReceived":0,"signalsCount":0,"voluntaryContextSwitches":25695,"involuntaryContextSwitches":2179},"sqlite":{"rows":10000,"fileBytes":6846832640,"pageCount":1671590,"pageSize":4096}}
 [32m✓[39m [30m[45m zero-cache/bench-pg [49m[39m src/initial-sync-copy-pipeline.product.bench.pg.ts [2m([22m[2m1 test[22m[2m)[22m[33m 17198[2mms[22m[39m
   [33m[2m✓[22m[39m initial sync copy pipeline investigation [33m 17196[2mms[22m[39m
 [2m[90m↓[39m[22m [30m[45m zero-cache/bench-pg [49m[39m src/db/initial-sync.bench.pg.ts [2m([22m[2m1 test[22m[2m | [22m[33m1 skipped[39m[2m)[22m
 [2m[90m↓[39m[22m [30m[45m zero-cache/bench-pg [49m[39m src/services/change-streamer/storer.bench.pg.ts [2m([22m[2m2 tests[22m[2m | [22m[33m2 skipped[39m[2m)[22m
 [2m[90m↓[39m[22m [30m[45m zero-cache/bench-pg [49m[39m src/services/replicator/replication-throughput.bench.pg.ts [2m([22m[2m1 test[22m[2m | [22m[33m1 skipped[39m[2m)[22m

[2m Test Files [22m [1m[32m1 passed[39m[22m[2m | [22m[33m3 skipped[39m[90m (4)[39m
[2m      Tests [22m [1m[32m1 passed[39m[22m[2m | [22m[33m4 skipped[39m[90m (5)[39m
[2m   Start at [22m 12:04:49
[2m   Duration [22m 19.23s[2m (transform 676ms, setup 0ms, import 1.57s, tests 17.20s, environment 0ms)[22m

ZERO_COPY_PIPELINE_CGROUP {"memoryPeakBytes":3221938176,"memoryCurrentBytes":16265216,"memoryMax":"3221225472","memoryEvents":{"low":0,"high":0,"max":5905,"oom":0,"oom_kill":0,"oom_group_kill":0},"memoryStat":{"anon":6873088,"file":12288,"kernel":7704576,"kernel_stack":147456,"pagetables":540672,"sec_pagetables":0,"percpu":38148,"sock":0,"vmalloc":8192,"shmem":0,"zswap":0,"zswapped":0,"file_mapped":0,"file_dirty":12288,"file_writeback":0,"swapcached":0,"anon_thp":0,"file_thp":0,"shmem_thp":0,"inactive_anon":0,"active_anon":6750208,"inactive_file":12288,"active_file":0,"unevictable":0,"slab_reclaimable":2641760,"slab_unreclaimable":579208,"slab":3220968,"workingset_refault_anon":0,"workingset_refault_file":48255,"workingset_activate_anon":0,"workingset_activate_file":48255,"workingset_restore_anon":0,"workingset_restore_file":10823,"workingset_nodereclaim":0,"pgdemote_kswapd":0,"pgdemote_direct":0,"pgdemote_khugepaged":0,"pgscan":1030592,"pgsteal":1030070,"pgscan_kswapd":7616,"pgscan_direct":1022976,"pgscan_khugepaged":0,"pgsteal_kswapd":7616,"pgsteal_direct":1022454,"pgsteal_khugepaged":0,"pgfault":432796,"pgmajfault":7488,"pgrefill":130,"pgactivate":101,"pgdeactivate":0,"pglazyfree":0,"pglazyfreed":0,"swpin_zero":0,"swpout_zero":0,"zswpin":0,"zswpout":0,"zswpwb":0,"thp_fault_alloc":58,"thp_collapse_alloc":0,"thp_swpout":0,"thp_swpout_fallback":0}}

	Command being timed: "./node_modules/.bin/vitest run --config vitest.config.bench.pg.ts -t initial sync copy pipeline investigation"
	User time (seconds): 12.60
	System time (seconds): 5.28
	Percent of CPU this job got: 91%
	Elapsed (wall clock) time (h:mm:ss or m:ss): 0:19.47
	Average shared text size (kbytes): 0
	Average unshared data size (kbytes): 0
	Average stack size (kbytes): 0
	Average total size (kbytes): 0
	Maximum resident set size (kbytes): 250680
	Average resident set size (kbytes): 0
	Major (requiring I/O) page faults: 7488
	Minor (reclaiming a frame) page faults: 421319
	Voluntary context switches: 50784
	Involuntary context switches: 2422
	Swaps: 0
	File system inputs: 386040
	File system outputs: 13397368
	Socket messages sent: 0
	Socket messages received: 0
	Signals delivered: 0
	Page size (bytes): 4096
	Exit status: 0

ZERO_COPY_PIPELINE_EXIT {"status":0,"signal":null}