ZERO_COPY_PIPELINE_RUN_META {"startedAt":"2026-07-14T12:05:42.890Z","id":"imports-production-2.75g-final-mmap-1g-r1","runConfig":{"profile":"imports-production-2.75g","worktree":"linear-parser","label":"final-mmap-1g","partialInsertBatches":false,"directTextBuffers":true,"eagerIndexes":false,"eagerSecondaryIndexes":true,"bufferMB":8,"mmapGiB":1,"repetition":1},"fixture":{"fixture":"imports","rows":10000,"payloadBytes":275000,"copyChunkBytes":5632,"expectedCopyBytes":2750000000,"docker":{"cpus":2,"memory":"6g","nodeHeapMB":4608}},"constraints":{"cpus":2,"memory":"6g","nodeHeapMB":4608},"image":"zero-copy-pipeline-linear-parser:local"}

[1m[30m[46m RUN [49m[39m[22m [36mv4.1.6 [39m[90m/workspace/packages/zero-cache[39m

ZERO_COPY_PIPELINE_PROGRESS creating fixture { fixture: 'imports', rows: 10000, payloadBytes: 275000 }
ZERO_COPY_PIPELINE_PROGRESS fixture ready {
  rows: 10000,
  tableBytes: 42442752,
  indexBytes: 1671168,
  totalBytes: 44113920
}
ZERO_COPY_PIPELINE_RESULT {"kind":"initial-sync","profile":"imports-production-2.75g","runLabel":"imports-production-2.75g-final-mmap-1g-r1","fixture":"imports","rows":10000,"payloadBytes":275000,"workers":5,"treatment":{"partialInsertBatches":false,"directTextBuffers":true,"eagerIndexes":false,"eagerSecondaryIndexes":true,"bufferMB":8},"sqliteTuning":{"mmapGiB":1,"mmapBytes":1073741824,"effectiveMmapBytes":1073741824},"source":{"rows":10000,"tableBytes":42442752,"indexBytes":1671168,"totalBytes":44113920},"rawCopy":{"bytes":2750877916,"chunks":10001,"averageChunkBytes":275060.28557144286,"ms":4043.4513350000007,"throughputMBps":680.3291762629807},"timing":{"outerMs":5023.143128,"callbackMs":4979.563377,"wrapperMs":43.579750999999305},"phases":{"summary":{"syncMode":"initial","copyFormat":"binary","publications":["_copy_pipeline_app_35_1784030753549_986713_metadata_0","zero_copy_pipeline"],"lsn":"0/17B264A0","tables":4,"rows":10001,"copyMs":4673.082127,"flushMs":1961.5664300000062,"copyBytes":2750877994,"insertStatementCount":10001,"insertStatementsByRowCount":{"1":10001},"indexes":9,"indexMs":10.562624999998661,"copyOtherMs":2995.365654999996,"totalMs":4967.494710000001},"tableCopies":[{"level":"info","message":"Finished copying 1 rows into copy_pipeline_app_35_1784030753549_986713.permissions (flush: 0.035 ms) (total: 3.142 ms) ","data":{"schema":"copy_pipeline_app_35_1784030753549_986713","table":"permissions","replicaTable":"copy_pipeline_app_35_1784030753549_986713.permissions","syncMode":"initial","copyFormat":"binary","columnCount":3,"rows":1,"estimatedRows":0,"estimatedBytes":16384,"flushMs":0.034958000000187894,"elapsedMs":3.1416250000002037,"copyBytes":36,"insertStatementCount":1,"insertStatementsByRowCount":{"1":1}}},{"level":"info","message":"Finished copying 0 rows into copy_pipeline_app_35_1784030753549_986713_0.clients (flush: 0.001 ms) (total: 4.351 ms) ","data":{"schema":"copy_pipeline_app_35_1784030753549_986713_0","table":"clients","replicaTable":"copy_pipeline_app_35_1784030753549_986713_0.clients","syncMode":"initial","copyFormat":"binary","columnCount":4,"rows":0,"estimatedRows":0,"estimatedBytes":8192,"flushMs":0.0008340000003954628,"elapsedMs":4.351124999999229,"copyBytes":21,"insertStatementCount":0,"insertStatementsByRowCount":{}}},{"level":"info","message":"Finished copying 0 rows into copy_pipeline_app_35_1784030753549_986713_0.mutations (flush: 0.001 ms) (total: 3.567 ms) ","data":{"schema":"copy_pipeline_app_35_1784030753549_986713_0","table":"mutations","replicaTable":"copy_pipeline_app_35_1784030753549_986713_0.mutations","syncMode":"initial","copyFormat":"binary","columnCount":4,"rows":0,"estimatedRows":0,"estimatedBytes":8192,"flushMs":0.0005830000009154901,"elapsedMs":3.566957999999431,"copyBytes":21,"insertStatementCount":0,"insertStatementsByRowCount":{}}},{"level":"info","message":"Finished copying 10000 rows into userspace.imports (flush: 1961.530 ms) (total: 4667.648 ms) ","data":{"schema":"userspace","table":"imports","replicaTable":"userspace.imports","syncMode":"initial","copyFormat":"binary","columnCount":7,"rows":10000,"estimatedRows":10000,"estimatedBytes":42442752,"flushMs":1961.5300550000047,"elapsedMs":4667.647751999999,"copyBytes":2750877916,"insertStatementCount":10000,"insertStatementsByRowCount":{"1":10000}}}],"records":[{"level":"info","message":"Created index 1/5 (0.027 ms): CREATE  INDEX \"userspace.idx_imports_schema\" ON \"userspace.imports\" (\"schema\" ASC);"},{"level":"info","message":"Created index 2/5 (0.013 ms): CREATE  INDEX \"userspace.idx_imports_user_id\" ON \"userspace.imports\" (\"user_id\" ASC);"},{"level":"info","message":"Created index 3/5 (0.010 ms): CREATE  INDEX \"userspace.idx_imports_user_id_import_id\" ON \"userspace.imports\" (\"user_id\" ASC,\"import_id\" ASC);"},{"level":"info","message":"Created index 4/5 (0.009 ms): CREATE  INDEX \"userspace.idx_imports_user_source\" ON \"userspace.imports\" (\"user_id\" ASC,\"source\" ASC);"},{"level":"info","message":"Created index 5/5 (0.010 ms): CREATE  INDEX \"userspace.idx_imports_user_source_created_at\" ON \"userspace.imports\" (\"user_id\" ASC,\"source\" ASC,\"created_at\" DESC);"},{"level":"info","message":"Finished copying 1 rows into copy_pipeline_app_35_1784030753549_986713.permissions (flush: 0.035 ms) (total: 3.142 ms) ","data":{"schema":"copy_pipeline_app_35_1784030753549_986713","table":"permissions","replicaTable":"copy_pipeline_app_35_1784030753549_986713.permissions","syncMode":"initial","copyFormat":"binary","columnCount":3,"rows":1,"estimatedRows":0,"estimatedBytes":16384,"flushMs":0.034958000000187894,"elapsedMs":3.1416250000002037,"copyBytes":36,"insertStatementCount":1,"insertStatementsByRowCount":{"1":1}}},{"level":"info","message":"Finished copying 0 rows into copy_pipeline_app_35_1784030753549_986713_0.clients (flush: 0.001 ms) (total: 4.351 ms) ","data":{"schema":"copy_pipeline_app_35_1784030753549_986713_0","table":"clients","replicaTable":"copy_pipeline_app_35_1784030753549_986713_0.clients","syncMode":"initial","copyFormat":"binary","columnCount":4,"rows":0,"estimatedRows":0,"estimatedBytes":8192,"flushMs":0.0008340000003954628,"elapsedMs":4.351124999999229,"copyBytes":21,"insertStatementCount":0,"insertStatementsByRowCount":{}}},{"level":"info","message":"Finished copying 0 rows into copy_pipeline_app_35_1784030753549_986713_0.mutations (flush: 0.001 ms) (total: 3.567 ms) ","data":{"schema":"copy_pipeline_app_35_1784030753549_986713_0","table":"mutations","replicaTable":"copy_pipeline_app_35_1784030753549_986713_0.mutations","syncMode":"initial","copyFormat":"binary","columnCount":4,"rows":0,"estimatedRows":0,"estimatedBytes":8192,"flushMs":0.0005830000009154901,"elapsedMs":3.566957999999431,"copyBytes":21,"insertStatementCount":0,"insertStatementsByRowCount":{}}},{"level":"info","message":"Finished copying 10000 rows into userspace.imports (flush: 1961.530 ms) (total: 4667.648 ms) ","data":{"schema":"userspace","table":"imports","replicaTable":"userspace.imports","syncMode":"initial","copyFormat":"binary","columnCount":7,"rows":10000,"estimatedRows":10000,"estimatedBytes":42442752,"flushMs":1961.5300550000047,"elapsedMs":4667.647751999999,"copyBytes":2750877916,"insertStatementCount":10000,"insertStatementsByRowCount":{"1":10000}}},{"level":"info","message":"Created index 1/4 (0.056 ms): CREATE UNIQUE INDEX \"copy_pipeline_app_35_1784030753549_986713.permissions_pkey\" ON \"copy_pipeline_app_35_1784030753549_986713.permissions\" (\"lock\" ASC);"},{"level":"info","message":"Created index 2/4 (0.043 ms): CREATE UNIQUE INDEX \"copy_pipeline_app_35_1784030753549_986713_0.clients_pkey\" ON \"copy_pipeline_app_35_1784030753549_986713_0.clients\" (\"clientGroupID\" ASC,\"clientID\" ASC);"},{"level":"info","message":"Created index 3/4 (0.018 ms): CREATE UNIQUE INDEX \"copy_pipeline_app_35_1784030753549_986713_0.mutations_pkey\" ON \"copy_pipeline_app_35_1784030753549_986713_0.mutations\" (\"clientGroupID\" ASC,\"clientID\" ASC,\"mutationID\" ASC);"},{"level":"info","message":"Created index 4/4 (10.180 ms): CREATE UNIQUE INDEX \"userspace.imports_pkey\" ON \"userspace.imports\" (\"import_id\" ASC);"},{"level":"info","message":"Created indexes (10.563 ms)"},{"level":"info","message":"Synced 10,001 rows of 4 tables in _copy_pipeline_app_35_1784030753549_986713_metadata_0,zero_copy_pipeline up to 0/17B264A0 (flush: 1961.566, index: 10.563, total: 4967.495 ms)","data":{"syncMode":"initial","copyFormat":"binary","publications":["_copy_pipeline_app_35_1784030753549_986713_metadata_0","zero_copy_pipeline"],"lsn":"0/17B264A0","tables":4,"rows":10001,"copyMs":4673.082127,"flushMs":1961.5664300000062,"copyBytes":2750877994,"insertStatementCount":10001,"insertStatementsByRowCount":{"1":10001},"indexes":9,"indexMs":10.562624999998661,"copyOtherMs":2995.365654999996,"totalMs":4967.494710000001}}]},"peakRssBytes":284405760,"resourceUsage":{"userCPUTime":4964360,"systemCPUTime":1905001,"maxRSS":170376,"sharedMemorySize":0,"unsharedDataSize":0,"unsharedStackSize":0,"minorPageFault":78077,"majorPageFault":0,"swappedOut":0,"fsRead":0,"fsWrite":5386960,"ipcSent":0,"ipcReceived":0,"signalsCount":0,"voluntaryContextSwitches":13891,"involuntaryContextSwitches":28},"sqlite":{"rows":10000,"fileBytes":2756104192,"pageCount":672877,"pageSize":4096}}
 [32m✓[39m [30m[45m zero-cache/bench-pg [49m[39m src/initial-sync-copy-pipeline.product.bench.pg.ts [2m([22m[2m1 test[22m[2m)[22m[32m 14976[2mms[22m[39m
 [2m[90m↓[39m[22m [30m[45m zero-cache/bench-pg [49m[39m src/db/initial-sync.bench.pg.ts [2m([22m[2m1 test[22m[2m | [22m[33m1 skipped[39m[2m)[22m
 [2m[90m↓[39m[22m [30m[45m zero-cache/bench-pg [49m[39m src/services/change-streamer/storer.bench.pg.ts [2m([22m[2m2 tests[22m[2m | [22m[33m2 skipped[39m[2m)[22m
 [2m[90m↓[39m[22m [30m[45m zero-cache/bench-pg [49m[39m src/services/replicator/replication-throughput.bench.pg.ts [2m([22m[2m1 test[22m[2m | [22m[33m1 skipped[39m[2m)[22m

[2m Test Files [22m [1m[32m1 passed[39m[22m[2m | [22m[33m3 skipped[39m[90m (4)[39m
[2m      Tests [22m [1m[32m1 passed[39m[22m[2m | [22m[33m4 skipped[39m[90m (5)[39m
[2m   Start at [22m 12:05:43
[2m   Duration [22m 16.32s[2m (transform 375ms, setup 0ms, import 1.01s, tests 14.98s, environment 0ms)[22m

ZERO_COPY_PIPELINE_CGROUP {"memoryPeakBytes":3150237696,"memoryCurrentBytes":13193216,"memoryMax":"6442450944","memoryEvents":{"low":0,"high":0,"max":0,"oom":0,"oom_kill":0,"oom_group_kill":0},"memoryStat":{"anon":6873088,"file":12288,"kernel":4116480,"kernel_stack":147456,"pagetables":540672,"sec_pagetables":0,"percpu":37876,"sock":0,"vmalloc":8192,"shmem":0,"zswap":0,"zswapped":0,"file_mapped":0,"file_dirty":12288,"file_writeback":0,"swapcached":0,"anon_thp":0,"file_thp":0,"shmem_thp":0,"inactive_anon":0,"active_anon":6787072,"inactive_file":12288,"active_file":0,"unevictable":0,"slab_reclaimable":2618992,"slab_unreclaimable":487944,"slab":3106936,"workingset_refault_anon":0,"workingset_refault_file":0,"workingset_activate_anon":0,"workingset_activate_file":0,"workingset_restore_anon":0,"workingset_restore_file":0,"workingset_nodereclaim":0,"pgdemote_kswapd":0,"pgdemote_direct":0,"pgdemote_khugepaged":0,"pgscan":0,"pgsteal":0,"pgscan_kswapd":0,"pgscan_direct":0,"pgscan_khugepaged":0,"pgsteal_kswapd":0,"pgsteal_direct":0,"pgsteal_khugepaged":0,"pgfault":591829,"pgmajfault":0,"pgrefill":0,"pgactivate":0,"pgdeactivate":0,"pglazyfree":0,"pglazyfreed":0,"swpin_zero":0,"swpout_zero":0,"zswpin":0,"zswpout":0,"zswpwb":0,"thp_fault_alloc":56,"thp_collapse_alloc":0,"thp_swpout":0,"thp_swpout_fallback":0}}

	Command being timed: "./node_modules/.bin/vitest run --config vitest.config.bench.pg.ts -t initial sync copy pipeline investigation"
	User time (seconds): 9.63
	System time (seconds): 2.96
	Percent of CPU this job got: 76%
	Elapsed (wall clock) time (h:mm:ss or m:ss): 0:16.55
	Average shared text size (kbytes): 0
	Average unshared data size (kbytes): 0
	Average stack size (kbytes): 0
	Average total size (kbytes): 0
	Maximum resident set size (kbytes): 337028
	Average resident set size (kbytes): 0
	Major (requiring I/O) page faults: 0
	Minor (reclaiming a frame) page faults: 587834
	Voluntary context switches: 39689
	Involuntary context switches: 43
	Swaps: 0
	File system inputs: 0
	File system outputs: 5392136
	Socket messages sent: 0
	Socket messages received: 0
	Signals delivered: 0
	Page size (bytes): 4096
	Exit status: 0

ZERO_COPY_PIPELINE_EXIT {"status":0,"signal":null}