ZERO_COPY_PIPELINE_RUN_META {"startedAt":"2026-07-14T11:54:13.212Z","id":"imports-550m-direct-text-eager-secondary-r1","runConfig":{"profile":"imports-550m","worktree":"linear-parser","label":"direct-text-eager-secondary","partialInsertBatches":false,"directTextBuffers":true,"eagerIndexes":false,"eagerSecondaryIndexes":true,"bufferMB":8,"mmapGiB":2,"repetition":1},"fixture":{"fixture":"imports","rows":2000,"payloadBytes":275000,"copyChunkBytes":5632,"expectedCopyBytes":550000000,"docker":{"cpus":2,"memory":"6g","nodeHeapMB":4608}},"constraints":{"cpus":2,"memory":"6g","nodeHeapMB":4608},"image":"zero-copy-pipeline-linear-parser:local"}

[1m[30m[46m RUN [49m[39m[22m [36mv4.1.6 [39m[90m/workspace/packages/zero-cache[39m

ZERO_COPY_PIPELINE_PROGRESS creating fixture { fixture: 'imports', rows: 2000, payloadBytes: 275000 }
ZERO_COPY_PIPELINE_PROGRESS fixture ready {
  rows: 2000,
  tableBytes: 8536064,
  indexBytes: 417792,
  totalBytes: 8953856
}
ZERO_COPY_PIPELINE_RESULT {"kind":"initial-sync","profile":"imports-550m","runLabel":"imports-550m-direct-text-eager-secondary-r1","fixture":"imports","rows":2000,"payloadBytes":275000,"workers":5,"treatment":{"partialInsertBatches":false,"directTextBuffers":true,"eagerIndexes":false,"eagerSecondaryIndexes":true,"bufferMB":8},"sqliteTuning":{"mmapGiB":2,"mmapBytes":2147483648,"effectiveMmapBytes":2147418112},"source":{"rows":2000,"tableBytes":8536064,"indexBytes":417792,"totalBytes":8953856},"rawCopy":{"bytes":550174715,"chunks":2001,"averageChunkBytes":274949.88255872065,"ms":806.091917,"throughputMBps":682.5210666391039},"timing":{"outerMs":982.5479580000001,"callbackMs":955.3550829999999,"wrapperMs":27.192875000000186},"phases":{"summary":{"syncMode":"initial","copyFormat":"binary","publications":["_copy_pipeline_app_35_1784030055993_574747_metadata_0","zero_copy_pipeline"],"lsn":"0/47C5720","tables":4,"rows":2001,"copyMs":831.9496669999999,"flushMs":204.1002909999961,"copyBytes":550174793,"insertStatementCount":2001,"insertStatementsByRowCount":{"1":2001},"indexes":9,"indexMs":1.5496670000002268,"copyOtherMs":739.8712920000035,"totalMs":945.5212499999998},"tableCopies":[{"level":"info","message":"Finished copying 1 rows into copy_pipeline_app_35_1784030055993_574747.permissions (flush: 0.022 ms) (total: 2.963 ms) ","data":{"schema":"copy_pipeline_app_35_1784030055993_574747","table":"permissions","replicaTable":"copy_pipeline_app_35_1784030055993_574747.permissions","syncMode":"initial","copyFormat":"binary","columnCount":3,"rows":1,"estimatedRows":0,"estimatedBytes":16384,"flushMs":0.022041999999601103,"elapsedMs":2.9632919999999103,"copyBytes":36,"insertStatementCount":1,"insertStatementsByRowCount":{"1":1}}},{"level":"info","message":"Finished copying 0 rows into copy_pipeline_app_35_1784030055993_574747_0.clients (flush: 0.001 ms) (total: 3.714 ms) ","data":{"schema":"copy_pipeline_app_35_1784030055993_574747_0","table":"clients","replicaTable":"copy_pipeline_app_35_1784030055993_574747_0.clients","syncMode":"initial","copyFormat":"binary","columnCount":4,"rows":0,"estimatedRows":0,"estimatedBytes":8192,"flushMs":0.0006250000001273293,"elapsedMs":3.714082999999846,"copyBytes":21,"insertStatementCount":0,"insertStatementsByRowCount":{}}},{"level":"info","message":"Finished copying 0 rows into copy_pipeline_app_35_1784030055993_574747_0.mutations (flush: 0.001 ms) (total: 3.100 ms) ","data":{"schema":"copy_pipeline_app_35_1784030055993_574747_0","table":"mutations","replicaTable":"copy_pipeline_app_35_1784030055993_574747_0.mutations","syncMode":"initial","copyFormat":"binary","columnCount":4,"rows":0,"estimatedRows":0,"estimatedBytes":8192,"flushMs":0.0005419999997684499,"elapsedMs":3.1002910000001975,"copyBytes":21,"insertStatementCount":0,"insertStatementsByRowCount":{}}},{"level":"info","message":"Finished copying 2000 rows into userspace.imports (flush: 204.077 ms) (total: 827.056 ms) ","data":{"schema":"userspace","table":"imports","replicaTable":"userspace.imports","syncMode":"initial","copyFormat":"binary","columnCount":7,"rows":2000,"estimatedRows":2000,"estimatedBytes":8536064,"flushMs":204.0770819999966,"elapsedMs":827.056,"copyBytes":550174715,"insertStatementCount":2000,"insertStatementsByRowCount":{"1":2000}}}],"records":[{"level":"info","message":"Created index 1/5 (0.028 ms): CREATE  INDEX \"userspace.idx_imports_schema\" ON \"userspace.imports\" (\"schema\" ASC);"},{"level":"info","message":"Created index 2/5 (0.013 ms): CREATE  INDEX \"userspace.idx_imports_user_id\" ON \"userspace.imports\" (\"user_id\" ASC);"},{"level":"info","message":"Created index 3/5 (0.010 ms): CREATE  INDEX \"userspace.idx_imports_user_id_import_id\" ON \"userspace.imports\" (\"user_id\" ASC,\"import_id\" ASC);"},{"level":"info","message":"Created index 4/5 (0.012 ms): CREATE  INDEX \"userspace.idx_imports_user_source\" ON \"userspace.imports\" (\"user_id\" ASC,\"source\" ASC);"},{"level":"info","message":"Created index 5/5 (0.013 ms): CREATE  INDEX \"userspace.idx_imports_user_source_created_at\" ON \"userspace.imports\" (\"user_id\" ASC,\"source\" ASC,\"created_at\" DESC);"},{"level":"info","message":"Finished copying 1 rows into copy_pipeline_app_35_1784030055993_574747.permissions (flush: 0.022 ms) (total: 2.963 ms) ","data":{"schema":"copy_pipeline_app_35_1784030055993_574747","table":"permissions","replicaTable":"copy_pipeline_app_35_1784030055993_574747.permissions","syncMode":"initial","copyFormat":"binary","columnCount":3,"rows":1,"estimatedRows":0,"estimatedBytes":16384,"flushMs":0.022041999999601103,"elapsedMs":2.9632919999999103,"copyBytes":36,"insertStatementCount":1,"insertStatementsByRowCount":{"1":1}}},{"level":"info","message":"Finished copying 0 rows into copy_pipeline_app_35_1784030055993_574747_0.clients (flush: 0.001 ms) (total: 3.714 ms) ","data":{"schema":"copy_pipeline_app_35_1784030055993_574747_0","table":"clients","replicaTable":"copy_pipeline_app_35_1784030055993_574747_0.clients","syncMode":"initial","copyFormat":"binary","columnCount":4,"rows":0,"estimatedRows":0,"estimatedBytes":8192,"flushMs":0.0006250000001273293,"elapsedMs":3.714082999999846,"copyBytes":21,"insertStatementCount":0,"insertStatementsByRowCount":{}}},{"level":"info","message":"Finished copying 0 rows into copy_pipeline_app_35_1784030055993_574747_0.mutations (flush: 0.001 ms) (total: 3.100 ms) ","data":{"schema":"copy_pipeline_app_35_1784030055993_574747_0","table":"mutations","replicaTable":"copy_pipeline_app_35_1784030055993_574747_0.mutations","syncMode":"initial","copyFormat":"binary","columnCount":4,"rows":0,"estimatedRows":0,"estimatedBytes":8192,"flushMs":0.0005419999997684499,"elapsedMs":3.1002910000001975,"copyBytes":21,"insertStatementCount":0,"insertStatementsByRowCount":{}}},{"level":"info","message":"Finished copying 2000 rows into userspace.imports (flush: 204.077 ms) (total: 827.056 ms) ","data":{"schema":"userspace","table":"imports","replicaTable":"userspace.imports","syncMode":"initial","copyFormat":"binary","columnCount":7,"rows":2000,"estimatedRows":2000,"estimatedBytes":8536064,"flushMs":204.0770819999966,"elapsedMs":827.056,"copyBytes":550174715,"insertStatementCount":2000,"insertStatementsByRowCount":{"1":2000}}},{"level":"info","message":"Created index 1/4 (0.036 ms): CREATE UNIQUE INDEX \"copy_pipeline_app_35_1784030055993_574747.permissions_pkey\" ON \"copy_pipeline_app_35_1784030055993_574747.permissions\" (\"lock\" ASC);"},{"level":"info","message":"Created index 2/4 (0.017 ms): CREATE UNIQUE INDEX \"copy_pipeline_app_35_1784030055993_574747_0.clients_pkey\" ON \"copy_pipeline_app_35_1784030055993_574747_0.clients\" (\"clientGroupID\" ASC,\"clientID\" ASC);"},{"level":"info","message":"Created index 3/4 (0.033 ms): CREATE UNIQUE INDEX \"copy_pipeline_app_35_1784030055993_574747_0.mutations_pkey\" ON \"copy_pipeline_app_35_1784030055993_574747_0.mutations\" (\"clientGroupID\" ASC,\"clientID\" ASC,\"mutationID\" ASC);"},{"level":"info","message":"Created index 4/4 (1.236 ms): CREATE UNIQUE INDEX \"userspace.imports_pkey\" ON \"userspace.imports\" (\"import_id\" ASC);"},{"level":"info","message":"Created indexes (1.550 ms)"},{"level":"info","message":"Synced 2,001 rows of 4 tables in _copy_pipeline_app_35_1784030055993_574747_metadata_0,zero_copy_pipeline up to 0/47C5720 (flush: 204.100, index: 1.550, total: 945.521 ms)","data":{"syncMode":"initial","copyFormat":"binary","publications":["_copy_pipeline_app_35_1784030055993_574747_metadata_0","zero_copy_pipeline"],"lsn":"0/47C5720","tables":4,"rows":2001,"copyMs":831.9496669999999,"flushMs":204.1002909999961,"copyBytes":550174793,"insertStatementCount":2001,"insertStatementsByRowCount":{"1":2001},"indexes":9,"indexMs":1.5496670000002268,"copyOtherMs":739.8712920000035,"totalMs":945.5212499999998}}]},"peakRssBytes":253321216,"resourceUsage":{"userCPUTime":1100257,"systemCPUTime":243614,"maxRSS":210864,"sharedMemorySize":0,"unsharedDataSize":0,"unsharedStackSize":0,"minorPageFault":73185,"majorPageFault":0,"swappedOut":0,"fsRead":0,"fsWrite":1077096,"ipcSent":0,"ipcReceived":0,"signalsCount":0,"voluntaryContextSwitches":3532,"involuntaryContextSwitches":0},"sqlite":{"rows":2000,"fileBytes":551374848,"pageCount":134613,"pageSize":4096}}
 [32m✓[39m [30m[45m zero-cache/bench-pg [49m[39m src/initial-sync-copy-pipeline.product.bench.pg.ts [2m([22m[2m1 test[22m[2m)[22m[32m 3019[2mms[22m[39m
 [2m[90m↓[39m[22m [30m[45m zero-cache/bench-pg [49m[39m src/db/initial-sync.bench.pg.ts [2m([22m[2m1 test[22m[2m | [22m[33m1 skipped[39m[2m)[22m
 [2m[90m↓[39m[22m [30m[45m zero-cache/bench-pg [49m[39m src/services/change-streamer/storer.bench.pg.ts [2m([22m[2m2 tests[22m[2m | [22m[33m2 skipped[39m[2m)[22m
 [2m[90m↓[39m[22m [30m[45m zero-cache/bench-pg [49m[39m src/services/replicator/replication-throughput.bench.pg.ts [2m([22m[2m1 test[22m[2m | [22m[33m1 skipped[39m[2m)[22m

[2m Test Files [22m [1m[32m1 passed[39m[22m[2m | [22m[33m3 skipped[39m[90m (4)[39m
[2m      Tests [22m [1m[32m1 passed[39m[22m[2m | [22m[33m4 skipped[39m[90m (5)[39m
[2m   Start at [22m 11:54:13
[2m   Duration [22m 4.21s[2m (transform 312ms, setup 0ms, import 885ms, tests 3.02s, environment 0ms)[22m

ZERO_COPY_PIPELINE_CGROUP {"memoryPeakBytes":929865728,"memoryCurrentBytes":16515072,"memoryMax":"6442450944","memoryEvents":{"low":0,"high":0,"max":0,"oom":0,"oom_kill":0,"oom_group_kill":0},"memoryStat":{"anon":6868992,"file":4096,"kernel":7938048,"kernel_stack":147456,"pagetables":536576,"sec_pagetables":0,"percpu":37876,"sock":0,"vmalloc":8192,"shmem":0,"zswap":0,"zswapped":0,"file_mapped":0,"file_dirty":4096,"file_writeback":0,"swapcached":0,"anon_thp":0,"file_thp":0,"shmem_thp":0,"inactive_anon":0,"active_anon":6750208,"inactive_file":4096,"active_file":0,"unevictable":0,"slab_reclaimable":2629808,"slab_unreclaimable":592336,"slab":3222144,"workingset_refault_anon":0,"workingset_refault_file":0,"workingset_activate_anon":0,"workingset_activate_file":0,"workingset_restore_anon":0,"workingset_restore_file":0,"workingset_nodereclaim":0,"pgdemote_kswapd":0,"pgdemote_direct":0,"pgdemote_khugepaged":0,"pgscan":0,"pgsteal":0,"pgscan_kswapd":0,"pgscan_direct":0,"pgscan_khugepaged":0,"pgsteal_kswapd":0,"pgsteal_direct":0,"pgsteal_khugepaged":0,"pgfault":282169,"pgmajfault":0,"pgrefill":0,"pgactivate":0,"pgdeactivate":0,"pglazyfree":0,"pglazyfreed":0,"swpin_zero":0,"swpout_zero":0,"zswpin":0,"zswpout":0,"zswpwb":0,"thp_fault_alloc":55,"thp_collapse_alloc":0,"thp_swpout":0,"thp_swpout_fallback":0}}

	Command being timed: "./node_modules/.bin/vitest run --config vitest.config.bench.pg.ts -t initial sync copy pipeline investigation"
	User time (seconds): 3.44
	System time (seconds): 0.63
	Percent of CPU this job got: 91%
	Elapsed (wall clock) time (h:mm:ss or m:ss): 0:04.44
	Average shared text size (kbytes): 0
	Average unshared data size (kbytes): 0
	Average stack size (kbytes): 0
	Average total size (kbytes): 0
	Maximum resident set size (kbytes): 384956
	Average resident set size (kbytes): 0
	Major (requiring I/O) page faults: 0
	Minor (reclaiming a frame) page faults: 278178
	Voluntary context switches: 16902
	Involuntary context switches: 17
	Swaps: 0
	File system inputs: 0
	File system outputs: 1082272
	Socket messages sent: 0
	Socket messages received: 0
	Signals delivered: 0
	Page size (bytes): 4096
	Exit status: 0

ZERO_COPY_PIPELINE_EXIT {"status":0,"signal":null}