ZERO_COPY_PIPELINE_RUN_META {"startedAt":"2026-07-14T11:54:31.600Z","id":"email-683m-direct-text-eager-secondary-r2","runConfig":{"profile":"email-683m","worktree":"linear-parser","label":"direct-text-eager-secondary","partialInsertBatches":false,"directTextBuffers":true,"eagerIndexes":false,"eagerSecondaryIndexes":true,"bufferMB":8,"mmapGiB":2,"repetition":2},"fixture":{"fixture":"email","rows":1000,"payloadBytes":683000,"copyChunkBytes":31744,"expectedCopyBytes":683000000,"docker":{"cpus":1,"memory":"3g","nodeHeapMB":2304}},"constraints":{"cpus":1,"memory":"3g","nodeHeapMB":2304},"image":"zero-copy-pipeline-linear-parser:local"}

[1m[30m[46m RUN [49m[39m[22m [36mv4.1.6 [39m[90m/workspace/packages/zero-cache[39m

ZERO_COPY_PIPELINE_PROGRESS creating fixture { fixture: 'email', rows: 1000, payloadBytes: 683000 }
ZERO_COPY_PIPELINE_PROGRESS fixture ready {
  rows: 1000,
  tableBytes: 8781824,
  indexBytes: 262144,
  totalBytes: 9043968
}
ZERO_COPY_PIPELINE_RESULT {"kind":"initial-sync","profile":"email-683m","runLabel":"email-683m-direct-text-eager-secondary-r2","fixture":"email","rows":1000,"payloadBytes":683000,"workers":5,"treatment":{"partialInsertBatches":false,"directTextBuffers":true,"eagerIndexes":false,"eagerSecondaryIndexes":true,"bufferMB":8},"sqliteTuning":{"mmapGiB":2,"mmapBytes":2147483648,"effectiveMmapBytes":2147418112},"source":{"rows":1000,"tableBytes":8781824,"indexBytes":262144,"totalBytes":9043968},"rawCopy":{"bytes":683438323,"chunks":1001,"averageChunkBytes":682755.5674325675,"ms":242.784,"throughputMBps":2815.005614043759},"timing":{"outerMs":710.402376,"callbackMs":674.171209,"wrapperMs":36.23116700000003},"phases":{"summary":{"syncMode":"initial","copyFormat":"binary","publications":["_copy_pipeline_app_32_1784030073007_119663_metadata_0","zero_copy_pipeline"],"lsn":"0/7A9A658","tables":4,"rows":1001,"copyMs":535.756292,"flushMs":292.9407499999995,"copyBytes":683438401,"insertStatementCount":1001,"insertStatementsByRowCount":{"1":1001},"indexes":7,"indexMs":1.2397919999998521,"copyOtherMs":369.65054200000066,"totalMs":663.831084},"tableCopies":[{"level":"info","message":"Finished copying 1 rows into copy_pipeline_app_32_1784030073007_119663.permissions (flush: 0.021 ms) (total: 2.242 ms) ","data":{"schema":"copy_pipeline_app_32_1784030073007_119663","table":"permissions","replicaTable":"copy_pipeline_app_32_1784030073007_119663.permissions","syncMode":"initial","copyFormat":"binary","columnCount":3,"rows":1,"estimatedRows":0,"estimatedBytes":16384,"flushMs":0.02112499999998363,"elapsedMs":2.2422080000001188,"copyBytes":36,"insertStatementCount":1,"insertStatementsByRowCount":{"1":1}}},{"level":"info","message":"Finished copying 0 rows into copy_pipeline_app_32_1784030073007_119663_0.clients (flush: 0.001 ms) (total: 1.963 ms) ","data":{"schema":"copy_pipeline_app_32_1784030073007_119663_0","table":"clients","replicaTable":"copy_pipeline_app_32_1784030073007_119663_0.clients","syncMode":"initial","copyFormat":"binary","columnCount":4,"rows":0,"estimatedRows":0,"estimatedBytes":8192,"flushMs":0.0007499999999254214,"elapsedMs":1.962833000000046,"copyBytes":21,"insertStatementCount":0,"insertStatementsByRowCount":{}}},{"level":"info","message":"Finished copying 0 rows into copy_pipeline_app_32_1784030073007_119663_0.mutations (flush: 0.000 ms) (total: 1.221 ms) ","data":{"schema":"copy_pipeline_app_32_1784030073007_119663_0","table":"mutations","replicaTable":"copy_pipeline_app_32_1784030073007_119663_0.mutations","syncMode":"initial","copyFormat":"binary","columnCount":4,"rows":0,"estimatedRows":0,"estimatedBytes":8192,"flushMs":0.0004999999998744897,"elapsedMs":1.2206250000001546,"copyBytes":21,"insertStatementCount":0,"insertStatementsByRowCount":{}}},{"level":"info","message":"Finished copying 1000 rows into Email (flush: 292.918 ms) (total: 530.072 ms) ","data":{"schema":"public","table":"Email","replicaTable":"Email","syncMode":"initial","copyFormat":"binary","columnCount":25,"rows":1000,"estimatedRows":1000,"estimatedBytes":8781824,"flushMs":292.91837499999974,"elapsedMs":530.072167,"copyBytes":683438323,"insertStatementCount":1000,"insertStatementsByRowCount":{"1":1000}}}],"records":[{"level":"info","message":"Created index 1/3 (0.019 ms): CREATE  INDEX \"Email_threadId_createdAt_id_idx\" ON \"Email\" (\"threadId\" ASC,\"createdAt\" ASC,\"id\" ASC);"},{"level":"info","message":"Created index 2/3 (0.011 ms): CREATE  INDEX \"Email_threadId_id_idx\" ON \"Email\" (\"threadId\" ASC,\"id\" ASC);"},{"level":"info","message":"Created index 3/3 (0.029 ms): CREATE  INDEX \"Email_workspaceId_id_idx\" ON \"Email\" (\"workspaceId\" ASC,\"id\" ASC);"},{"level":"info","message":"Finished copying 1 rows into copy_pipeline_app_32_1784030073007_119663.permissions (flush: 0.021 ms) (total: 2.242 ms) ","data":{"schema":"copy_pipeline_app_32_1784030073007_119663","table":"permissions","replicaTable":"copy_pipeline_app_32_1784030073007_119663.permissions","syncMode":"initial","copyFormat":"binary","columnCount":3,"rows":1,"estimatedRows":0,"estimatedBytes":16384,"flushMs":0.02112499999998363,"elapsedMs":2.2422080000001188,"copyBytes":36,"insertStatementCount":1,"insertStatementsByRowCount":{"1":1}}},{"level":"info","message":"Finished copying 0 rows into copy_pipeline_app_32_1784030073007_119663_0.clients (flush: 0.001 ms) (total: 1.963 ms) ","data":{"schema":"copy_pipeline_app_32_1784030073007_119663_0","table":"clients","replicaTable":"copy_pipeline_app_32_1784030073007_119663_0.clients","syncMode":"initial","copyFormat":"binary","columnCount":4,"rows":0,"estimatedRows":0,"estimatedBytes":8192,"flushMs":0.0007499999999254214,"elapsedMs":1.962833000000046,"copyBytes":21,"insertStatementCount":0,"insertStatementsByRowCount":{}}},{"level":"info","message":"Finished copying 0 rows into copy_pipeline_app_32_1784030073007_119663_0.mutations (flush: 0.000 ms) (total: 1.221 ms) ","data":{"schema":"copy_pipeline_app_32_1784030073007_119663_0","table":"mutations","replicaTable":"copy_pipeline_app_32_1784030073007_119663_0.mutations","syncMode":"initial","copyFormat":"binary","columnCount":4,"rows":0,"estimatedRows":0,"estimatedBytes":8192,"flushMs":0.0004999999998744897,"elapsedMs":1.2206250000001546,"copyBytes":21,"insertStatementCount":0,"insertStatementsByRowCount":{}}},{"level":"info","message":"Finished copying 1000 rows into Email (flush: 292.918 ms) (total: 530.072 ms) ","data":{"schema":"public","table":"Email","replicaTable":"Email","syncMode":"initial","copyFormat":"binary","columnCount":25,"rows":1000,"estimatedRows":1000,"estimatedBytes":8781824,"flushMs":292.91837499999974,"elapsedMs":530.072167,"copyBytes":683438323,"insertStatementCount":1000,"insertStatementsByRowCount":{"1":1000}}},{"level":"info","message":"Created index 1/4 (0.077 ms): CREATE UNIQUE INDEX \"copy_pipeline_app_32_1784030073007_119663.permissions_pkey\" ON \"copy_pipeline_app_32_1784030073007_119663.permissions\" (\"lock\" ASC);"},{"level":"info","message":"Created index 2/4 (0.029 ms): CREATE UNIQUE INDEX \"copy_pipeline_app_32_1784030073007_119663_0.clients_pkey\" ON \"copy_pipeline_app_32_1784030073007_119663_0.clients\" (\"clientGroupID\" ASC,\"clientID\" ASC);"},{"level":"info","message":"Created index 3/4 (0.024 ms): CREATE UNIQUE INDEX \"copy_pipeline_app_32_1784030073007_119663_0.mutations_pkey\" ON \"copy_pipeline_app_32_1784030073007_119663_0.mutations\" (\"clientGroupID\" ASC,\"clientID\" ASC,\"mutationID\" ASC);"},{"level":"info","message":"Created index 4/4 (0.927 ms): CREATE UNIQUE INDEX \"Email_pkey\" ON \"Email\" (\"id\" ASC);"},{"level":"info","message":"Created indexes (1.240 ms)"},{"level":"info","message":"Synced 1,001 rows of 4 tables in _copy_pipeline_app_32_1784030073007_119663_metadata_0,zero_copy_pipeline up to 0/7A9A658 (flush: 292.941, index: 1.240, total: 663.831 ms)","data":{"syncMode":"initial","copyFormat":"binary","publications":["_copy_pipeline_app_32_1784030073007_119663_metadata_0","zero_copy_pipeline"],"lsn":"0/7A9A658","tables":4,"rows":1001,"copyMs":535.756292,"flushMs":292.9407499999995,"copyBytes":683438401,"insertStatementCount":1001,"insertStatementsByRowCount":{"1":1001},"indexes":7,"indexMs":1.2397919999998521,"copyOtherMs":369.65054200000066,"totalMs":663.831084}}]},"peakRssBytes":204001280,"resourceUsage":{"userCPUTime":292598,"systemCPUTime":318056,"maxRSS":254632,"sharedMemorySize":0,"unsharedDataSize":0,"unsharedStackSize":0,"minorPageFault":92852,"majorPageFault":0,"swappedOut":0,"fsRead":0,"fsWrite":1337664,"ipcSent":0,"ipcReceived":0,"signalsCount":0,"voluntaryContextSwitches":1291,"involuntaryContextSwitches":3},"sqlite":{"rows":1000,"fileBytes":684826624,"pageCount":167194,"pageSize":4096}}
 [32m✓[39m [30m[45m zero-cache/bench-pg [49m[39m src/initial-sync-copy-pipeline.product.bench.pg.ts [2m([22m[2m1 test[22m[2m)[22m[32m 1134[2mms[22m[39m
 [2m[90m↓[39m[22m [30m[45m zero-cache/bench-pg [49m[39m src/db/initial-sync.bench.pg.ts [2m([22m[2m1 test[22m[2m | [22m[33m1 skipped[39m[2m)[22m
 [2m[90m↓[39m[22m [30m[45m zero-cache/bench-pg [49m[39m src/services/change-streamer/storer.bench.pg.ts [2m([22m[2m2 tests[22m[2m | [22m[33m2 skipped[39m[2m)[22m
 [2m[90m↓[39m[22m [30m[45m zero-cache/bench-pg [49m[39m src/services/replicator/replication-throughput.bench.pg.ts [2m([22m[2m1 test[22m[2m | [22m[33m1 skipped[39m[2m)[22m

[2m Test Files [22m [1m[32m1 passed[39m[22m[2m | [22m[33m3 skipped[39m[90m (4)[39m
[2m      Tests [22m [1m[32m1 passed[39m[22m[2m | [22m[33m4 skipped[39m[90m (5)[39m
[2m   Start at [22m 11:54:31
[2m   Duration [22m 2.96s[2m (transform 477ms, setup 0ms, import 1.41s, tests 1.13s, environment 0ms)[22m

ZERO_COPY_PIPELINE_CGROUP {"memoryPeakBytes":1037238272,"memoryCurrentBytes":16494592,"memoryMax":"3221225472","memoryEvents":{"low":0,"high":0,"max":0,"oom":0,"oom_kill":0,"oom_group_kill":0},"memoryStat":{"anon":6873088,"file":4096,"kernel":7839744,"kernel_stack":147456,"pagetables":536576,"sec_pagetables":0,"percpu":37876,"sock":0,"vmalloc":8192,"shmem":0,"zswap":0,"zswapped":0,"file_mapped":0,"file_dirty":4096,"file_writeback":0,"swapcached":0,"anon_thp":0,"file_thp":0,"shmem_thp":0,"inactive_anon":0,"active_anon":6750208,"inactive_file":4096,"active_file":0,"unevictable":0,"slab_reclaimable":2635448,"slab_unreclaimable":585376,"slab":3220824,"workingset_refault_anon":0,"workingset_refault_file":0,"workingset_activate_anon":0,"workingset_activate_file":0,"workingset_restore_anon":0,"workingset_restore_file":0,"workingset_nodereclaim":0,"pgdemote_kswapd":0,"pgdemote_direct":0,"pgdemote_khugepaged":0,"pgscan":0,"pgsteal":0,"pgscan_kswapd":0,"pgscan_direct":0,"pgscan_khugepaged":0,"pgsteal_kswapd":0,"pgsteal_direct":0,"pgsteal_khugepaged":0,"pgfault":254005,"pgmajfault":0,"pgrefill":0,"pgactivate":0,"pgdeactivate":0,"pglazyfree":0,"pglazyfreed":0,"swpin_zero":0,"swpout_zero":0,"zswpin":0,"zswpout":0,"zswpwb":0,"thp_fault_alloc":51,"thp_collapse_alloc":0,"thp_swpout":0,"thp_swpout_fallback":0}}

	Command being timed: "./node_modules/.bin/vitest run --config vitest.config.bench.pg.ts -t initial sync copy pipeline investigation"
	User time (seconds): 2.21
	System time (seconds): 0.69
	Percent of CPU this job got: 90%
	Elapsed (wall clock) time (h:mm:ss or m:ss): 0:03.21
	Average shared text size (kbytes): 0
	Average unshared data size (kbytes): 0
	Average stack size (kbytes): 0
	Average total size (kbytes): 0
	Maximum resident set size (kbytes): 420888
	Average resident set size (kbytes): 0
	Major (requiring I/O) page faults: 0
	Minor (reclaiming a frame) page faults: 250017
	Voluntary context switches: 10818
	Involuntary context switches: 38
	Swaps: 0
	File system inputs: 0
	File system outputs: 1342840
	Socket messages sent: 0
	Socket messages received: 0
	Signals delivered: 0
	Page size (bytes): 4096
	Exit status: 0

ZERO_COPY_PIPELINE_EXIT {"status":0,"signal":null}