ZERO_COPY_PIPELINE_RUN_META {"startedAt":"2026-07-14T11:06:42.473Z","id":"email-683m-baseline-r1","runConfig":{"profile":"email-683m","worktree":"baseline","label":"baseline","partialInsertBatches":false,"bufferMB":8,"repetition":1},"fixture":{"fixture":"email","rows":1000,"payloadBytes":683000,"copyChunkBytes":31744,"expectedCopyBytes":683000000,"docker":{"cpus":1,"memory":"3g","nodeHeapMB":2304}},"constraints":{"cpus":1,"memory":"3g","nodeHeapMB":2304},"image":"zero-copy-pipeline-baseline:local"}

[1m[30m[46m RUN [49m[39m[22m [36mv4.1.6 [39m[90m/workspace/packages/zero-cache[39m

ZERO_COPY_PIPELINE_PROGRESS creating fixture { fixture: 'email', rows: 1000, payloadBytes: 683000 }
ZERO_COPY_PIPELINE_PROGRESS fixture ready {
  rows: 1000,
  tableBytes: 8781824,
  indexBytes: 262144,
  totalBytes: 9043968
}
ZERO_COPY_PIPELINE_RESULT {"kind":"initial-sync","profile":"email-683m","runLabel":"email-683m-baseline-r1","fixture":"email","rows":1000,"payloadBytes":683000,"workers":5,"treatment":{"partialInsertBatches":false,"bufferMB":8},"sqliteTuning":{"mmapBytes":1073741824,"effectiveMmapBytes":1073741824},"source":{"rows":1000,"tableBytes":8781824,"indexBytes":262144,"totalBytes":9043968},"rawCopy":{"bytes":683438323,"chunks":1001,"averageChunkBytes":682755.5674325675,"ms":615.1226669999999,"throughputMBps":1111.0602155716042},"timing":{"outerMs":2086.579501,"callbackMs":2048.6741680000005,"wrapperMs":37.9053329999997},"phases":{"summary":{"syncMode":"initial","copyFormat":"binary","publications":["_copy_pipeline_app_32_1784027205505_548503_metadata_0","zero_copy_pipeline"],"lsn":"0/225EED0","tables":4,"rows":1001,"copyMs":1613.563084,"flushMs":619.5241260000005,"copyBytes":683438401,"indexes":7,"indexMs":92.78562499999998,"copyOtherMs":1175.6006659999994,"totalMs":1887.9104169999998},"tableCopies":[{"level":"info","message":"Finished copying 1 rows into copy_pipeline_app_32_1784027205505_548503.permissions (flush: 0.395 ms) (total: 3.017 ms) ","data":{"schema":"copy_pipeline_app_32_1784027205505_548503","table":"permissions","replicaTable":"copy_pipeline_app_32_1784027205505_548503.permissions","syncMode":"initial","copyFormat":"binary","columnCount":3,"rows":1,"estimatedRows":0,"estimatedBytes":16384,"flushMs":0.3953329999999369,"elapsedMs":3.0169579999999314,"copyBytes":36}},{"level":"info","message":"Finished copying 0 rows into copy_pipeline_app_32_1784027205505_548503_0.clients (flush: 0.001 ms) (total: 2.545 ms) ","data":{"schema":"copy_pipeline_app_32_1784027205505_548503_0","table":"clients","replicaTable":"copy_pipeline_app_32_1784027205505_548503_0.clients","syncMode":"initial","copyFormat":"binary","columnCount":4,"rows":0,"estimatedRows":0,"estimatedBytes":8192,"flushMs":0.0006249999998999556,"elapsedMs":2.5446249999999964,"copyBytes":21}},{"level":"info","message":"Finished copying 0 rows into copy_pipeline_app_32_1784027205505_548503_0.mutations (flush: 0.001 ms) (total: 1.884 ms) ","data":{"schema":"copy_pipeline_app_32_1784027205505_548503_0","table":"mutations","replicaTable":"copy_pipeline_app_32_1784027205505_548503_0.mutations","syncMode":"initial","copyFormat":"binary","columnCount":4,"rows":0,"estimatedRows":0,"estimatedBytes":8192,"flushMs":0.0008339999999407155,"elapsedMs":1.8841249999998126,"copyBytes":21}},{"level":"info","message":"Finished copying 1000 rows into Email (flush: 619.127 ms) (total: 1605.868 ms) ","data":{"schema":"public","table":"Email","replicaTable":"Email","syncMode":"initial","copyFormat":"binary","columnCount":25,"rows":1000,"estimatedRows":1000,"estimatedBytes":8781824,"flushMs":619.1273340000007,"elapsedMs":1605.8679589999997,"copyBytes":683438323}}],"records":[{"level":"info","message":"Finished copying 1 rows into copy_pipeline_app_32_1784027205505_548503.permissions (flush: 0.395 ms) (total: 3.017 ms) ","data":{"schema":"copy_pipeline_app_32_1784027205505_548503","table":"permissions","replicaTable":"copy_pipeline_app_32_1784027205505_548503.permissions","syncMode":"initial","copyFormat":"binary","columnCount":3,"rows":1,"estimatedRows":0,"estimatedBytes":16384,"flushMs":0.3953329999999369,"elapsedMs":3.0169579999999314,"copyBytes":36}},{"level":"info","message":"Finished copying 0 rows into copy_pipeline_app_32_1784027205505_548503_0.clients (flush: 0.001 ms) (total: 2.545 ms) ","data":{"schema":"copy_pipeline_app_32_1784027205505_548503_0","table":"clients","replicaTable":"copy_pipeline_app_32_1784027205505_548503_0.clients","syncMode":"initial","copyFormat":"binary","columnCount":4,"rows":0,"estimatedRows":0,"estimatedBytes":8192,"flushMs":0.0006249999998999556,"elapsedMs":2.5446249999999964,"copyBytes":21}},{"level":"info","message":"Finished copying 0 rows into copy_pipeline_app_32_1784027205505_548503_0.mutations (flush: 0.001 ms) (total: 1.884 ms) ","data":{"schema":"copy_pipeline_app_32_1784027205505_548503_0","table":"mutations","replicaTable":"copy_pipeline_app_32_1784027205505_548503_0.mutations","syncMode":"initial","copyFormat":"binary","columnCount":4,"rows":0,"estimatedRows":0,"estimatedBytes":8192,"flushMs":0.0008339999999407155,"elapsedMs":1.8841249999998126,"copyBytes":21}},{"level":"info","message":"Finished copying 1000 rows into Email (flush: 619.127 ms) (total: 1605.868 ms) ","data":{"schema":"public","table":"Email","replicaTable":"Email","syncMode":"initial","copyFormat":"binary","columnCount":25,"rows":1000,"estimatedRows":1000,"estimatedBytes":8781824,"flushMs":619.1273340000007,"elapsedMs":1605.8679589999997,"copyBytes":683438323}},{"level":"info","message":"Created index 1/7 (0.064 ms): CREATE UNIQUE INDEX \"copy_pipeline_app_32_1784027205505_548503.permissions_pkey\" ON \"copy_pipeline_app_32_1784027205505_548503.permissions\" (\"lock\" ASC);"},{"level":"info","message":"Created index 2/7 (0.029 ms): CREATE UNIQUE INDEX \"copy_pipeline_app_32_1784027205505_548503_0.clients_pkey\" ON \"copy_pipeline_app_32_1784027205505_548503_0.clients\" (\"clientGroupID\" ASC,\"clientID\" ASC);"},{"level":"info","message":"Created index 3/7 (0.077 ms): CREATE UNIQUE INDEX \"copy_pipeline_app_32_1784027205505_548503_0.mutations_pkey\" ON \"copy_pipeline_app_32_1784027205505_548503_0.mutations\" (\"clientGroupID\" ASC,\"clientID\" ASC,\"mutationID\" ASC);"},{"level":"info","message":"Created index 4/7 (3.480 ms): CREATE UNIQUE INDEX \"Email_pkey\" ON \"Email\" (\"id\" ASC);"},{"level":"info","message":"Created index 5/7 (42.435 ms): CREATE  INDEX \"Email_threadId_createdAt_id_idx\" ON \"Email\" (\"threadId\" ASC,\"createdAt\" ASC,\"id\" ASC);"},{"level":"info","message":"Created index 6/7 (24.132 ms): CREATE  INDEX \"Email_threadId_id_idx\" ON \"Email\" (\"threadId\" ASC,\"id\" ASC);"},{"level":"info","message":"Created index 7/7 (22.338 ms): CREATE  INDEX \"Email_workspaceId_id_idx\" ON \"Email\" (\"workspaceId\" ASC,\"id\" ASC);"},{"level":"info","message":"Created indexes (92.786 ms)"},{"level":"info","message":"Synced 1,001 rows of 4 tables in _copy_pipeline_app_32_1784027205505_548503_metadata_0,zero_copy_pipeline up to 0/225EED0 (flush: 619.524, index: 92.786, total: 1887.910 ms)","data":{"syncMode":"initial","copyFormat":"binary","publications":["_copy_pipeline_app_32_1784027205505_548503_metadata_0","zero_copy_pipeline"],"lsn":"0/225EED0","tables":4,"rows":1001,"copyMs":1613.563084,"flushMs":619.5241260000005,"copyBytes":683438401,"indexes":7,"indexMs":92.78562499999998,"copyOtherMs":1175.6006659999994,"totalMs":1887.9104169999998}}]},"peakRssBytes":923869184,"resourceUsage":{"userCPUTime":1040702,"systemCPUTime":879071,"maxRSS":708276,"sharedMemorySize":0,"unsharedDataSize":0,"unsharedStackSize":0,"minorPageFault":204404,"majorPageFault":4,"swappedOut":0,"fsRead":1584,"fsWrite":1337600,"ipcSent":0,"ipcReceived":0,"signalsCount":0,"voluntaryContextSwitches":3728,"involuntaryContextSwitches":31},"sqlite":{"rows":1000,"fileBytes":684822528,"pageCount":167193,"pageSize":4096}}
 [32m✓[39m [30m[45m zero-cache/bench-pg [49m[39m src/initial-sync-copy-pipeline.product.bench.pg.ts [2m([22m[2m1 test[22m[2m)[22m[32m 3111[2mms[22m[39m
 [2m[90m↓[39m[22m [30m[45m zero-cache/bench-pg [49m[39m src/db/initial-sync.bench.pg.ts [2m([22m[2m1 test[22m[2m | [22m[33m1 skipped[39m[2m)[22m
 [2m[90m↓[39m[22m [30m[45m zero-cache/bench-pg [49m[39m src/services/change-streamer/storer.bench.pg.ts [2m([22m[2m2 tests[22m[2m | [22m[33m2 skipped[39m[2m)[22m
 [2m[90m↓[39m[22m [30m[45m zero-cache/bench-pg [49m[39m src/services/replicator/replication-throughput.bench.pg.ts [2m([22m[2m1 test[22m[2m | [22m[33m1 skipped[39m[2m)[22m

[2m Test Files [22m [1m[32m1 passed[39m[22m[2m | [22m[33m3 skipped[39m[90m (4)[39m
[2m      Tests [22m [1m[32m1 passed[39m[22m[2m | [22m[33m4 skipped[39m[90m (5)[39m
[2m   Start at [22m 11:06:43
[2m   Duration [22m 5.40s[2m (transform 875ms, setup 0ms, import 1.80s, tests 3.11s, environment 0ms)[22m

ZERO_COPY_PIPELINE_CGROUP {"memoryPeakBytes":1081626624,"memoryCurrentBytes":17035264,"memoryMax":"3221225472","memoryEvents":{"low":0,"high":0,"max":0,"oom":0,"oom_kill":0,"oom_group_kill":0},"memoryStat":{"anon":6864896,"file":765952,"kernel":7684096,"kernel_stack":147456,"pagetables":544768,"sec_pagetables":0,"percpu":38148,"sock":0,"vmalloc":8192,"shmem":0,"zswap":0,"zswapped":0,"file_mapped":0,"file_dirty":36864,"file_writeback":0,"swapcached":0,"anon_thp":0,"file_thp":0,"shmem_thp":0,"inactive_anon":0,"active_anon":6746112,"inactive_file":651264,"active_file":114688,"unevictable":0,"slab_reclaimable":3006520,"slab_unreclaimable":563296,"slab":3569816,"workingset_refault_anon":0,"workingset_refault_file":327,"workingset_activate_anon":0,"workingset_activate_file":327,"workingset_restore_anon":0,"workingset_restore_file":198,"workingset_nodereclaim":0,"pgdemote_kswapd":0,"pgdemote_direct":0,"pgdemote_khugepaged":0,"pgscan":475,"pgsteal":475,"pgscan_kswapd":475,"pgscan_direct":0,"pgscan_khugepaged":0,"pgsteal_kswapd":475,"pgsteal_direct":0,"pgsteal_khugepaged":0,"pgfault":380002,"pgmajfault":4,"pgrefill":8409,"pgactivate":0,"pgdeactivate":0,"pglazyfree":0,"pglazyfreed":0,"swpin_zero":0,"swpout_zero":0,"zswpin":0,"zswpout":0,"zswpwb":0,"thp_fault_alloc":26,"thp_collapse_alloc":0,"thp_swpout":0,"thp_swpout_fallback":0}}

	Command being timed: "./node_modules/.bin/vitest run --config vitest.config.bench.pg.ts -t initial sync copy pipeline investigation"
	User time (seconds): 3.30
	System time (seconds): 2.02
	Percent of CPU this job got: 90%
	Elapsed (wall clock) time (h:mm:ss or m:ss): 0:05.86
	Average shared text size (kbytes): 0
	Average unshared data size (kbytes): 0
	Average stack size (kbytes): 0
	Average total size (kbytes): 0
	Maximum resident set size (kbytes): 902352
	Average resident set size (kbytes): 0
	Major (requiring I/O) page faults: 4
	Minor (reclaiming a frame) page faults: 375694
	Voluntary context switches: 13499
	Involuntary context switches: 100
	Swaps: 0
	File system inputs: 5144
	File system outputs: 1342712
	Socket messages sent: 0
	Socket messages received: 0
	Signals delivered: 0
	Page size (bytes): 4096
	Exit status: 0

ZERO_COPY_PIPELINE_EXIT {"status":0,"signal":null}