ZERO_COPY_PIPELINE_RUN_META {"startedAt":"2026-07-14T11:06:57.954Z","id":"imports-550m-baseline-r1","runConfig":{"profile":"imports-550m","worktree":"baseline","label":"baseline","partialInsertBatches":false,"bufferMB":8,"repetition":1},"fixture":{"fixture":"imports","rows":2000,"payloadBytes":275000,"copyChunkBytes":5632,"expectedCopyBytes":550000000,"docker":{"cpus":2,"memory":"6g","nodeHeapMB":4608}},"constraints":{"cpus":2,"memory":"6g","nodeHeapMB":4608},"image":"zero-copy-pipeline-baseline:local"}

[1m[30m[46m RUN [49m[39m[22m [36mv4.1.6 [39m[90m/workspace/packages/zero-cache[39m

ZERO_COPY_PIPELINE_PROGRESS creating fixture { fixture: 'imports', rows: 2000, payloadBytes: 275000 }
ZERO_COPY_PIPELINE_PROGRESS fixture ready {
  rows: 2000,
  tableBytes: 8536064,
  indexBytes: 417792,
  totalBytes: 8953856
}
ZERO_COPY_PIPELINE_RESULT {"kind":"initial-sync","profile":"imports-550m","runLabel":"imports-550m-baseline-r1","fixture":"imports","rows":2000,"payloadBytes":275000,"workers":5,"treatment":{"partialInsertBatches":false,"bufferMB":8},"sqliteTuning":{"mmapBytes":1073741824,"effectiveMmapBytes":1073741824},"source":{"rows":2000,"tableBytes":8536064,"indexBytes":417792,"totalBytes":8953856},"rawCopy":{"bytes":550174715,"chunks":2001,"averageChunkBytes":274949.88255872065,"ms":818.3485009999999,"throughputMBps":672.2987997505968},"timing":{"outerMs":1443.2049169999996,"callbackMs":1419.438251,"wrapperMs":23.766665999999532},"phases":{"summary":{"syncMode":"initial","copyFormat":"binary","publications":["_copy_pipeline_app_35_1784027220991_571292_metadata_0","zero_copy_pipeline"],"lsn":"0/4936E18","tables":4,"rows":2001,"copyMs":1146.877418,"flushMs":317.9491220000009,"copyBytes":550174793,"indexes":9,"indexMs":122.61291600000004,"copyOtherMs":968.1512959999991,"totalMs":1408.713334},"tableCopies":[{"level":"info","message":"Finished copying 1 rows into copy_pipeline_app_35_1784027220991_571292.permissions (flush: 0.022 ms) (total: 2.852 ms) ","data":{"schema":"copy_pipeline_app_35_1784027220991_571292","table":"permissions","replicaTable":"copy_pipeline_app_35_1784027220991_571292.permissions","syncMode":"initial","copyFormat":"binary","columnCount":3,"rows":1,"estimatedRows":0,"estimatedBytes":16384,"flushMs":0.022375000000010914,"elapsedMs":2.8521249999998872,"copyBytes":36}},{"level":"info","message":"Finished copying 0 rows into copy_pipeline_app_35_1784027220991_571292_0.clients (flush: 0.001 ms) (total: 3.630 ms) ","data":{"schema":"copy_pipeline_app_35_1784027220991_571292_0","table":"clients","replicaTable":"copy_pipeline_app_35_1784027220991_571292_0.clients","syncMode":"initial","copyFormat":"binary","columnCount":4,"rows":0,"estimatedRows":0,"estimatedBytes":8192,"flushMs":0.0006669999997939158,"elapsedMs":3.6297499999996035,"copyBytes":21}},{"level":"info","message":"Finished copying 0 rows into copy_pipeline_app_35_1784027220991_571292_0.mutations (flush: 0.001 ms) (total: 3.044 ms) ","data":{"schema":"copy_pipeline_app_35_1784027220991_571292_0","table":"mutations","replicaTable":"copy_pipeline_app_35_1784027220991_571292_0.mutations","syncMode":"initial","copyFormat":"binary","columnCount":4,"rows":0,"estimatedRows":0,"estimatedBytes":8192,"flushMs":0.0005000000001018634,"elapsedMs":3.043500000000222,"copyBytes":21}},{"level":"info","message":"Finished copying 2000 rows into userspace.imports (flush: 317.926 ms) (total: 1142.143 ms) ","data":{"schema":"userspace","table":"imports","replicaTable":"userspace.imports","syncMode":"initial","copyFormat":"binary","columnCount":7,"rows":2000,"estimatedRows":2000,"estimatedBytes":8536064,"flushMs":317.925580000001,"elapsedMs":1142.143251,"copyBytes":550174715}}],"records":[{"level":"info","message":"Finished copying 1 rows into copy_pipeline_app_35_1784027220991_571292.permissions (flush: 0.022 ms) (total: 2.852 ms) ","data":{"schema":"copy_pipeline_app_35_1784027220991_571292","table":"permissions","replicaTable":"copy_pipeline_app_35_1784027220991_571292.permissions","syncMode":"initial","copyFormat":"binary","columnCount":3,"rows":1,"estimatedRows":0,"estimatedBytes":16384,"flushMs":0.022375000000010914,"elapsedMs":2.8521249999998872,"copyBytes":36}},{"level":"info","message":"Finished copying 0 rows into copy_pipeline_app_35_1784027220991_571292_0.clients (flush: 0.001 ms) (total: 3.630 ms) ","data":{"schema":"copy_pipeline_app_35_1784027220991_571292_0","table":"clients","replicaTable":"copy_pipeline_app_35_1784027220991_571292_0.clients","syncMode":"initial","copyFormat":"binary","columnCount":4,"rows":0,"estimatedRows":0,"estimatedBytes":8192,"flushMs":0.0006669999997939158,"elapsedMs":3.6297499999996035,"copyBytes":21}},{"level":"info","message":"Finished copying 0 rows into copy_pipeline_app_35_1784027220991_571292_0.mutations (flush: 0.001 ms) (total: 3.044 ms) ","data":{"schema":"copy_pipeline_app_35_1784027220991_571292_0","table":"mutations","replicaTable":"copy_pipeline_app_35_1784027220991_571292_0.mutations","syncMode":"initial","copyFormat":"binary","columnCount":4,"rows":0,"estimatedRows":0,"estimatedBytes":8192,"flushMs":0.0005000000001018634,"elapsedMs":3.043500000000222,"copyBytes":21}},{"level":"info","message":"Finished copying 2000 rows into userspace.imports (flush: 317.926 ms) (total: 1142.143 ms) ","data":{"schema":"userspace","table":"imports","replicaTable":"userspace.imports","syncMode":"initial","copyFormat":"binary","columnCount":7,"rows":2000,"estimatedRows":2000,"estimatedBytes":8536064,"flushMs":317.925580000001,"elapsedMs":1142.143251,"copyBytes":550174715}},{"level":"info","message":"Created index 1/9 (0.037 ms): CREATE UNIQUE INDEX \"copy_pipeline_app_35_1784027220991_571292.permissions_pkey\" ON \"copy_pipeline_app_35_1784027220991_571292.permissions\" (\"lock\" ASC);"},{"level":"info","message":"Created index 2/9 (0.022 ms): CREATE UNIQUE INDEX \"copy_pipeline_app_35_1784027220991_571292_0.clients_pkey\" ON \"copy_pipeline_app_35_1784027220991_571292_0.clients\" (\"clientGroupID\" ASC,\"clientID\" ASC);"},{"level":"info","message":"Created index 3/9 (0.020 ms): CREATE UNIQUE INDEX \"copy_pipeline_app_35_1784027220991_571292_0.mutations_pkey\" ON \"copy_pipeline_app_35_1784027220991_571292_0.mutations\" (\"clientGroupID\" ASC,\"clientID\" ASC,\"mutationID\" ASC);"},{"level":"info","message":"Created index 4/9 (60.674 ms): CREATE  INDEX \"userspace.idx_imports_schema\" ON \"userspace.imports\" (\"schema\" ASC);"},{"level":"info","message":"Created index 5/9 (17.699 ms): CREATE  INDEX \"userspace.idx_imports_user_id\" ON \"userspace.imports\" (\"user_id\" ASC);"},{"level":"info","message":"Created index 6/9 (16.320 ms): CREATE  INDEX \"userspace.idx_imports_user_id_import_id\" ON \"userspace.imports\" (\"user_id\" ASC,\"import_id\" ASC);"},{"level":"info","message":"Created index 7/9 (14.720 ms): CREATE  INDEX \"userspace.idx_imports_user_source\" ON \"userspace.imports\" (\"user_id\" ASC,\"source\" ASC);"},{"level":"info","message":"Created index 8/9 (12.497 ms): CREATE  INDEX \"userspace.idx_imports_user_source_created_at\" ON \"userspace.imports\" (\"user_id\" ASC,\"source\" ASC,\"created_at\" DESC);"},{"level":"info","message":"Created index 9/9 (0.242 ms): CREATE UNIQUE INDEX \"userspace.imports_pkey\" ON \"userspace.imports\" (\"import_id\" ASC);"},{"level":"info","message":"Created indexes (122.613 ms)"},{"level":"info","message":"Synced 2,001 rows of 4 tables in _copy_pipeline_app_35_1784027220991_571292_metadata_0,zero_copy_pipeline up to 0/4936E18 (flush: 317.949, index: 122.613, total: 1408.713 ms)","data":{"syncMode":"initial","copyFormat":"binary","publications":["_copy_pipeline_app_35_1784027220991_571292_metadata_0","zero_copy_pipeline"],"lsn":"0/4936E18","tables":4,"rows":2001,"copyMs":1146.877418,"flushMs":317.9491220000009,"copyBytes":550174793,"indexes":9,"indexMs":122.61291600000004,"copyOtherMs":968.1512959999991,"totalMs":1408.713334}}]},"peakRssBytes":831574016,"resourceUsage":{"userCPUTime":1153334,"systemCPUTime":352359,"maxRSS":641164,"sharedMemorySize":0,"unsharedDataSize":0,"unsharedStackSize":0,"minorPageFault":170484,"majorPageFault":0,"swappedOut":0,"fsRead":0,"fsWrite":1076912,"ipcSent":0,"ipcReceived":0,"signalsCount":0,"voluntaryContextSwitches":8830,"involuntaryContextSwitches":3},"sqlite":{"rows":2000,"fileBytes":551362560,"pageCount":134610,"pageSize":4096}}
 [32m✓[39m [30m[45m zero-cache/bench-pg [49m[39m src/initial-sync-copy-pipeline.product.bench.pg.ts [2m([22m[2m1 test[22m[2m)[22m[32m 3528[2mms[22m[39m
 [2m[90m↓[39m[22m [30m[45m zero-cache/bench-pg [49m[39m src/db/initial-sync.bench.pg.ts [2m([22m[2m1 test[22m[2m | [22m[33m1 skipped[39m[2m)[22m
 [2m[90m↓[39m[22m [30m[45m zero-cache/bench-pg [49m[39m src/services/change-streamer/storer.bench.pg.ts [2m([22m[2m2 tests[22m[2m | [22m[33m2 skipped[39m[2m)[22m
 [2m[90m↓[39m[22m [30m[45m zero-cache/bench-pg [49m[39m src/services/replicator/replication-throughput.bench.pg.ts [2m([22m[2m1 test[22m[2m | [22m[33m1 skipped[39m[2m)[22m

[2m Test Files [22m [1m[32m1 passed[39m[22m[2m | [22m[33m3 skipped[39m[90m (4)[39m
[2m      Tests [22m [1m[32m1 passed[39m[22m[2m | [22m[33m4 skipped[39m[90m (5)[39m
[2m   Start at [22m 11:06:58
[2m   Duration [22m 4.98s[2m (transform 505ms, setup 0ms, import 1.11s, tests 3.53s, environment 0ms)[22m

ZERO_COPY_PIPELINE_CGROUP {"memoryPeakBytes":1002930176,"memoryCurrentBytes":17588224,"memoryMax":"6442450944","memoryEvents":{"low":0,"high":0,"max":0,"oom":0,"oom_kill":0,"oom_group_kill":0},"memoryStat":{"anon":6873088,"file":614400,"kernel":7979008,"kernel_stack":147456,"pagetables":540672,"sec_pagetables":0,"percpu":37876,"sock":0,"vmalloc":8192,"shmem":0,"zswap":0,"zswapped":0,"file_mapped":0,"file_dirty":28672,"file_writeback":0,"swapcached":0,"anon_thp":0,"file_thp":0,"shmem_thp":0,"inactive_anon":0,"active_anon":6754304,"inactive_file":614400,"active_file":0,"unevictable":0,"slab_reclaimable":2639256,"slab_unreclaimable":598616,"slab":3237872,"workingset_refault_anon":0,"workingset_refault_file":143,"workingset_activate_anon":0,"workingset_activate_file":0,"workingset_restore_anon":0,"workingset_restore_file":0,"workingset_nodereclaim":0,"pgdemote_kswapd":0,"pgdemote_direct":0,"pgdemote_khugepaged":0,"pgscan":0,"pgsteal":0,"pgscan_kswapd":0,"pgscan_direct":0,"pgscan_khugepaged":0,"pgsteal_kswapd":0,"pgsteal_direct":0,"pgsteal_khugepaged":0,"pgfault":338556,"pgmajfault":0,"pgrefill":0,"pgactivate":0,"pgdeactivate":0,"pglazyfree":0,"pglazyfreed":0,"swpin_zero":0,"swpout_zero":0,"zswpin":0,"zswpout":0,"zswpwb":0,"thp_fault_alloc":56,"thp_collapse_alloc":0,"thp_swpout":0,"thp_swpout_fallback":0}}

	Command being timed: "./node_modules/.bin/vitest run --config vitest.config.bench.pg.ts -t initial sync copy pipeline investigation"
	User time (seconds): 3.60
	System time (seconds): 0.95
	Percent of CPU this job got: 87%
	Elapsed (wall clock) time (h:mm:ss or m:ss): 0:05.23
	Average shared text size (kbytes): 0
	Average unshared data size (kbytes): 0
	Average stack size (kbytes): 0
	Average total size (kbytes): 0
	Maximum resident set size (kbytes): 812212
	Average resident set size (kbytes): 0
	Major (requiring I/O) page faults: 0
	Minor (reclaiming a frame) page faults: 334572
	Voluntary context switches: 22260
	Involuntary context switches: 12
	Swaps: 0
	File system inputs: 1144
	File system outputs: 1082024
	Socket messages sent: 0
	Socket messages received: 0
	Signals delivered: 0
	Page size (bytes): 4096
	Exit status: 0

ZERO_COPY_PIPELINE_EXIT {"status":0,"signal":null}