ZERO_COPY_PIPELINE_RUN_META {"startedAt":"2026-07-14T11:07:03.537Z","id":"imports-550m-linear-parser-r1","runConfig":{"profile":"imports-550m","worktree":"linear-parser","label":"linear-parser","partialInsertBatches":false,"bufferMB":8,"repetition":1},"fixture":{"fixture":"imports","rows":2000,"payloadBytes":275000,"copyChunkBytes":5632,"expectedCopyBytes":550000000,"docker":{"cpus":2,"memory":"6g","nodeHeapMB":4608}},"constraints":{"cpus":2,"memory":"6g","nodeHeapMB":4608},"image":"zero-copy-pipeline-linear-parser:local"}

[1m[30m[46m RUN [49m[39m[22m [36mv4.1.6 [39m[90m/workspace/packages/zero-cache[39m

ZERO_COPY_PIPELINE_PROGRESS creating fixture { fixture: 'imports', rows: 2000, payloadBytes: 275000 }
ZERO_COPY_PIPELINE_PROGRESS fixture ready {
  rows: 2000,
  tableBytes: 8536064,
  indexBytes: 417792,
  totalBytes: 8953856
}
ZERO_COPY_PIPELINE_RESULT {"kind":"initial-sync","profile":"imports-550m","runLabel":"imports-550m-linear-parser-r1","fixture":"imports","rows":2000,"payloadBytes":275000,"workers":5,"treatment":{"partialInsertBatches":false,"bufferMB":8},"sqliteTuning":{"mmapBytes":1073741824,"effectiveMmapBytes":1073741824},"source":{"rows":2000,"tableBytes":8536064,"indexBytes":417792,"totalBytes":8953856},"rawCopy":{"bytes":550174715,"chunks":2001,"averageChunkBytes":274949.88255872065,"ms":818.7669589999998,"throughputMBps":671.9551991594229},"timing":{"outerMs":1123.2956670000003,"callbackMs":1101.2600009999996,"wrapperMs":22.035666000000674},"phases":{"summary":{"syncMode":"initial","copyFormat":"binary","publications":["_copy_pipeline_app_35_1784027226595_715883_metadata_0","zero_copy_pipeline"],"lsn":"0/5533520","tables":4,"rows":2001,"copyMs":869.5187080000001,"flushMs":303.1934170000022,"copyBytes":550174793,"insertStatementCount":2001,"insertStatementsByRowCount":{"1":2001},"indexes":9,"indexMs":94.02391699999998,"copyOtherMs":694.3462919999979,"totalMs":1091.563626},"tableCopies":[{"level":"info","message":"Finished copying 1 rows into copy_pipeline_app_35_1784027226595_715883.permissions (flush: 0.018 ms) (total: 2.910 ms) ","data":{"schema":"copy_pipeline_app_35_1784027226595_715883","table":"permissions","replicaTable":"copy_pipeline_app_35_1784027226595_715883.permissions","syncMode":"initial","copyFormat":"binary","columnCount":3,"rows":1,"estimatedRows":0,"estimatedBytes":16384,"flushMs":0.018332999999984168,"elapsedMs":2.9099999999998545,"copyBytes":36,"insertStatementCount":1,"insertStatementsByRowCount":{"1":1}}},{"level":"info","message":"Finished copying 0 rows into copy_pipeline_app_35_1784027226595_715883_0.clients (flush: 0.001 ms) (total: 2.979 ms) ","data":{"schema":"copy_pipeline_app_35_1784027226595_715883_0","table":"clients","replicaTable":"copy_pipeline_app_35_1784027226595_715883_0.clients","syncMode":"initial","copyFormat":"binary","columnCount":4,"rows":0,"estimatedRows":0,"estimatedBytes":8192,"flushMs":0.0007080000000314612,"elapsedMs":2.978791999999885,"copyBytes":21,"insertStatementCount":0,"insertStatementsByRowCount":{}}},{"level":"info","message":"Finished copying 0 rows into copy_pipeline_app_35_1784027226595_715883_0.mutations (flush: 0.001 ms) (total: 3.495 ms) ","data":{"schema":"copy_pipeline_app_35_1784027226595_715883_0","table":"mutations","replicaTable":"copy_pipeline_app_35_1784027226595_715883_0.mutations","syncMode":"initial","copyFormat":"binary","columnCount":4,"rows":0,"estimatedRows":0,"estimatedBytes":8192,"flushMs":0.0006250000001273293,"elapsedMs":3.495249999999942,"copyBytes":21,"insertStatementCount":0,"insertStatementsByRowCount":{}}},{"level":"info","message":"Finished copying 2000 rows into userspace.imports (flush: 303.174 ms) (total: 863.438 ms) ","data":{"schema":"userspace","table":"imports","replicaTable":"userspace.imports","syncMode":"initial","copyFormat":"binary","columnCount":7,"rows":2000,"estimatedRows":2000,"estimatedBytes":8536064,"flushMs":303.1737510000021,"elapsedMs":863.4379589999999,"copyBytes":550174715,"insertStatementCount":2000,"insertStatementsByRowCount":{"1":2000}}}],"records":[{"level":"info","message":"Finished copying 1 rows into copy_pipeline_app_35_1784027226595_715883.permissions (flush: 0.018 ms) (total: 2.910 ms) ","data":{"schema":"copy_pipeline_app_35_1784027226595_715883","table":"permissions","replicaTable":"copy_pipeline_app_35_1784027226595_715883.permissions","syncMode":"initial","copyFormat":"binary","columnCount":3,"rows":1,"estimatedRows":0,"estimatedBytes":16384,"flushMs":0.018332999999984168,"elapsedMs":2.9099999999998545,"copyBytes":36,"insertStatementCount":1,"insertStatementsByRowCount":{"1":1}}},{"level":"info","message":"Finished copying 0 rows into copy_pipeline_app_35_1784027226595_715883_0.clients (flush: 0.001 ms) (total: 2.979 ms) ","data":{"schema":"copy_pipeline_app_35_1784027226595_715883_0","table":"clients","replicaTable":"copy_pipeline_app_35_1784027226595_715883_0.clients","syncMode":"initial","copyFormat":"binary","columnCount":4,"rows":0,"estimatedRows":0,"estimatedBytes":8192,"flushMs":0.0007080000000314612,"elapsedMs":2.978791999999885,"copyBytes":21,"insertStatementCount":0,"insertStatementsByRowCount":{}}},{"level":"info","message":"Finished copying 0 rows into copy_pipeline_app_35_1784027226595_715883_0.mutations (flush: 0.001 ms) (total: 3.495 ms) ","data":{"schema":"copy_pipeline_app_35_1784027226595_715883_0","table":"mutations","replicaTable":"copy_pipeline_app_35_1784027226595_715883_0.mutations","syncMode":"initial","copyFormat":"binary","columnCount":4,"rows":0,"estimatedRows":0,"estimatedBytes":8192,"flushMs":0.0006250000001273293,"elapsedMs":3.495249999999942,"copyBytes":21,"insertStatementCount":0,"insertStatementsByRowCount":{}}},{"level":"info","message":"Finished copying 2000 rows into userspace.imports (flush: 303.174 ms) (total: 863.438 ms) ","data":{"schema":"userspace","table":"imports","replicaTable":"userspace.imports","syncMode":"initial","copyFormat":"binary","columnCount":7,"rows":2000,"estimatedRows":2000,"estimatedBytes":8536064,"flushMs":303.1737510000021,"elapsedMs":863.4379589999999,"copyBytes":550174715,"insertStatementCount":2000,"insertStatementsByRowCount":{"1":2000}}},{"level":"info","message":"Created index 1/9 (0.037 ms): CREATE UNIQUE INDEX \"copy_pipeline_app_35_1784027226595_715883.permissions_pkey\" ON \"copy_pipeline_app_35_1784027226595_715883.permissions\" (\"lock\" ASC);"},{"level":"info","message":"Created index 2/9 (0.019 ms): CREATE UNIQUE INDEX \"copy_pipeline_app_35_1784027226595_715883_0.clients_pkey\" ON \"copy_pipeline_app_35_1784027226595_715883_0.clients\" (\"clientGroupID\" ASC,\"clientID\" ASC);"},{"level":"info","message":"Created index 3/9 (0.013 ms): CREATE UNIQUE INDEX \"copy_pipeline_app_35_1784027226595_715883_0.mutations_pkey\" ON \"copy_pipeline_app_35_1784027226595_715883_0.mutations\" (\"clientGroupID\" ASC,\"clientID\" ASC,\"mutationID\" ASC);"},{"level":"info","message":"Created index 4/9 (30.997 ms): CREATE  INDEX \"userspace.idx_imports_schema\" ON \"userspace.imports\" (\"schema\" ASC);"},{"level":"info","message":"Created index 5/9 (15.360 ms): CREATE  INDEX \"userspace.idx_imports_user_id\" ON \"userspace.imports\" (\"user_id\" ASC);"},{"level":"info","message":"Created index 6/9 (16.035 ms): CREATE  INDEX \"userspace.idx_imports_user_id_import_id\" ON \"userspace.imports\" (\"user_id\" ASC,\"import_id\" ASC);"},{"level":"info","message":"Created index 7/9 (16.144 ms): CREATE  INDEX \"userspace.idx_imports_user_source\" ON \"userspace.imports\" (\"user_id\" ASC,\"source\" ASC);"},{"level":"info","message":"Created index 8/9 (14.854 ms): CREATE  INDEX \"userspace.idx_imports_user_source_created_at\" ON \"userspace.imports\" (\"user_id\" ASC,\"source\" ASC,\"created_at\" DESC);"},{"level":"info","message":"Created index 9/9 (0.255 ms): CREATE UNIQUE INDEX \"userspace.imports_pkey\" ON \"userspace.imports\" (\"import_id\" ASC);"},{"level":"info","message":"Created indexes (94.024 ms)"},{"level":"info","message":"Synced 2,001 rows of 4 tables in _copy_pipeline_app_35_1784027226595_715883_metadata_0,zero_copy_pipeline up to 0/5533520 (flush: 303.193, index: 94.024, total: 1091.564 ms)","data":{"syncMode":"initial","copyFormat":"binary","publications":["_copy_pipeline_app_35_1784027226595_715883_metadata_0","zero_copy_pipeline"],"lsn":"0/5533520","tables":4,"rows":2001,"copyMs":869.5187080000001,"flushMs":303.1934170000022,"copyBytes":550174793,"insertStatementCount":2001,"insertStatementsByRowCount":{"1":2001},"indexes":9,"indexMs":94.02391699999998,"copyOtherMs":694.3462919999979,"totalMs":1091.563626}}]},"peakRssBytes":773804032,"resourceUsage":{"userCPUTime":597195,"systemCPUTime":328816,"maxRSS":589188,"sharedMemorySize":0,"unsharedDataSize":0,"unsharedStackSize":0,"minorPageFault":194991,"majorPageFault":0,"swappedOut":0,"fsRead":0,"fsWrite":1076912,"ipcSent":0,"ipcReceived":0,"signalsCount":0,"voluntaryContextSwitches":1850,"involuntaryContextSwitches":2},"sqlite":{"rows":2000,"fileBytes":551362560,"pageCount":134610,"pageSize":4096}}
 [32m✓[39m [30m[45m zero-cache/bench-pg [49m[39m src/initial-sync-copy-pipeline.product.bench.pg.ts [2m([22m[2m1 test[22m[2m)[22m[32m 3195[2mms[22m[39m
 [2m[90m↓[39m[22m [30m[45m zero-cache/bench-pg [49m[39m src/db/initial-sync.bench.pg.ts [2m([22m[2m1 test[22m[2m | [22m[33m1 skipped[39m[2m)[22m
 [2m[90m↓[39m[22m [30m[45m zero-cache/bench-pg [49m[39m src/services/change-streamer/storer.bench.pg.ts [2m([22m[2m2 tests[22m[2m | [22m[33m2 skipped[39m[2m)[22m
 [2m[90m↓[39m[22m [30m[45m zero-cache/bench-pg [49m[39m src/services/replicator/replication-throughput.bench.pg.ts [2m([22m[2m1 test[22m[2m | [22m[33m1 skipped[39m[2m)[22m

[2m Test Files [22m [1m[32m1 passed[39m[22m[2m | [22m[33m3 skipped[39m[90m (4)[39m
[2m      Tests [22m [1m[32m1 passed[39m[22m[2m | [22m[33m4 skipped[39m[90m (5)[39m
[2m   Start at [22m 11:07:03
[2m   Duration [22m 4.55s[2m (transform 406ms, setup 0ms, import 1.03s, tests 3.19s, environment 0ms)[22m

ZERO_COPY_PIPELINE_CGROUP {"memoryPeakBytes":995217408,"memoryCurrentBytes":13643776,"memoryMax":"6442450944","memoryEvents":{"low":0,"high":0,"max":0,"oom":0,"oom_kill":0,"oom_group_kill":0},"memoryStat":{"anon":6868992,"file":24576,"kernel":4681728,"kernel_stack":147456,"pagetables":544768,"sec_pagetables":0,"percpu":38148,"sock":0,"vmalloc":8192,"shmem":0,"zswap":0,"zswapped":0,"file_mapped":0,"file_dirty":24576,"file_writeback":0,"swapcached":0,"anon_thp":0,"file_thp":0,"shmem_thp":0,"inactive_anon":0,"active_anon":6750208,"inactive_file":24576,"active_file":0,"unevictable":0,"slab_reclaimable":2631744,"slab_unreclaimable":515376,"slab":3147120,"workingset_refault_anon":0,"workingset_refault_file":0,"workingset_activate_anon":0,"workingset_activate_file":0,"workingset_restore_anon":0,"workingset_restore_file":0,"workingset_nodereclaim":0,"pgdemote_kswapd":0,"pgdemote_direct":0,"pgdemote_khugepaged":0,"pgscan":0,"pgsteal":0,"pgscan_kswapd":0,"pgscan_direct":0,"pgscan_khugepaged":0,"pgsteal_kswapd":0,"pgsteal_direct":0,"pgsteal_khugepaged":0,"pgfault":382229,"pgmajfault":0,"pgrefill":0,"pgactivate":0,"pgdeactivate":0,"pglazyfree":0,"pglazyfreed":0,"swpin_zero":0,"swpout_zero":0,"zswpin":0,"zswpout":0,"zswpwb":0,"thp_fault_alloc":57,"thp_collapse_alloc":0,"thp_swpout":0,"thp_swpout_fallback":0}}

	Command being timed: "./node_modules/.bin/vitest run --config vitest.config.bench.pg.ts -t initial sync copy pipeline investigation"
	User time (seconds): 3.07
	System time (seconds): 0.83
	Percent of CPU this job got: 81%
	Elapsed (wall clock) time (h:mm:ss or m:ss): 0:04.80
	Average shared text size (kbytes): 0
	Average unshared data size (kbytes): 0
	Average stack size (kbytes): 0
	Average total size (kbytes): 0
	Maximum resident set size (kbytes): 755796
	Average resident set size (kbytes): 0
	Major (requiring I/O) page faults: 0
	Minor (reclaiming a frame) page faults: 377994
	Voluntary context switches: 15153
	Involuntary context switches: 11
	Swaps: 0
	File system inputs: 0
	File system outputs: 1082064
	Socket messages sent: 0
	Socket messages received: 0
	Signals delivered: 0
	Page size (bytes): 4096
	Exit status: 0

ZERO_COPY_PIPELINE_EXIT {"status":0,"signal":null}