ZERO_COPY_PIPELINE_RUN_META {"startedAt":"2026-07-14T11:47:31.320Z","id":"email-683m-direct-text-deferred-indexes-r1","runConfig":{"profile":"email-683m","worktree":"linear-parser","label":"direct-text-deferred-indexes","partialInsertBatches":false,"directTextBuffers":true,"eagerIndexes":false,"bufferMB":8,"mmapGiB":2,"repetition":1},"fixture":{"fixture":"email","rows":1000,"payloadBytes":683000,"copyChunkBytes":31744,"expectedCopyBytes":683000000,"docker":{"cpus":1,"memory":"3g","nodeHeapMB":2304}},"constraints":{"cpus":1,"memory":"3g","nodeHeapMB":2304},"image":"zero-copy-pipeline-linear-parser:local"}

[1m[30m[46m RUN [49m[39m[22m [36mv4.1.6 [39m[90m/workspace/packages/zero-cache[39m

ZERO_COPY_PIPELINE_PROGRESS creating fixture { fixture: 'email', rows: 1000, payloadBytes: 683000 }
ZERO_COPY_PIPELINE_PROGRESS fixture ready {
  rows: 1000,
  tableBytes: 8781824,
  indexBytes: 262144,
  totalBytes: 9043968
}
ZERO_COPY_PIPELINE_RESULT {"kind":"initial-sync","profile":"email-683m","runLabel":"email-683m-direct-text-deferred-indexes-r1","fixture":"email","rows":1000,"payloadBytes":683000,"workers":5,"treatment":{"partialInsertBatches":false,"directTextBuffers":true,"eagerIndexes":false,"bufferMB":8},"sqliteTuning":{"mmapGiB":2,"mmapBytes":2147483648,"effectiveMmapBytes":2147418112},"source":{"rows":1000,"tableBytes":8781824,"indexBytes":262144,"totalBytes":9043968},"rawCopy":{"bytes":683438323,"chunks":1001,"averageChunkBytes":682755.5674325675,"ms":249.80729199999996,"throughputMBps":2735.8621821175666},"timing":{"outerMs":841.900126,"callbackMs":813.062209,"wrapperMs":28.837916999999948},"phases":{"summary":{"syncMode":"initial","copyFormat":"binary","publications":["_copy_pipeline_app_32_1784029652853_807366_metadata_0","zero_copy_pipeline"],"lsn":"0/225EED0","tables":4,"rows":1001,"copyMs":589.387334,"flushMs":333.34637200000043,"copyBytes":683438401,"insertStatementCount":1001,"insertStatementsByRowCount":{"1":1001},"indexes":7,"indexMs":79.82408299999997,"copyOtherMs":389.7765869999995,"totalMs":802.9470419999999},"tableCopies":[{"level":"info","message":"Finished copying 1 rows into copy_pipeline_app_32_1784029652853_807366.permissions (flush: 0.034 ms) (total: 2.307 ms) ","data":{"schema":"copy_pipeline_app_32_1784029652853_807366","table":"permissions","replicaTable":"copy_pipeline_app_32_1784029652853_807366.permissions","syncMode":"initial","copyFormat":"binary","columnCount":3,"rows":1,"estimatedRows":0,"estimatedBytes":16384,"flushMs":0.03354200000012497,"elapsedMs":2.306833000000097,"copyBytes":36,"insertStatementCount":1,"insertStatementsByRowCount":{"1":1}}},{"level":"info","message":"Finished copying 0 rows into copy_pipeline_app_32_1784029652853_807366_0.clients (flush: 0.001 ms) (total: 2.389 ms) ","data":{"schema":"copy_pipeline_app_32_1784029652853_807366_0","table":"clients","replicaTable":"copy_pipeline_app_32_1784029652853_807366_0.clients","syncMode":"initial","copyFormat":"binary","columnCount":4,"rows":0,"estimatedRows":0,"estimatedBytes":8192,"flushMs":0.0005839999998897838,"elapsedMs":2.3892500000001746,"copyBytes":21,"insertStatementCount":0,"insertStatementsByRowCount":{}}},{"level":"info","message":"Finished copying 0 rows into copy_pipeline_app_32_1784029652853_807366_0.mutations (flush: 0.001 ms) (total: 7.017 ms) ","data":{"schema":"copy_pipeline_app_32_1784029652853_807366_0","table":"mutations","replicaTable":"copy_pipeline_app_32_1784029652853_807366_0.mutations","syncMode":"initial","copyFormat":"binary","columnCount":4,"rows":0,"estimatedRows":0,"estimatedBytes":8192,"flushMs":0.0007920000000467553,"elapsedMs":7.017374999999902,"copyBytes":21,"insertStatementCount":0,"insertStatementsByRowCount":{}}},{"level":"info","message":"Finished copying 1000 rows into Email (flush: 333.311 ms) (total: 584.449 ms) ","data":{"schema":"public","table":"Email","replicaTable":"Email","syncMode":"initial","copyFormat":"binary","columnCount":25,"rows":1000,"estimatedRows":1000,"estimatedBytes":8781824,"flushMs":333.31145400000037,"elapsedMs":584.449333,"copyBytes":683438323,"insertStatementCount":1000,"insertStatementsByRowCount":{"1":1000}}}],"records":[{"level":"info","message":"Finished copying 1 rows into copy_pipeline_app_32_1784029652853_807366.permissions (flush: 0.034 ms) (total: 2.307 ms) ","data":{"schema":"copy_pipeline_app_32_1784029652853_807366","table":"permissions","replicaTable":"copy_pipeline_app_32_1784029652853_807366.permissions","syncMode":"initial","copyFormat":"binary","columnCount":3,"rows":1,"estimatedRows":0,"estimatedBytes":16384,"flushMs":0.03354200000012497,"elapsedMs":2.306833000000097,"copyBytes":36,"insertStatementCount":1,"insertStatementsByRowCount":{"1":1}}},{"level":"info","message":"Finished copying 0 rows into copy_pipeline_app_32_1784029652853_807366_0.clients (flush: 0.001 ms) (total: 2.389 ms) ","data":{"schema":"copy_pipeline_app_32_1784029652853_807366_0","table":"clients","replicaTable":"copy_pipeline_app_32_1784029652853_807366_0.clients","syncMode":"initial","copyFormat":"binary","columnCount":4,"rows":0,"estimatedRows":0,"estimatedBytes":8192,"flushMs":0.0005839999998897838,"elapsedMs":2.3892500000001746,"copyBytes":21,"insertStatementCount":0,"insertStatementsByRowCount":{}}},{"level":"info","message":"Finished copying 0 rows into copy_pipeline_app_32_1784029652853_807366_0.mutations (flush: 0.001 ms) (total: 7.017 ms) ","data":{"schema":"copy_pipeline_app_32_1784029652853_807366_0","table":"mutations","replicaTable":"copy_pipeline_app_32_1784029652853_807366_0.mutations","syncMode":"initial","copyFormat":"binary","columnCount":4,"rows":0,"estimatedRows":0,"estimatedBytes":8192,"flushMs":0.0007920000000467553,"elapsedMs":7.017374999999902,"copyBytes":21,"insertStatementCount":0,"insertStatementsByRowCount":{}}},{"level":"info","message":"Finished copying 1000 rows into Email (flush: 333.311 ms) (total: 584.449 ms) ","data":{"schema":"public","table":"Email","replicaTable":"Email","syncMode":"initial","copyFormat":"binary","columnCount":25,"rows":1000,"estimatedRows":1000,"estimatedBytes":8781824,"flushMs":333.31145400000037,"elapsedMs":584.449333,"copyBytes":683438323,"insertStatementCount":1000,"insertStatementsByRowCount":{"1":1000}}},{"level":"info","message":"Created index 1/7 (0.040 ms): CREATE UNIQUE INDEX \"copy_pipeline_app_32_1784029652853_807366.permissions_pkey\" ON \"copy_pipeline_app_32_1784029652853_807366.permissions\" (\"lock\" ASC);"},{"level":"info","message":"Created index 2/7 (0.016 ms): CREATE UNIQUE INDEX \"copy_pipeline_app_32_1784029652853_807366_0.clients_pkey\" ON \"copy_pipeline_app_32_1784029652853_807366_0.clients\" (\"clientGroupID\" ASC,\"clientID\" ASC);"},{"level":"info","message":"Created index 3/7 (0.013 ms): CREATE UNIQUE INDEX \"copy_pipeline_app_32_1784029652853_807366_0.mutations_pkey\" ON \"copy_pipeline_app_32_1784029652853_807366_0.mutations\" (\"clientGroupID\" ASC,\"clientID\" ASC,\"mutationID\" ASC);"},{"level":"info","message":"Created index 4/7 (0.731 ms): CREATE UNIQUE INDEX \"Email_pkey\" ON \"Email\" (\"id\" ASC);"},{"level":"info","message":"Created index 5/7 (39.516 ms): CREATE  INDEX \"Email_threadId_createdAt_id_idx\" ON \"Email\" (\"threadId\" ASC,\"createdAt\" ASC,\"id\" ASC);"},{"level":"info","message":"Created index 6/7 (19.723 ms): CREATE  INDEX \"Email_threadId_id_idx\" ON \"Email\" (\"threadId\" ASC,\"id\" ASC);"},{"level":"info","message":"Created index 7/7 (19.589 ms): CREATE  INDEX \"Email_workspaceId_id_idx\" ON \"Email\" (\"workspaceId\" ASC,\"id\" ASC);"},{"level":"info","message":"Created indexes (79.824 ms)"},{"level":"info","message":"Synced 1,001 rows of 4 tables in _copy_pipeline_app_32_1784029652853_807366_metadata_0,zero_copy_pipeline up to 0/225EED0 (flush: 333.346, index: 79.824, total: 802.947 ms)","data":{"syncMode":"initial","copyFormat":"binary","publications":["_copy_pipeline_app_32_1784029652853_807366_metadata_0","zero_copy_pipeline"],"lsn":"0/225EED0","tables":4,"rows":1001,"copyMs":589.387334,"flushMs":333.34637200000043,"copyBytes":683438401,"insertStatementCount":1001,"insertStatementsByRowCount":{"1":1001},"indexes":7,"indexMs":79.82408299999997,"copyOtherMs":389.7765869999995,"totalMs":802.9470419999999}}]},"peakRssBytes":869543936,"resourceUsage":{"userCPUTime":336018,"systemCPUTime":392983,"maxRSS":683920,"sharedMemorySize":0,"unsharedDataSize":0,"unsharedStackSize":0,"minorPageFault":81942,"majorPageFault":8,"swappedOut":0,"fsRead":36864,"fsWrite":1337584,"ipcSent":0,"ipcReceived":0,"signalsCount":0,"voluntaryContextSwitches":1363,"involuntaryContextSwitches":193},"sqlite":{"rows":1000,"fileBytes":684822528,"pageCount":167193,"pageSize":4096}}
 [32m✓[39m [30m[45m zero-cache/bench-pg [49m[39m src/initial-sync-copy-pipeline.product.bench.pg.ts [2m([22m[2m1 test[22m[2m)[22m[32m 1299[2mms[22m[39m
 [2m[90m↓[39m[22m [30m[45m zero-cache/bench-pg [49m[39m src/db/initial-sync.bench.pg.ts [2m([22m[2m1 test[22m[2m | [22m[33m1 skipped[39m[2m)[22m
 [2m[90m↓[39m[22m [30m[45m zero-cache/bench-pg [49m[39m src/services/change-streamer/storer.bench.pg.ts [2m([22m[2m2 tests[22m[2m | [22m[33m2 skipped[39m[2m)[22m
 [2m[90m↓[39m[22m [30m[45m zero-cache/bench-pg [49m[39m src/services/replicator/replication-throughput.bench.pg.ts [2m([22m[2m1 test[22m[2m | [22m[33m1 skipped[39m[2m)[22m

[2m Test Files [22m [1m[32m1 passed[39m[22m[2m | [22m[33m3 skipped[39m[90m (4)[39m
[2m      Tests [22m [1m[32m1 passed[39m[22m[2m | [22m[33m4 skipped[39m[90m (5)[39m
[2m   Start at [22m 11:47:31
[2m   Duration [22m 3.10s[2m (transform 505ms, setup 0ms, import 1.44s, tests 1.30s, environment 0ms)[22m

ZERO_COPY_PIPELINE_CGROUP {"memoryPeakBytes":1034375168,"memoryCurrentBytes":16203776,"memoryMax":"3221225472","memoryEvents":{"low":0,"high":0,"max":0,"oom":0,"oom_kill":0,"oom_group_kill":0},"memoryStat":{"anon":6877184,"file":40960,"kernel":8249344,"kernel_stack":147456,"pagetables":540672,"sec_pagetables":0,"percpu":37876,"sock":0,"vmalloc":8192,"shmem":0,"zswap":0,"zswapped":0,"file_mapped":0,"file_dirty":40960,"file_writeback":0,"swapcached":0,"anon_thp":0,"file_thp":0,"shmem_thp":0,"inactive_anon":0,"active_anon":6762496,"inactive_file":40960,"active_file":0,"unevictable":0,"slab_reclaimable":2988960,"slab_unreclaimable":585544,"slab":3574504,"workingset_refault_anon":0,"workingset_refault_file":4608,"workingset_activate_anon":0,"workingset_activate_file":4608,"workingset_restore_anon":0,"workingset_restore_file":4608,"workingset_nodereclaim":0,"pgdemote_kswapd":0,"pgdemote_direct":0,"pgdemote_khugepaged":0,"pgscan":4608,"pgsteal":4608,"pgscan_kswapd":4608,"pgscan_direct":0,"pgscan_khugepaged":0,"pgsteal_kswapd":4608,"pgsteal_direct":0,"pgsteal_khugepaged":0,"pgfault":244659,"pgmajfault":8,"pgrefill":4096,"pgactivate":0,"pgdeactivate":0,"pglazyfree":0,"pglazyfreed":0,"swpin_zero":0,"swpout_zero":0,"zswpin":0,"zswpout":0,"zswpwb":0,"thp_fault_alloc":48,"thp_collapse_alloc":0,"thp_swpout":0,"thp_swpout_fallback":0}}

	Command being timed: "./node_modules/.bin/vitest run --config vitest.config.bench.pg.ts -t initial sync copy pipeline investigation"
	User time (seconds): 2.17
	System time (seconds): 0.85
	Percent of CPU this job got: 89%
	Elapsed (wall clock) time (h:mm:ss or m:ss): 0:03.39
	Average shared text size (kbytes): 0
	Average unshared data size (kbytes): 0
	Average stack size (kbytes): 0
	Average total size (kbytes): 0
	Maximum resident set size (kbytes): 849292
	Average resident set size (kbytes): 0
	Major (requiring I/O) page faults: 8
	Minor (reclaiming a frame) page faults: 240338
	Voluntary context switches: 10810
	Involuntary context switches: 235
	Swaps: 0
	File system inputs: 36864
	File system outputs: 1342752
	Socket messages sent: 0
	Socket messages received: 0
	Signals delivered: 0
	Page size (bytes): 4096
	Exit status: 0

ZERO_COPY_PIPELINE_EXIT {"status":0,"signal":null}