ZERO_COPY_PIPELINE_RUN_META {"startedAt":"2026-07-14T11:47:43.309Z","id":"imports-550m-direct-text-eager-indexes-r1","runConfig":{"profile":"imports-550m","worktree":"linear-parser","label":"direct-text-eager-indexes","partialInsertBatches":false,"directTextBuffers":true,"eagerIndexes":true,"bufferMB":8,"mmapGiB":2,"repetition":1},"fixture":{"fixture":"imports","rows":2000,"payloadBytes":275000,"copyChunkBytes":5632,"expectedCopyBytes":550000000,"docker":{"cpus":2,"memory":"6g","nodeHeapMB":4608}},"constraints":{"cpus":2,"memory":"6g","nodeHeapMB":4608},"image":"zero-copy-pipeline-linear-parser:local"}

[1m[30m[46m RUN [49m[39m[22m [36mv4.1.6 [39m[90m/workspace/packages/zero-cache[39m

ZERO_COPY_PIPELINE_PROGRESS creating fixture { fixture: 'imports', rows: 2000, payloadBytes: 275000 }
ZERO_COPY_PIPELINE_PROGRESS fixture ready {
  rows: 2000,
  tableBytes: 8536064,
  indexBytes: 417792,
  totalBytes: 8953856
}
ZERO_COPY_PIPELINE_RESULT {"kind":"initial-sync","profile":"imports-550m","runLabel":"imports-550m-direct-text-eager-indexes-r1","fixture":"imports","rows":2000,"payloadBytes":275000,"workers":5,"treatment":{"partialInsertBatches":false,"directTextBuffers":true,"eagerIndexes":true,"bufferMB":8},"sqliteTuning":{"mmapGiB":2,"mmapBytes":2147483648,"effectiveMmapBytes":2147418112},"source":{"rows":2000,"tableBytes":8536064,"indexBytes":417792,"totalBytes":8953856},"rawCopy":{"bytes":550174715,"chunks":2001,"averageChunkBytes":274949.88255872065,"ms":803.9367920000002,"throughputMBps":684.3507107459262},"timing":{"outerMs":989.9175839999998,"callbackMs":968.9263339999998,"wrapperMs":20.991250000000036},"phases":{"summary":{"syncMode":"initial","copyFormat":"binary","publications":["_copy_pipeline_app_36_1784029666106_292405_metadata_0","zero_copy_pipeline"],"lsn":"0/47C5790","tables":4,"rows":2001,"copyMs":840.0577509999998,"flushMs":193.23325000000204,"copyBytes":550174793,"insertStatementCount":2001,"insertStatementsByRowCount":{"1":2001},"indexes":9,"indexMs":0.239708999999948,"copyOtherMs":766.3878749999981,"totalMs":959.8608340000001},"tableCopies":[{"level":"info","message":"Finished copying 1 rows into copy_pipeline_app_36_1784029666106_292405.permissions (flush: 0.020 ms) (total: 2.177 ms) ","data":{"schema":"copy_pipeline_app_36_1784029666106_292405","table":"permissions","replicaTable":"copy_pipeline_app_36_1784029666106_292405.permissions","syncMode":"initial","copyFormat":"binary","columnCount":3,"rows":1,"estimatedRows":0,"estimatedBytes":16384,"flushMs":0.019707999999809545,"elapsedMs":2.177208000000064,"copyBytes":36,"insertStatementCount":1,"insertStatementsByRowCount":{"1":1}}},{"level":"info","message":"Finished copying 0 rows into copy_pipeline_app_36_1784029666106_292405_0.clients (flush: 0.001 ms) (total: 2.515 ms) ","data":{"schema":"copy_pipeline_app_36_1784029666106_292405_0","table":"clients","replicaTable":"copy_pipeline_app_36_1784029666106_292405_0.clients","syncMode":"initial","copyFormat":"binary","columnCount":4,"rows":0,"estimatedRows":0,"estimatedBytes":8192,"flushMs":0.0007919999998193816,"elapsedMs":2.5148330000001806,"copyBytes":21,"insertStatementCount":0,"insertStatementsByRowCount":{}}},{"level":"info","message":"Finished copying 0 rows into copy_pipeline_app_36_1784029666106_292405_0.mutations (flush: 0.001 ms) (total: 1.685 ms) ","data":{"schema":"copy_pipeline_app_36_1784029666106_292405_0","table":"mutations","replicaTable":"copy_pipeline_app_36_1784029666106_292405_0.mutations","syncMode":"initial","copyFormat":"binary","columnCount":4,"rows":0,"estimatedRows":0,"estimatedBytes":8192,"flushMs":0.000875000000178261,"elapsedMs":1.6852920000001177,"copyBytes":21,"insertStatementCount":0,"insertStatementsByRowCount":{}}},{"level":"info","message":"Finished copying 2000 rows into userspace.imports (flush: 193.212 ms) (total: 833.422 ms) ","data":{"schema":"userspace","table":"imports","replicaTable":"userspace.imports","syncMode":"initial","copyFormat":"binary","columnCount":7,"rows":2000,"estimatedRows":2000,"estimatedBytes":8536064,"flushMs":193.21187500000224,"elapsedMs":833.4224169999998,"copyBytes":550174715,"insertStatementCount":2000,"insertStatementsByRowCount":{"1":2000}}}],"records":[{"level":"info","message":"Created index 1/9 (0.026 ms): CREATE UNIQUE INDEX \"copy_pipeline_app_36_1784029666106_292405.permissions_pkey\" ON \"copy_pipeline_app_36_1784029666106_292405.permissions\" (\"lock\" ASC);"},{"level":"info","message":"Created index 2/9 (0.015 ms): CREATE UNIQUE INDEX \"copy_pipeline_app_36_1784029666106_292405_0.clients_pkey\" ON \"copy_pipeline_app_36_1784029666106_292405_0.clients\" (\"clientGroupID\" ASC,\"clientID\" ASC);"},{"level":"info","message":"Created index 3/9 (0.012 ms): CREATE UNIQUE INDEX \"copy_pipeline_app_36_1784029666106_292405_0.mutations_pkey\" ON \"copy_pipeline_app_36_1784029666106_292405_0.mutations\" (\"clientGroupID\" ASC,\"clientID\" ASC,\"mutationID\" ASC);"},{"level":"info","message":"Created index 4/9 (0.011 ms): CREATE  INDEX \"userspace.idx_imports_schema\" ON \"userspace.imports\" (\"schema\" ASC);"},{"level":"info","message":"Created index 5/9 (0.010 ms): CREATE  INDEX \"userspace.idx_imports_user_id\" ON \"userspace.imports\" (\"user_id\" ASC);"},{"level":"info","message":"Created index 6/9 (0.009 ms): CREATE  INDEX \"userspace.idx_imports_user_id_import_id\" ON \"userspace.imports\" (\"user_id\" ASC,\"import_id\" ASC);"},{"level":"info","message":"Created index 7/9 (0.008 ms): CREATE  INDEX \"userspace.idx_imports_user_source\" ON \"userspace.imports\" (\"user_id\" ASC,\"source\" ASC);"},{"level":"info","message":"Created index 8/9 (0.008 ms): CREATE  INDEX \"userspace.idx_imports_user_source_created_at\" ON \"userspace.imports\" (\"user_id\" ASC,\"source\" ASC,\"created_at\" DESC);"},{"level":"info","message":"Created index 9/9 (0.009 ms): CREATE UNIQUE INDEX \"userspace.imports_pkey\" ON \"userspace.imports\" (\"import_id\" ASC);"},{"level":"info","message":"Finished copying 1 rows into copy_pipeline_app_36_1784029666106_292405.permissions (flush: 0.020 ms) (total: 2.177 ms) ","data":{"schema":"copy_pipeline_app_36_1784029666106_292405","table":"permissions","replicaTable":"copy_pipeline_app_36_1784029666106_292405.permissions","syncMode":"initial","copyFormat":"binary","columnCount":3,"rows":1,"estimatedRows":0,"estimatedBytes":16384,"flushMs":0.019707999999809545,"elapsedMs":2.177208000000064,"copyBytes":36,"insertStatementCount":1,"insertStatementsByRowCount":{"1":1}}},{"level":"info","message":"Finished copying 0 rows into copy_pipeline_app_36_1784029666106_292405_0.clients (flush: 0.001 ms) (total: 2.515 ms) ","data":{"schema":"copy_pipeline_app_36_1784029666106_292405_0","table":"clients","replicaTable":"copy_pipeline_app_36_1784029666106_292405_0.clients","syncMode":"initial","copyFormat":"binary","columnCount":4,"rows":0,"estimatedRows":0,"estimatedBytes":8192,"flushMs":0.0007919999998193816,"elapsedMs":2.5148330000001806,"copyBytes":21,"insertStatementCount":0,"insertStatementsByRowCount":{}}},{"level":"info","message":"Finished copying 0 rows into copy_pipeline_app_36_1784029666106_292405_0.mutations (flush: 0.001 ms) (total: 1.685 ms) ","data":{"schema":"copy_pipeline_app_36_1784029666106_292405_0","table":"mutations","replicaTable":"copy_pipeline_app_36_1784029666106_292405_0.mutations","syncMode":"initial","copyFormat":"binary","columnCount":4,"rows":0,"estimatedRows":0,"estimatedBytes":8192,"flushMs":0.000875000000178261,"elapsedMs":1.6852920000001177,"copyBytes":21,"insertStatementCount":0,"insertStatementsByRowCount":{}}},{"level":"info","message":"Finished copying 2000 rows into userspace.imports (flush: 193.212 ms) (total: 833.422 ms) ","data":{"schema":"userspace","table":"imports","replicaTable":"userspace.imports","syncMode":"initial","copyFormat":"binary","columnCount":7,"rows":2000,"estimatedRows":2000,"estimatedBytes":8536064,"flushMs":193.21187500000224,"elapsedMs":833.4224169999998,"copyBytes":550174715,"insertStatementCount":2000,"insertStatementsByRowCount":{"1":2000}}},{"level":"info","message":"Created indexes (0.240 ms)"},{"level":"info","message":"Synced 2,001 rows of 4 tables in _copy_pipeline_app_36_1784029666106_292405_metadata_0,zero_copy_pipeline up to 0/47C5790 (flush: 193.233, index: 0.240, total: 959.861 ms)","data":{"syncMode":"initial","copyFormat":"binary","publications":["_copy_pipeline_app_36_1784029666106_292405_metadata_0","zero_copy_pipeline"],"lsn":"0/47C5790","tables":4,"rows":2001,"copyMs":840.0577509999998,"flushMs":193.23325000000204,"copyBytes":550174793,"insertStatementCount":2001,"insertStatementsByRowCount":{"1":2001},"indexes":9,"indexMs":0.239708999999948,"copyOtherMs":766.3878749999981,"totalMs":959.8608340000001}}]},"peakRssBytes":216907776,"resourceUsage":{"userCPUTime":1088343,"systemCPUTime":225929,"maxRSS":200836,"sharedMemorySize":0,"unsharedDataSize":0,"unsharedStackSize":0,"minorPageFault":40648,"majorPageFault":0,"swappedOut":0,"fsRead":0,"fsWrite":1077168,"ipcSent":0,"ipcReceived":0,"signalsCount":0,"voluntaryContextSwitches":3477,"involuntaryContextSwitches":2},"sqlite":{"rows":2000,"fileBytes":551383040,"pageCount":134615,"pageSize":4096}}
 [32m✓[39m [30m[45m zero-cache/bench-pg [49m[39m src/initial-sync-copy-pipeline.product.bench.pg.ts [2m([22m[2m1 test[22m[2m)[22m[32m 3029[2mms[22m[39m
 [2m[90m↓[39m[22m [30m[45m zero-cache/bench-pg [49m[39m src/db/initial-sync.bench.pg.ts [2m([22m[2m1 test[22m[2m | [22m[33m1 skipped[39m[2m)[22m
 [2m[90m↓[39m[22m [30m[45m zero-cache/bench-pg [49m[39m src/services/change-streamer/storer.bench.pg.ts [2m([22m[2m2 tests[22m[2m | [22m[33m2 skipped[39m[2m)[22m
 [2m[90m↓[39m[22m [30m[45m zero-cache/bench-pg [49m[39m src/services/replicator/replication-throughput.bench.pg.ts [2m([22m[2m1 test[22m[2m | [22m[33m1 skipped[39m[2m)[22m

[2m Test Files [22m [1m[32m1 passed[39m[22m[2m | [22m[33m3 skipped[39m[90m (4)[39m
[2m      Tests [22m [1m[32m1 passed[39m[22m[2m | [22m[33m4 skipped[39m[90m (5)[39m
[2m   Start at [22m 11:47:43
[2m   Duration [22m 4.24s[2m (transform 314ms, setup 0ms, import 905ms, tests 3.03s, environment 0ms)[22m

ZERO_COPY_PIPELINE_CGROUP {"memoryPeakBytes":924815360,"memoryCurrentBytes":15523840,"memoryMax":"6442450944","memoryEvents":{"low":0,"high":0,"max":0,"oom":0,"oom_kill":0,"oom_group_kill":0},"memoryStat":{"anon":6873088,"file":12288,"kernel":7274496,"kernel_stack":147456,"pagetables":548864,"sec_pagetables":0,"percpu":37876,"sock":0,"vmalloc":8192,"shmem":0,"zswap":0,"zswapped":0,"file_mapped":0,"file_dirty":12288,"file_writeback":0,"swapcached":0,"anon_thp":0,"file_thp":0,"shmem_thp":0,"inactive_anon":0,"active_anon":6754304,"inactive_file":12288,"active_file":0,"unevictable":0,"slab_reclaimable":2629064,"slab_unreclaimable":580472,"slab":3209536,"workingset_refault_anon":0,"workingset_refault_file":0,"workingset_activate_anon":0,"workingset_activate_file":0,"workingset_restore_anon":0,"workingset_restore_file":0,"workingset_nodereclaim":0,"pgdemote_kswapd":0,"pgdemote_direct":0,"pgdemote_khugepaged":0,"pgscan":0,"pgsteal":0,"pgscan_kswapd":0,"pgscan_direct":0,"pgscan_khugepaged":0,"pgsteal_kswapd":0,"pgsteal_direct":0,"pgsteal_khugepaged":0,"pgfault":224120,"pgmajfault":0,"pgrefill":0,"pgactivate":0,"pgdeactivate":0,"pglazyfree":0,"pglazyfreed":0,"swpin_zero":0,"swpout_zero":0,"zswpin":0,"zswpout":0,"zswpwb":0,"thp_fault_alloc":57,"thp_collapse_alloc":0,"thp_swpout":0,"thp_swpout_fallback":0}}

	Command being timed: "./node_modules/.bin/vitest run --config vitest.config.bench.pg.ts -t initial sync copy pipeline investigation"
	User time (seconds): 3.37
	System time (seconds): 0.60
	Percent of CPU this job got: 89%
	Elapsed (wall clock) time (h:mm:ss or m:ss): 0:04.47
	Average shared text size (kbytes): 0
	Average unshared data size (kbytes): 0
	Average stack size (kbytes): 0
	Average total size (kbytes): 0
	Maximum resident set size (kbytes): 366456
	Average resident set size (kbytes): 0
	Major (requiring I/O) page faults: 0
	Minor (reclaiming a frame) page faults: 220125
	Voluntary context switches: 16719
	Involuntary context switches: 21
	Swaps: 0
	File system inputs: 0
	File system outputs: 1082336
	Socket messages sent: 0
	Socket messages received: 0
	Signals delivered: 0
	Page size (bytes): 4096
	Exit status: 0

ZERO_COPY_PIPELINE_EXIT {"status":0,"signal":null}