ZERO_COPY_PIPELINE_RUN_META {"startedAt":"2026-07-14T11:29:00.091Z","id":"email-high-6.83g-parser-direct-text-r1","runConfig":{"profile":"email-high-6.83g","worktree":"linear-parser","label":"parser-direct-text","partialInsertBatches":false,"directTextBuffers":true,"bufferMB":8,"repetition":1},"fixture":{"fixture":"email","rows":10000,"payloadBytes":683000,"copyChunkBytes":31744,"expectedCopyBytes":6830000000,"docker":{"cpus":1,"memory":"3g","nodeHeapMB":2304}},"constraints":{"cpus":1,"memory":"3g","nodeHeapMB":2304},"image":"zero-copy-pipeline-linear-parser:local"}

[1m[30m[46m RUN [49m[39m[22m [36mv4.1.6 [39m[90m/workspace/packages/zero-cache[39m

ZERO_COPY_PIPELINE_PROGRESS creating fixture { fixture: 'email', rows: 10000, payloadBytes: 683000 }
ZERO_COPY_PIPELINE_PROGRESS fixture ready {
  rows: 10000,
  tableBytes: 87433216,
  indexBytes: 2007040,
  totalBytes: 89440256
}
ZERO_COPY_PIPELINE_RESULT {"kind":"initial-sync","profile":"email-high-6.83g","runLabel":"email-high-6.83g-parser-direct-text-r1","fixture":"email","rows":10000,"payloadBytes":683000,"workers":5,"treatment":{"partialInsertBatches":false,"directTextBuffers":true,"bufferMB":8},"sqliteTuning":{"mmapBytes":1073741824,"effectiveMmapBytes":1073741824},"source":{"rows":10000,"tableBytes":87433216,"indexBytes":2007040,"totalBytes":89440256},"rawCopy":{"bytes":6834522537,"chunks":10001,"averageChunkBytes":683383.9153084692,"ms":5717.626086,"throughputMBps":1195.3426884165785},"timing":{"outerMs":20026.8233,"callbackMs":19788.335175,"wrapperMs":238.48812499999985},"phases":{"summary":{"syncMode":"initial","copyFormat":"binary","publications":["_copy_pipeline_app_32_1784028547881_368316_metadata_0","zero_copy_pipeline"],"lsn":"0/CCC7748","tables":4,"rows":10001,"copyMs":5825.474878,"flushMs":3583.4576709999874,"copyBytes":6834522615,"insertStatementCount":10001,"insertStatementsByRowCount":{"1":10001},"indexes":7,"indexMs":13726.921422,"copyOtherMs":2347.882082000013,"totalMs":19658.261175},"tableCopies":[{"level":"info","message":"Finished copying 1 rows into copy_pipeline_app_32_1784028547881_368316.permissions (flush: 0.029 ms) (total: 3.522 ms) ","data":{"schema":"copy_pipeline_app_32_1784028547881_368316","table":"permissions","replicaTable":"copy_pipeline_app_32_1784028547881_368316.permissions","syncMode":"initial","copyFormat":"binary","columnCount":3,"rows":1,"estimatedRows":0,"estimatedBytes":16384,"flushMs":0.02920799999992596,"elapsedMs":3.521625000000313,"copyBytes":36,"insertStatementCount":1,"insertStatementsByRowCount":{"1":1}}},{"level":"info","message":"Finished copying 0 rows into copy_pipeline_app_32_1784028547881_368316_0.clients (flush: 0.001 ms) (total: 1.937 ms) ","data":{"schema":"copy_pipeline_app_32_1784028547881_368316_0","table":"clients","replicaTable":"copy_pipeline_app_32_1784028547881_368316_0.clients","syncMode":"initial","copyFormat":"binary","columnCount":4,"rows":0,"estimatedRows":0,"estimatedBytes":8192,"flushMs":0.0006659999999101274,"elapsedMs":1.9374580000003334,"copyBytes":21,"insertStatementCount":0,"insertStatementsByRowCount":{}}},{"level":"info","message":"Finished copying 0 rows into copy_pipeline_app_32_1784028547881_368316_0.mutations (flush: 0.001 ms) (total: 6.343 ms) ","data":{"schema":"copy_pipeline_app_32_1784028547881_368316_0","table":"mutations","replicaTable":"copy_pipeline_app_32_1784028547881_368316_0.mutations","syncMode":"initial","copyFormat":"binary","columnCount":4,"rows":0,"estimatedRows":0,"estimatedBytes":8192,"flushMs":0.0007500000001527951,"elapsedMs":6.342874999999367,"copyBytes":21,"insertStatementCount":0,"insertStatementsByRowCount":{}}},{"level":"info","message":"Finished copying 10000 rows into Email (flush: 3583.427 ms) (total: 5818.799 ms) ","data":{"schema":"public","table":"Email","replicaTable":"Email","syncMode":"initial","copyFormat":"binary","columnCount":25,"rows":10000,"estimatedRows":10000,"estimatedBytes":87433216,"flushMs":3583.4270469999874,"elapsedMs":5818.799044,"copyBytes":6834522537,"insertStatementCount":10000,"insertStatementsByRowCount":{"1":10000}}}],"records":[{"level":"info","message":"Finished copying 1 rows into copy_pipeline_app_32_1784028547881_368316.permissions (flush: 0.029 ms) (total: 3.522 ms) ","data":{"schema":"copy_pipeline_app_32_1784028547881_368316","table":"permissions","replicaTable":"copy_pipeline_app_32_1784028547881_368316.permissions","syncMode":"initial","copyFormat":"binary","columnCount":3,"rows":1,"estimatedRows":0,"estimatedBytes":16384,"flushMs":0.02920799999992596,"elapsedMs":3.521625000000313,"copyBytes":36,"insertStatementCount":1,"insertStatementsByRowCount":{"1":1}}},{"level":"info","message":"Finished copying 0 rows into copy_pipeline_app_32_1784028547881_368316_0.clients (flush: 0.001 ms) (total: 1.937 ms) ","data":{"schema":"copy_pipeline_app_32_1784028547881_368316_0","table":"clients","replicaTable":"copy_pipeline_app_32_1784028547881_368316_0.clients","syncMode":"initial","copyFormat":"binary","columnCount":4,"rows":0,"estimatedRows":0,"estimatedBytes":8192,"flushMs":0.0006659999999101274,"elapsedMs":1.9374580000003334,"copyBytes":21,"insertStatementCount":0,"insertStatementsByRowCount":{}}},{"level":"info","message":"Finished copying 0 rows into copy_pipeline_app_32_1784028547881_368316_0.mutations (flush: 0.001 ms) (total: 6.343 ms) ","data":{"schema":"copy_pipeline_app_32_1784028547881_368316_0","table":"mutations","replicaTable":"copy_pipeline_app_32_1784028547881_368316_0.mutations","syncMode":"initial","copyFormat":"binary","columnCount":4,"rows":0,"estimatedRows":0,"estimatedBytes":8192,"flushMs":0.0007500000001527951,"elapsedMs":6.342874999999367,"copyBytes":21,"insertStatementCount":0,"insertStatementsByRowCount":{}}},{"level":"info","message":"Finished copying 10000 rows into Email (flush: 3583.427 ms) (total: 5818.799 ms) ","data":{"schema":"public","table":"Email","replicaTable":"Email","syncMode":"initial","copyFormat":"binary","columnCount":25,"rows":10000,"estimatedRows":10000,"estimatedBytes":87433216,"flushMs":3583.4270469999874,"elapsedMs":5818.799044,"copyBytes":6834522537,"insertStatementCount":10000,"insertStatementsByRowCount":{"1":10000}}},{"level":"info","message":"Created index 1/7 (0.049 ms): CREATE UNIQUE INDEX \"copy_pipeline_app_32_1784028547881_368316.permissions_pkey\" ON \"copy_pipeline_app_32_1784028547881_368316.permissions\" (\"lock\" ASC);"},{"level":"info","message":"Created index 2/7 (0.024 ms): CREATE UNIQUE INDEX \"copy_pipeline_app_32_1784028547881_368316_0.clients_pkey\" ON \"copy_pipeline_app_32_1784028547881_368316_0.clients\" (\"clientGroupID\" ASC,\"clientID\" ASC);"},{"level":"info","message":"Created index 3/7 (0.015 ms): CREATE UNIQUE INDEX \"copy_pipeline_app_32_1784028547881_368316_0.mutations_pkey\" ON \"copy_pipeline_app_32_1784028547881_368316_0.mutations\" (\"clientGroupID\" ASC,\"clientID\" ASC,\"mutationID\" ASC);"},{"level":"info","message":"Created index 4/7 (99.484 ms): CREATE UNIQUE INDEX \"Email_pkey\" ON \"Email\" (\"id\" ASC);"},{"level":"info","message":"Created index 5/7 (8295.874 ms): CREATE  INDEX \"Email_threadId_createdAt_id_idx\" ON \"Email\" (\"threadId\" ASC,\"createdAt\" ASC,\"id\" ASC);"},{"level":"info","message":"Created index 6/7 (2924.179 ms): CREATE  INDEX \"Email_threadId_id_idx\" ON \"Email\" (\"threadId\" ASC,\"id\" ASC);"},{"level":"info","message":"Created index 7/7 (2406.484 ms): CREATE  INDEX \"Email_workspaceId_id_idx\" ON \"Email\" (\"workspaceId\" ASC,\"id\" ASC);"},{"level":"info","message":"Created indexes (13726.921 ms)"},{"level":"info","message":"Synced 10,001 rows of 4 tables in _copy_pipeline_app_32_1784028547881_368316_metadata_0,zero_copy_pipeline up to 0/CCC7748 (flush: 3583.458, index: 13726.921, total: 19658.261 ms)","data":{"syncMode":"initial","copyFormat":"binary","publications":["_copy_pipeline_app_32_1784028547881_368316_metadata_0","zero_copy_pipeline"],"lsn":"0/CCC7748","tables":4,"rows":10001,"copyMs":5825.474878,"flushMs":3583.4576709999874,"copyBytes":6834522615,"insertStatementCount":10001,"insertStatementsByRowCount":{"1":10001},"indexes":7,"indexMs":13726.921422,"copyOtherMs":2347.882082000013,"totalMs":19658.261175}}]},"peakRssBytes":1299607552,"resourceUsage":{"userCPUTime":3639278,"systemCPUTime":8682742,"maxRSS":1076676,"sharedMemorySize":0,"unsharedDataSize":0,"unsharedStackSize":0,"minorPageFault":794926,"majorPageFault":142131,"swappedOut":0,"fsRead":30246328,"fsWrite":13372600,"ipcSent":0,"ipcReceived":0,"signalsCount":0,"voluntaryContextSwitches":203772,"involuntaryContextSwitches":7682},"sqlite":{"rows":10000,"fileBytes":6846730240,"pageCount":1671565,"pageSize":4096}}
 [32m✓[39m [30m[45m zero-cache/bench-pg [49m[39m src/initial-sync-copy-pipeline.product.bench.pg.ts [2m([22m[2m1 test[22m[2m)[22m[33m 26698[2mms[22m[39m
   [33m[2m✓[22m[39m initial sync copy pipeline investigation [33m 26696[2mms[22m[39m
 [2m[90m↓[39m[22m [30m[45m zero-cache/bench-pg [49m[39m src/db/initial-sync.bench.pg.ts [2m([22m[2m1 test[22m[2m | [22m[33m1 skipped[39m[2m)[22m
 [2m[90m↓[39m[22m [30m[45m zero-cache/bench-pg [49m[39m src/services/change-streamer/storer.bench.pg.ts [2m([22m[2m2 tests[22m[2m | [22m[33m2 skipped[39m[2m)[22m
 [2m[90m↓[39m[22m [30m[45m zero-cache/bench-pg [49m[39m src/services/replicator/replication-throughput.bench.pg.ts [2m([22m[2m1 test[22m[2m | [22m[33m1 skipped[39m[2m)[22m

[2m Test Files [22m [1m[32m1 passed[39m[22m[2m | [22m[33m3 skipped[39m[90m (4)[39m
[2m      Tests [22m [1m[32m1 passed[39m[22m[2m | [22m[33m4 skipped[39m[90m (5)[39m
[2m   Start at [22m 11:29:00
[2m   Duration [22m 29.01s[2m (transform 662ms, setup 0ms, import 1.85s, tests 26.70s, environment 0ms)[22m

ZERO_COPY_PIPELINE_CGROUP {"memoryPeakBytes":3221884928,"memoryCurrentBytes":19222528,"memoryMax":"3221225472","memoryEvents":{"low":0,"high":0,"max":24842,"oom":0,"oom_kill":0,"oom_group_kill":0},"memoryStat":{"anon":6864896,"file":3063808,"kernel":7634944,"kernel_stack":147456,"pagetables":536576,"sec_pagetables":0,"percpu":38148,"sock":0,"vmalloc":8192,"shmem":0,"zswap":0,"zswapped":0,"file_mapped":0,"file_dirty":12288,"file_writeback":0,"swapcached":0,"anon_thp":0,"file_thp":0,"shmem_thp":0,"inactive_anon":0,"active_anon":6750208,"inactive_file":2240512,"active_file":823296,"unevictable":0,"slab_reclaimable":2630160,"slab_unreclaimable":573152,"slab":3203312,"workingset_refault_anon":0,"workingset_refault_file":3781115,"workingset_activate_anon":0,"workingset_activate_file":3781115,"workingset_restore_anon":0,"workingset_restore_file":262142,"workingset_nodereclaim":0,"pgdemote_kswapd":0,"pgdemote_direct":0,"pgdemote_khugepaged":0,"pgscan":4750245,"pgsteal":4750245,"pgscan_kswapd":27072,"pgscan_direct":4723173,"pgscan_khugepaged":0,"pgsteal_kswapd":27072,"pgsteal_direct":4723173,"pgsteal_khugepaged":0,"pgfault":1220735,"pgmajfault":142133,"pgrefill":78179,"pgactivate":0,"pgdeactivate":0,"pglazyfree":0,"pglazyfreed":0,"swpin_zero":0,"swpout_zero":0,"zswpin":0,"zswpout":0,"zswpwb":0,"thp_fault_alloc":53,"thp_collapse_alloc":0,"thp_swpout":0,"thp_swpout_fallback":0}}

	Command being timed: "./node_modules/.bin/vitest run --config vitest.config.bench.pg.ts -t initial sync copy pipeline investigation"
	User time (seconds): 10.78
	System time (seconds): 10.25
	Percent of CPU this job got: 71%
	Elapsed (wall clock) time (h:mm:ss or m:ss): 0:29.29
	Average shared text size (kbytes): 0
	Average unshared data size (kbytes): 0
	Average stack size (kbytes): 0
	Average total size (kbytes): 0
	Maximum resident set size (kbytes): 1271196
	Average resident set size (kbytes): 0
	Major (requiring I/O) page faults: 142133
	Minor (reclaiming a frame) page faults: 1074616
	Voluntary context switches: 228894
	Involuntary context switches: 7944
	Swaps: 0
	File system inputs: 30263440
	File system outputs: 13377760
	Socket messages sent: 0
	Socket messages received: 0
	Signals delivered: 0
	Page size (bytes): 4096
	Exit status: 0

ZERO_COPY_PIPELINE_EXIT {"status":0,"signal":null}