ZERO_COPY_PIPELINE_RUN_META {"startedAt":"2026-07-14T11:29:29.959Z","id":"email-high-6.83g-parser-direct-text-partial-8m-r1","runConfig":{"profile":"email-high-6.83g","worktree":"linear-parser","label":"parser-direct-text-partial-8m","partialInsertBatches":true,"directTextBuffers":true,"bufferMB":8,"repetition":1},"fixture":{"fixture":"email","rows":10000,"payloadBytes":683000,"copyChunkBytes":31744,"expectedCopyBytes":6830000000,"docker":{"cpus":1,"memory":"3g","nodeHeapMB":2304}},"constraints":{"cpus":1,"memory":"3g","nodeHeapMB":2304},"image":"zero-copy-pipeline-linear-parser:local"}

[1m[30m[46m RUN [49m[39m[22m [36mv4.1.6 [39m[90m/workspace/packages/zero-cache[39m

ZERO_COPY_PIPELINE_PROGRESS creating fixture { fixture: 'email', rows: 10000, payloadBytes: 683000 }
ZERO_COPY_PIPELINE_PROGRESS fixture ready {
  rows: 10000,
  tableBytes: 87433216,
  indexBytes: 2007040,
  totalBytes: 89440256
}
ZERO_COPY_PIPELINE_RESULT {"kind":"initial-sync","profile":"email-high-6.83g","runLabel":"email-high-6.83g-parser-direct-text-partial-8m-r1","fixture":"email","rows":10000,"payloadBytes":683000,"workers":5,"treatment":{"partialInsertBatches":true,"directTextBuffers":true,"bufferMB":8},"sqliteTuning":{"mmapBytes":1073741824,"effectiveMmapBytes":1073741824},"source":{"rows":10000,"tableBytes":87433216,"indexBytes":2007040,"totalBytes":89440256},"rawCopy":{"bytes":6834522537,"chunks":10001,"averageChunkBytes":683383.9153084692,"ms":5644.152628,"throughputMBps":1210.9032103587544},"timing":{"outerMs":19116.963675,"callbackMs":18811.303092000002,"wrapperMs":305.66058299999713},"phases":{"summary":{"syncMode":"initial","copyFormat":"binary","publications":["_copy_pipeline_app_32_1784028577549_817749_metadata_0","zero_copy_pipeline"],"lsn":"0/128FC6B8","tables":4,"rows":10001,"copyMs":6183.761878,"flushMs":3728.591637000017,"copyBytes":6834522615,"insertStatementCount":771,"insertStatementsByRowCount":{"1":1,"3":1,"13":769},"indexes":7,"indexMs":12443.716130999997,"copyOtherMs":2566.685781999986,"totalMs":18738.99355},"tableCopies":[{"level":"info","message":"Finished copying 1 rows into copy_pipeline_app_32_1784028577549_817749.permissions (flush: 0.043 ms) (total: 2.295 ms) ","data":{"schema":"copy_pipeline_app_32_1784028577549_817749","table":"permissions","replicaTable":"copy_pipeline_app_32_1784028577549_817749.permissions","syncMode":"initial","copyFormat":"binary","columnCount":3,"rows":1,"estimatedRows":0,"estimatedBytes":16384,"flushMs":0.04324999999971624,"elapsedMs":2.294625000000451,"copyBytes":36,"insertStatementCount":1,"insertStatementsByRowCount":{"1":1}}},{"level":"info","message":"Finished copying 0 rows into copy_pipeline_app_32_1784028577549_817749_0.clients (flush: 0.001 ms) (total: 2.315 ms) ","data":{"schema":"copy_pipeline_app_32_1784028577549_817749_0","table":"clients","replicaTable":"copy_pipeline_app_32_1784028577549_817749_0.clients","syncMode":"initial","copyFormat":"binary","columnCount":4,"rows":0,"estimatedRows":0,"estimatedBytes":8192,"flushMs":0.0007920000007288763,"elapsedMs":2.3150409999998374,"copyBytes":21,"insertStatementCount":0,"insertStatementsByRowCount":{}}},{"level":"info","message":"Finished copying 0 rows into copy_pipeline_app_32_1784028577549_817749_0.mutations (flush: 0.001 ms) (total: 1.633 ms) ","data":{"schema":"copy_pipeline_app_32_1784028577549_817749_0","table":"mutations","replicaTable":"copy_pipeline_app_32_1784028577549_817749_0.mutations","syncMode":"initial","copyFormat":"binary","columnCount":4,"rows":0,"estimatedRows":0,"estimatedBytes":8192,"flushMs":0.0008750000006330083,"elapsedMs":1.63287500000024,"copyBytes":21,"insertStatementCount":0,"insertStatementsByRowCount":{}}},{"level":"info","message":"Finished copying 10000 rows into Email (flush: 3728.547 ms) (total: 6177.232 ms) ","data":{"schema":"public","table":"Email","replicaTable":"Email","syncMode":"initial","copyFormat":"binary","columnCount":25,"rows":10000,"estimatedRows":10000,"estimatedBytes":87433216,"flushMs":3728.5467200000157,"elapsedMs":6177.232294,"copyBytes":6834522537,"insertStatementCount":770,"insertStatementsByRowCount":{"3":1,"13":769}}}],"records":[{"level":"info","message":"Finished copying 1 rows into copy_pipeline_app_32_1784028577549_817749.permissions (flush: 0.043 ms) (total: 2.295 ms) ","data":{"schema":"copy_pipeline_app_32_1784028577549_817749","table":"permissions","replicaTable":"copy_pipeline_app_32_1784028577549_817749.permissions","syncMode":"initial","copyFormat":"binary","columnCount":3,"rows":1,"estimatedRows":0,"estimatedBytes":16384,"flushMs":0.04324999999971624,"elapsedMs":2.294625000000451,"copyBytes":36,"insertStatementCount":1,"insertStatementsByRowCount":{"1":1}}},{"level":"info","message":"Finished copying 0 rows into copy_pipeline_app_32_1784028577549_817749_0.clients (flush: 0.001 ms) (total: 2.315 ms) ","data":{"schema":"copy_pipeline_app_32_1784028577549_817749_0","table":"clients","replicaTable":"copy_pipeline_app_32_1784028577549_817749_0.clients","syncMode":"initial","copyFormat":"binary","columnCount":4,"rows":0,"estimatedRows":0,"estimatedBytes":8192,"flushMs":0.0007920000007288763,"elapsedMs":2.3150409999998374,"copyBytes":21,"insertStatementCount":0,"insertStatementsByRowCount":{}}},{"level":"info","message":"Finished copying 0 rows into copy_pipeline_app_32_1784028577549_817749_0.mutations (flush: 0.001 ms) (total: 1.633 ms) ","data":{"schema":"copy_pipeline_app_32_1784028577549_817749_0","table":"mutations","replicaTable":"copy_pipeline_app_32_1784028577549_817749_0.mutations","syncMode":"initial","copyFormat":"binary","columnCount":4,"rows":0,"estimatedRows":0,"estimatedBytes":8192,"flushMs":0.0008750000006330083,"elapsedMs":1.63287500000024,"copyBytes":21,"insertStatementCount":0,"insertStatementsByRowCount":{}}},{"level":"info","message":"Finished copying 10000 rows into Email (flush: 3728.547 ms) (total: 6177.232 ms) ","data":{"schema":"public","table":"Email","replicaTable":"Email","syncMode":"initial","copyFormat":"binary","columnCount":25,"rows":10000,"estimatedRows":10000,"estimatedBytes":87433216,"flushMs":3728.5467200000157,"elapsedMs":6177.232294,"copyBytes":6834522537,"insertStatementCount":770,"insertStatementsByRowCount":{"3":1,"13":769}}},{"level":"info","message":"Created index 1/7 (0.057 ms): CREATE UNIQUE INDEX \"copy_pipeline_app_32_1784028577549_817749.permissions_pkey\" ON \"copy_pipeline_app_32_1784028577549_817749.permissions\" (\"lock\" ASC);"},{"level":"info","message":"Created index 2/7 (0.024 ms): CREATE UNIQUE INDEX \"copy_pipeline_app_32_1784028577549_817749_0.clients_pkey\" ON \"copy_pipeline_app_32_1784028577549_817749_0.clients\" (\"clientGroupID\" ASC,\"clientID\" ASC);"},{"level":"info","message":"Created index 3/7 (0.025 ms): CREATE UNIQUE INDEX \"copy_pipeline_app_32_1784028577549_817749_0.mutations_pkey\" ON \"copy_pipeline_app_32_1784028577549_817749_0.mutations\" (\"clientGroupID\" ASC,\"clientID\" ASC,\"mutationID\" ASC);"},{"level":"info","message":"Created index 4/7 (91.154 ms): CREATE UNIQUE INDEX \"Email_pkey\" ON \"Email\" (\"id\" ASC);"},{"level":"info","message":"Created index 5/7 (7381.245 ms): CREATE  INDEX \"Email_threadId_createdAt_id_idx\" ON \"Email\" (\"threadId\" ASC,\"createdAt\" ASC,\"id\" ASC);"},{"level":"info","message":"Created index 6/7 (2661.099 ms): CREATE  INDEX \"Email_threadId_id_idx\" ON \"Email\" (\"threadId\" ASC,\"id\" ASC);"},{"level":"info","message":"Created index 7/7 (2308.983 ms): CREATE  INDEX \"Email_workspaceId_id_idx\" ON \"Email\" (\"workspaceId\" ASC,\"id\" ASC);"},{"level":"info","message":"Created indexes (12443.716 ms)"},{"level":"info","message":"Synced 10,001 rows of 4 tables in _copy_pipeline_app_32_1784028577549_817749_metadata_0,zero_copy_pipeline up to 0/128FC6B8 (flush: 3728.592, index: 12443.716, total: 18738.994 ms)","data":{"syncMode":"initial","copyFormat":"binary","publications":["_copy_pipeline_app_32_1784028577549_817749_metadata_0","zero_copy_pipeline"],"lsn":"0/128FC6B8","tables":4,"rows":10001,"copyMs":6183.761878,"flushMs":3728.591637000017,"copyBytes":6834522615,"insertStatementCount":771,"insertStatementsByRowCount":{"1":1,"3":1,"13":769},"indexes":7,"indexMs":12443.716130999997,"copyOtherMs":2566.685781999986,"totalMs":18738.99355}}]},"peakRssBytes":1281863680,"resourceUsage":{"userCPUTime":3627168,"systemCPUTime":8364826,"maxRSS":1061536,"sharedMemorySize":0,"unsharedDataSize":0,"unsharedStackSize":0,"minorPageFault":825923,"majorPageFault":142131,"swappedOut":0,"fsRead":29924384,"fsWrite":13372560,"ipcSent":0,"ipcReceived":0,"signalsCount":0,"voluntaryContextSwitches":205829,"involuntaryContextSwitches":7746},"sqlite":{"rows":10000,"fileBytes":6846730240,"pageCount":1671565,"pageSize":4096}}
 [32m✓[39m [30m[45m zero-cache/bench-pg [49m[39m src/initial-sync-copy-pipeline.product.bench.pg.ts [2m([22m[2m1 test[22m[2m)[22m[33m 25662[2mms[22m[39m
   [33m[2m✓[22m[39m initial sync copy pipeline investigation [33m 25660[2mms[22m[39m
 [2m[90m↓[39m[22m [30m[45m zero-cache/bench-pg [49m[39m src/db/initial-sync.bench.pg.ts [2m([22m[2m1 test[22m[2m | [22m[33m1 skipped[39m[2m)[22m
 [2m[90m↓[39m[22m [30m[45m zero-cache/bench-pg [49m[39m src/services/change-streamer/storer.bench.pg.ts [2m([22m[2m2 tests[22m[2m | [22m[33m2 skipped[39m[2m)[22m
 [2m[90m↓[39m[22m [30m[45m zero-cache/bench-pg [49m[39m src/services/replicator/replication-throughput.bench.pg.ts [2m([22m[2m1 test[22m[2m | [22m[33m1 skipped[39m[2m)[22m

[2m Test Files [22m [1m[32m1 passed[39m[22m[2m | [22m[33m3 skipped[39m[90m (4)[39m
[2m      Tests [22m [1m[32m1 passed[39m[22m[2m | [22m[33m4 skipped[39m[90m (5)[39m
[2m   Start at [22m 11:29:30
[2m   Duration [22m 27.99s[2m (transform 812ms, setup 0ms, import 1.94s, tests 25.66s, environment 0ms)[22m

ZERO_COPY_PIPELINE_CGROUP {"memoryPeakBytes":3221712896,"memoryCurrentBytes":12374016,"memoryMax":"3221225472","memoryEvents":{"low":0,"high":0,"max":24637,"oom":0,"oom_kill":0,"oom_group_kill":0},"memoryStat":{"anon":6873088,"file":16384,"kernel":3923968,"kernel_stack":147456,"pagetables":544768,"sec_pagetables":0,"percpu":37876,"sock":0,"vmalloc":8192,"shmem":0,"zswap":0,"zswapped":0,"file_mapped":0,"file_dirty":8192,"file_writeback":0,"swapcached":0,"anon_thp":0,"file_thp":0,"shmem_thp":0,"inactive_anon":0,"active_anon":6758400,"inactive_file":4096,"active_file":8192,"unevictable":0,"slab_reclaimable":2628136,"slab_unreclaimable":442520,"slab":3070656,"workingset_refault_anon":0,"workingset_refault_file":3741945,"workingset_activate_anon":0,"workingset_activate_file":3740872,"workingset_restore_anon":0,"workingset_restore_file":262142,"workingset_nodereclaim":0,"pgdemote_kswapd":0,"pgdemote_direct":0,"pgdemote_khugepaged":0,"pgscan":4705165,"pgsteal":4705165,"pgscan_kswapd":0,"pgscan_direct":4705165,"pgscan_khugepaged":0,"pgsteal_kswapd":0,"pgsteal_direct":4705165,"pgsteal_khugepaged":0,"pgfault":1191528,"pgmajfault":142131,"pgrefill":89629,"pgactivate":0,"pgdeactivate":0,"pglazyfree":0,"pglazyfreed":0,"swpin_zero":0,"swpout_zero":0,"zswpin":0,"zswpout":0,"zswpwb":0,"thp_fault_alloc":48,"thp_collapse_alloc":0,"thp_swpout":0,"thp_swpout_fallback":0}}

	Command being timed: "./node_modules/.bin/vitest run --config vitest.config.bench.pg.ts -t initial sync copy pipeline investigation"
	User time (seconds): 10.47
	System time (seconds): 9.95
	Percent of CPU this job got: 72%
	Elapsed (wall clock) time (h:mm:ss or m:ss): 0:28.28
	Average shared text size (kbytes): 0
	Average unshared data size (kbytes): 0
	Average stack size (kbytes): 0
	Average total size (kbytes): 0
	Maximum resident set size (kbytes): 1254636
	Average resident set size (kbytes): 0
	Major (requiring I/O) page faults: 142131
	Minor (reclaiming a frame) page faults: 1045414
	Voluntary context switches: 231390
	Involuntary context switches: 8000
	Swaps: 0
	File system inputs: 29935544
	File system outputs: 13377720
	Socket messages sent: 0
	Socket messages received: 0
	Signals delivered: 0
	Page size (bytes): 4096
	Exit status: 0

ZERO_COPY_PIPELINE_EXIT {"status":0,"signal":null}