ZERO_COPY_PIPELINE_RUN_META {"startedAt":"2026-07-14T11:29:58.668Z","id":"imports-production-2.75g-parser-partial-8m-r1","runConfig":{"profile":"imports-production-2.75g","worktree":"linear-parser","label":"parser-partial-8m","partialInsertBatches":true,"directTextBuffers":false,"bufferMB":8,"repetition":1},"fixture":{"fixture":"imports","rows":10000,"payloadBytes":275000,"copyChunkBytes":5632,"expectedCopyBytes":2750000000,"docker":{"cpus":2,"memory":"6g","nodeHeapMB":4608}},"constraints":{"cpus":2,"memory":"6g","nodeHeapMB":4608},"image":"zero-copy-pipeline-linear-parser:local"}

[1m[30m[46m RUN [49m[39m[22m [36mv4.1.6 [39m[90m/workspace/packages/zero-cache[39m

ZERO_COPY_PIPELINE_PROGRESS creating fixture { fixture: 'imports', rows: 10000, payloadBytes: 275000 }
ZERO_COPY_PIPELINE_PROGRESS fixture ready {
  rows: 10000,
  tableBytes: 42442752,
  indexBytes: 1671168,
  totalBytes: 44113920
}
ZERO_COPY_PIPELINE_RESULT {"kind":"initial-sync","profile":"imports-production-2.75g","runLabel":"imports-production-2.75g-parser-partial-8m-r1","fixture":"imports","rows":10000,"payloadBytes":275000,"workers":5,"treatment":{"partialInsertBatches":true,"directTextBuffers":false,"bufferMB":8},"sqliteTuning":{"mmapBytes":1073741824,"effectiveMmapBytes":1073741824},"source":{"rows":10000,"tableBytes":42442752,"indexBytes":1671168,"totalBytes":44113920},"rawCopy":{"bytes":2750877916,"chunks":10001,"averageChunkBytes":275060.28557144286,"ms":4123.633294,"throughputMBps":667.100520311203},"timing":{"outerMs":6060.0237529999995,"callbackMs":6013.545878000001,"wrapperMs":46.477874999998676},"phases":{"summary":{"syncMode":"initial","copyFormat":"binary","publications":["_copy_pipeline_app_35_1784028609824_146861_metadata_0","zero_copy_pipeline"],"lsn":"0/15214F20","tables":4,"rows":10001,"copyMs":4707.140919000001,"flushMs":1833.9759519999825,"copyBytes":2750877994,"insertStatementCount":324,"insertStatementsByRowCount":{"1":1,"18":1,"31":322},"indexes":9,"indexMs":1199.9957090000007,"copyOtherMs":2968.6167170000153,"totalMs":6002.588377999999},"tableCopies":[{"level":"info","message":"Finished copying 1 rows into copy_pipeline_app_35_1784028609824_146861.permissions (flush: 0.049 ms) (total: 2.633 ms) ","data":{"schema":"copy_pipeline_app_35_1784028609824_146861","table":"permissions","replicaTable":"copy_pipeline_app_35_1784028609824_146861.permissions","syncMode":"initial","copyFormat":"binary","columnCount":3,"rows":1,"estimatedRows":0,"estimatedBytes":16384,"flushMs":0.048708000000260654,"elapsedMs":2.632832999999664,"copyBytes":36,"insertStatementCount":1,"insertStatementsByRowCount":{"1":1}}},{"level":"info","message":"Finished copying 0 rows into copy_pipeline_app_35_1784028609824_146861_0.clients (flush: 0.001 ms) (total: 2.489 ms) ","data":{"schema":"copy_pipeline_app_35_1784028609824_146861_0","table":"clients","replicaTable":"copy_pipeline_app_35_1784028609824_146861_0.clients","syncMode":"initial","copyFormat":"binary","columnCount":4,"rows":0,"estimatedRows":0,"estimatedBytes":8192,"flushMs":0.0005829999990965007,"elapsedMs":2.4893750000010186,"copyBytes":21,"insertStatementCount":0,"insertStatementsByRowCount":{}}},{"level":"info","message":"Finished copying 0 rows into copy_pipeline_app_35_1784028609824_146861_0.mutations (flush: 0.001 ms) (total: 3.474 ms) ","data":{"schema":"copy_pipeline_app_35_1784028609824_146861_0","table":"mutations","replicaTable":"copy_pipeline_app_35_1784028609824_146861_0.mutations","syncMode":"initial","copyFormat":"binary","columnCount":4,"rows":0,"estimatedRows":0,"estimatedBytes":8192,"flushMs":0.0007079999995767139,"elapsedMs":3.4743749999997817,"copyBytes":21,"insertStatementCount":0,"insertStatementsByRowCount":{}}},{"level":"info","message":"Finished copying 10000 rows into userspace.imports (flush: 1833.926 ms) (total: 4701.755 ms) ","data":{"schema":"userspace","table":"imports","replicaTable":"userspace.imports","syncMode":"initial","copyFormat":"binary","columnCount":7,"rows":10000,"estimatedRows":10000,"estimatedBytes":42442752,"flushMs":1833.9259529999836,"elapsedMs":4701.754669,"copyBytes":2750877916,"insertStatementCount":323,"insertStatementsByRowCount":{"18":1,"31":322}}}],"records":[{"level":"info","message":"Finished copying 1 rows into copy_pipeline_app_35_1784028609824_146861.permissions (flush: 0.049 ms) (total: 2.633 ms) ","data":{"schema":"copy_pipeline_app_35_1784028609824_146861","table":"permissions","replicaTable":"copy_pipeline_app_35_1784028609824_146861.permissions","syncMode":"initial","copyFormat":"binary","columnCount":3,"rows":1,"estimatedRows":0,"estimatedBytes":16384,"flushMs":0.048708000000260654,"elapsedMs":2.632832999999664,"copyBytes":36,"insertStatementCount":1,"insertStatementsByRowCount":{"1":1}}},{"level":"info","message":"Finished copying 0 rows into copy_pipeline_app_35_1784028609824_146861_0.clients (flush: 0.001 ms) (total: 2.489 ms) ","data":{"schema":"copy_pipeline_app_35_1784028609824_146861_0","table":"clients","replicaTable":"copy_pipeline_app_35_1784028609824_146861_0.clients","syncMode":"initial","copyFormat":"binary","columnCount":4,"rows":0,"estimatedRows":0,"estimatedBytes":8192,"flushMs":0.0005829999990965007,"elapsedMs":2.4893750000010186,"copyBytes":21,"insertStatementCount":0,"insertStatementsByRowCount":{}}},{"level":"info","message":"Finished copying 0 rows into copy_pipeline_app_35_1784028609824_146861_0.mutations (flush: 0.001 ms) (total: 3.474 ms) ","data":{"schema":"copy_pipeline_app_35_1784028609824_146861_0","table":"mutations","replicaTable":"copy_pipeline_app_35_1784028609824_146861_0.mutations","syncMode":"initial","copyFormat":"binary","columnCount":4,"rows":0,"estimatedRows":0,"estimatedBytes":8192,"flushMs":0.0007079999995767139,"elapsedMs":3.4743749999997817,"copyBytes":21,"insertStatementCount":0,"insertStatementsByRowCount":{}}},{"level":"info","message":"Finished copying 10000 rows into userspace.imports (flush: 1833.926 ms) (total: 4701.755 ms) ","data":{"schema":"userspace","table":"imports","replicaTable":"userspace.imports","syncMode":"initial","copyFormat":"binary","columnCount":7,"rows":10000,"estimatedRows":10000,"estimatedBytes":42442752,"flushMs":1833.9259529999836,"elapsedMs":4701.754669,"copyBytes":2750877916,"insertStatementCount":323,"insertStatementsByRowCount":{"18":1,"31":322}}},{"level":"info","message":"Created index 1/9 (0.049 ms): CREATE UNIQUE INDEX \"copy_pipeline_app_35_1784028609824_146861.permissions_pkey\" ON \"copy_pipeline_app_35_1784028609824_146861.permissions\" (\"lock\" ASC);"},{"level":"info","message":"Created index 2/9 (0.019 ms): CREATE UNIQUE INDEX \"copy_pipeline_app_35_1784028609824_146861_0.clients_pkey\" ON \"copy_pipeline_app_35_1784028609824_146861_0.clients\" (\"clientGroupID\" ASC,\"clientID\" ASC);"},{"level":"info","message":"Created index 3/9 (0.018 ms): CREATE UNIQUE INDEX \"copy_pipeline_app_35_1784028609824_146861_0.mutations_pkey\" ON \"copy_pipeline_app_35_1784028609824_146861_0.mutations\" (\"clientGroupID\" ASC,\"clientID\" ASC,\"mutationID\" ASC);"},{"level":"info","message":"Created index 4/9 (313.635 ms): CREATE  INDEX \"userspace.idx_imports_schema\" ON \"userspace.imports\" (\"schema\" ASC);"},{"level":"info","message":"Created index 5/9 (231.113 ms): CREATE  INDEX \"userspace.idx_imports_user_id\" ON \"userspace.imports\" (\"user_id\" ASC);"},{"level":"info","message":"Created index 6/9 (220.094 ms): CREATE  INDEX \"userspace.idx_imports_user_id_import_id\" ON \"userspace.imports\" (\"user_id\" ASC,\"import_id\" ASC);"},{"level":"info","message":"Created index 7/9 (212.932 ms): CREATE  INDEX \"userspace.idx_imports_user_source\" ON \"userspace.imports\" (\"user_id\" ASC,\"source\" ASC);"},{"level":"info","message":"Created index 8/9 (218.745 ms): CREATE  INDEX \"userspace.idx_imports_user_source_created_at\" ON \"userspace.imports\" (\"user_id\" ASC,\"source\" ASC,\"created_at\" DESC);"},{"level":"info","message":"Created index 9/9 (2.884 ms): CREATE UNIQUE INDEX \"userspace.imports_pkey\" ON \"userspace.imports\" (\"import_id\" ASC);"},{"level":"info","message":"Created indexes (1199.996 ms)"},{"level":"info","message":"Synced 10,001 rows of 4 tables in _copy_pipeline_app_35_1784028609824_146861_metadata_0,zero_copy_pipeline up to 0/15214F20 (flush: 1833.976, index: 1199.996, total: 6002.588 ms)","data":{"syncMode":"initial","copyFormat":"binary","publications":["_copy_pipeline_app_35_1784028609824_146861_metadata_0","zero_copy_pipeline"],"lsn":"0/15214F20","tables":4,"rows":10001,"copyMs":4707.140919000001,"flushMs":1833.9759519999825,"copyBytes":2750877994,"insertStatementCount":324,"insertStatementsByRowCount":{"1":1,"18":1,"31":322},"indexes":9,"indexMs":1199.9957090000007,"copyOtherMs":2968.6167170000153,"totalMs":6002.588377999999}}]},"peakRssBytes":1315315712,"resourceUsage":{"userCPUTime":2378167,"systemCPUTime":2782905,"maxRSS":1119040,"sharedMemorySize":0,"unsharedDataSize":0,"unsharedStackSize":0,"minorPageFault":801665,"majorPageFault":0,"swappedOut":0,"fsRead":0,"fsWrite":5382880,"ipcSent":0,"ipcReceived":0,"signalsCount":0,"voluntaryContextSwitches":9045,"involuntaryContextSwitches":21},"sqlite":{"rows":10000,"fileBytes":2756018176,"pageCount":672856,"pageSize":4096}}
 [32m✓[39m [30m[45m zero-cache/bench-pg [49m[39m src/initial-sync-copy-pipeline.product.bench.pg.ts [2m([22m[2m1 test[22m[2m)[22m[33m 16268[2mms[22m[39m
   [33m[2m✓[22m[39m initial sync copy pipeline investigation [33m 16266[2mms[22m[39m
 [2m[90m↓[39m[22m [30m[45m zero-cache/bench-pg [49m[39m src/db/initial-sync.bench.pg.ts [2m([22m[2m1 test[22m[2m | [22m[33m1 skipped[39m[2m)[22m
 [2m[90m↓[39m[22m [30m[45m zero-cache/bench-pg [49m[39m src/services/change-streamer/storer.bench.pg.ts [2m([22m[2m2 tests[22m[2m | [22m[33m2 skipped[39m[2m)[22m
 [2m[90m↓[39m[22m [30m[45m zero-cache/bench-pg [49m[39m src/services/replicator/replication-throughput.bench.pg.ts [2m([22m[2m1 test[22m[2m | [22m[33m1 skipped[39m[2m)[22m

[2m Test Files [22m [1m[32m1 passed[39m[22m[2m | [22m[33m3 skipped[39m[90m (4)[39m
[2m      Tests [22m [1m[32m1 passed[39m[22m[2m | [22m[33m4 skipped[39m[90m (5)[39m
[2m   Start at [22m 11:29:59
[2m   Duration [22m 17.66s[2m (transform 429ms, setup 0ms, import 1.06s, tests 16.27s, environment 0ms)[22m

ZERO_COPY_PIPELINE_CGROUP {"memoryPeakBytes":3251744768,"memoryCurrentBytes":20226048,"memoryMax":"6442450944","memoryEvents":{"low":0,"high":0,"max":0,"oom":0,"oom_kill":0,"oom_group_kill":0},"memoryStat":{"anon":6873088,"file":4476928,"kernel":7454720,"kernel_stack":147456,"pagetables":552960,"sec_pagetables":0,"percpu":37604,"sock":0,"vmalloc":8192,"shmem":0,"zswap":0,"zswapped":0,"file_mapped":0,"file_dirty":8192,"file_writeback":0,"swapcached":0,"anon_thp":0,"file_thp":0,"shmem_thp":0,"inactive_anon":0,"active_anon":6758400,"inactive_file":4411392,"active_file":65536,"unevictable":0,"slab_reclaimable":2619928,"slab_unreclaimable":569704,"slab":3189632,"workingset_refault_anon":0,"workingset_refault_file":1073,"workingset_activate_anon":0,"workingset_activate_file":0,"workingset_restore_anon":0,"workingset_restore_file":0,"workingset_nodereclaim":0,"pgdemote_kswapd":0,"pgdemote_direct":0,"pgdemote_khugepaged":0,"pgscan":0,"pgsteal":0,"pgscan_kswapd":0,"pgscan_direct":0,"pgscan_khugepaged":0,"pgsteal_kswapd":0,"pgsteal_direct":0,"pgsteal_khugepaged":0,"pgfault":1224387,"pgmajfault":1,"pgrefill":0,"pgactivate":0,"pgdeactivate":0,"pglazyfree":0,"pglazyfreed":0,"swpin_zero":0,"swpout_zero":0,"zswpin":0,"zswpout":0,"zswpwb":0,"thp_fault_alloc":51,"thp_collapse_alloc":0,"thp_swpout":0,"thp_swpout_fallback":0}}

	Command being timed: "./node_modules/.bin/vitest run --config vitest.config.bench.pg.ts -t initial sync copy pipeline investigation"
	User time (seconds): 7.07
	System time (seconds): 3.83
	Percent of CPU this job got: 60%
	Elapsed (wall clock) time (h:mm:ss or m:ss): 0:17.92
	Average shared text size (kbytes): 0
	Average unshared data size (kbytes): 0
	Average stack size (kbytes): 0
	Average total size (kbytes): 0
	Maximum resident set size (kbytes): 1290156
	Average resident set size (kbytes): 0
	Major (requiring I/O) page faults: 1
	Minor (reclaiming a frame) page faults: 1220404
	Voluntary context switches: 34821
	Involuntary context switches: 32
	Swaps: 0
	File system inputs: 8712
	File system outputs: 5388040
	Socket messages sent: 0
	Socket messages received: 0
	Signals delivered: 0
	Page size (bytes): 4096
	Exit status: 0

ZERO_COPY_PIPELINE_EXIT {"status":0,"signal":null}