ZERO_COPY_PIPELINE_RUN_META {"startedAt":"2026-07-14T12:23:25.291Z","id":"imports-narrow-250k-narrow-eager-secondary-r1","runConfig":{"profile":"imports-narrow-250k","worktree":"linear-parser","label":"narrow-eager-secondary","partialInsertBatches":false,"directTextBuffers":true,"eagerIndexes":false,"eagerSecondaryIndexes":true,"bufferMB":8,"mmapGiB":0,"repetition":1},"fixture":{"fixture":"imports","rows":250000,"payloadBytes":128,"copyChunkBytes":5632,"docker":{"cpus":2,"memory":"6g","nodeHeapMB":4608}},"constraints":{"cpus":2,"memory":"6g","nodeHeapMB":4608},"image":"zero-copy-pipeline-linear-parser:local"}

[1m[30m[46m RUN [49m[39m[22m [36mv4.1.6 [39m[90m/workspace/packages/zero-cache[39m

ZERO_COPY_PIPELINE_PROGRESS creating fixture { fixture: 'imports', rows: 250000, payloadBytes: 128 }
ZERO_COPY_PIPELINE_PROGRESS fixture ready {
  rows: 250000,
  tableBytes: 59375616,
  indexBytes: 39247872,
  totalBytes: 98623488
}
ZERO_COPY_PIPELINE_RESULT {"kind":"initial-sync","profile":"imports-narrow-250k","runLabel":"imports-narrow-250k-narrow-eager-secondary-r1","fixture":"imports","rows":250000,"payloadBytes":128,"workers":5,"treatment":{"partialInsertBatches":false,"directTextBuffers":true,"eagerIndexes":false,"eagerSecondaryIndexes":true,"bufferMB":8},"sqliteTuning":{"mmapGiB":0,"mmapBytes":0,"effectiveMmapBytes":0},"source":{"rows":250000,"tableBytes":59375616,"indexBytes":39247872,"totalBytes":98623488},"rawCopy":{"bytes":54363917,"chunks":250001,"averageChunkBytes":217.45479818080727,"ms":109.69216699999993,"throughputMBps":495.604367083021},"timing":{"outerMs":1054.7943340000002,"callbackMs":983.9866259999999,"wrapperMs":70.80770800000028},"phases":{"summary":{"syncMode":"initial","copyFormat":"binary","publications":["_copy_pipeline_app_35_1784031807782_331370_metadata_0","zero_copy_pipeline"],"lsn":"0/29221E78","tables":4,"rows":250001,"copyMs":856.6607920000001,"flushMs":635.2978349999983,"copyBytes":54363995,"insertStatementCount":6079,"insertStatementsByRowCount":{"1":1101,"50":4978},"indexes":9,"indexMs":32.97383300000001,"copyOtherMs":304.5206660000017,"totalMs":972.792334},"tableCopies":[{"level":"info","message":"Finished copying 1 rows into copy_pipeline_app_35_1784031807782_331370.permissions (flush: 0.088 ms) (total: 2.411 ms) ","data":{"schema":"copy_pipeline_app_35_1784031807782_331370","table":"permissions","replicaTable":"copy_pipeline_app_35_1784031807782_331370.permissions","syncMode":"initial","copyFormat":"binary","columnCount":3,"rows":1,"estimatedRows":0,"estimatedBytes":16384,"flushMs":0.08845899999982976,"elapsedMs":2.410624999999982,"copyBytes":36,"insertStatementCount":1,"insertStatementsByRowCount":{"1":1}}},{"level":"info","message":"Finished copying 0 rows into copy_pipeline_app_35_1784031807782_331370_0.clients (flush: 0.001 ms) (total: 2.411 ms) ","data":{"schema":"copy_pipeline_app_35_1784031807782_331370_0","table":"clients","replicaTable":"copy_pipeline_app_35_1784031807782_331370_0.clients","syncMode":"initial","copyFormat":"binary","columnCount":4,"rows":0,"estimatedRows":0,"estimatedBytes":8192,"flushMs":0.0007909999999355932,"elapsedMs":2.410624999999982,"copyBytes":21,"insertStatementCount":0,"insertStatementsByRowCount":{}}},{"level":"info","message":"Finished copying 0 rows into copy_pipeline_app_35_1784031807782_331370_0.mutations (flush: 0.001 ms) (total: 2.156 ms) ","data":{"schema":"copy_pipeline_app_35_1784031807782_331370_0","table":"mutations","replicaTable":"copy_pipeline_app_35_1784031807782_331370_0.mutations","syncMode":"initial","copyFormat":"binary","columnCount":4,"rows":0,"estimatedRows":0,"estimatedBytes":8192,"flushMs":0.0006250000001273293,"elapsedMs":2.156332999999904,"copyBytes":21,"insertStatementCount":0,"insertStatementsByRowCount":{}}},{"level":"info","message":"Finished copying 250000 rows into userspace.imports (flush: 635.208 ms) (total: 849.406 ms) ","data":{"schema":"userspace","table":"imports","replicaTable":"userspace.imports","syncMode":"initial","copyFormat":"binary","columnCount":7,"rows":250000,"estimatedRows":250000,"estimatedBytes":59375616,"flushMs":635.2079599999984,"elapsedMs":849.4061260000001,"copyBytes":54363917,"insertStatementCount":6078,"insertStatementsByRowCount":{"1":1100,"50":4978}}}],"records":[{"level":"info","message":"Created index 1/5 (0.017 ms): CREATE  INDEX \"userspace.idx_imports_schema\" ON \"userspace.imports\" (\"schema\" ASC);"},{"level":"info","message":"Created index 2/5 (0.013 ms): CREATE  INDEX \"userspace.idx_imports_user_id\" ON \"userspace.imports\" (\"user_id\" ASC);"},{"level":"info","message":"Created index 3/5 (0.017 ms): CREATE  INDEX \"userspace.idx_imports_user_id_import_id\" ON \"userspace.imports\" (\"user_id\" ASC,\"import_id\" ASC);"},{"level":"info","message":"Created index 4/5 (0.010 ms): CREATE  INDEX \"userspace.idx_imports_user_source\" ON \"userspace.imports\" (\"user_id\" ASC,\"source\" ASC);"},{"level":"info","message":"Created index 5/5 (0.011 ms): CREATE  INDEX \"userspace.idx_imports_user_source_created_at\" ON \"userspace.imports\" (\"user_id\" ASC,\"source\" ASC,\"created_at\" DESC);"},{"level":"info","message":"Finished copying 1 rows into copy_pipeline_app_35_1784031807782_331370.permissions (flush: 0.088 ms) (total: 2.411 ms) ","data":{"schema":"copy_pipeline_app_35_1784031807782_331370","table":"permissions","replicaTable":"copy_pipeline_app_35_1784031807782_331370.permissions","syncMode":"initial","copyFormat":"binary","columnCount":3,"rows":1,"estimatedRows":0,"estimatedBytes":16384,"flushMs":0.08845899999982976,"elapsedMs":2.410624999999982,"copyBytes":36,"insertStatementCount":1,"insertStatementsByRowCount":{"1":1}}},{"level":"info","message":"Finished copying 0 rows into copy_pipeline_app_35_1784031807782_331370_0.clients (flush: 0.001 ms) (total: 2.411 ms) ","data":{"schema":"copy_pipeline_app_35_1784031807782_331370_0","table":"clients","replicaTable":"copy_pipeline_app_35_1784031807782_331370_0.clients","syncMode":"initial","copyFormat":"binary","columnCount":4,"rows":0,"estimatedRows":0,"estimatedBytes":8192,"flushMs":0.0007909999999355932,"elapsedMs":2.410624999999982,"copyBytes":21,"insertStatementCount":0,"insertStatementsByRowCount":{}}},{"level":"info","message":"Finished copying 0 rows into copy_pipeline_app_35_1784031807782_331370_0.mutations (flush: 0.001 ms) (total: 2.156 ms) ","data":{"schema":"copy_pipeline_app_35_1784031807782_331370_0","table":"mutations","replicaTable":"copy_pipeline_app_35_1784031807782_331370_0.mutations","syncMode":"initial","copyFormat":"binary","columnCount":4,"rows":0,"estimatedRows":0,"estimatedBytes":8192,"flushMs":0.0006250000001273293,"elapsedMs":2.156332999999904,"copyBytes":21,"insertStatementCount":0,"insertStatementsByRowCount":{}}},{"level":"info","message":"Finished copying 250000 rows into userspace.imports (flush: 635.208 ms) (total: 849.406 ms) ","data":{"schema":"userspace","table":"imports","replicaTable":"userspace.imports","syncMode":"initial","copyFormat":"binary","columnCount":7,"rows":250000,"estimatedRows":250000,"estimatedBytes":59375616,"flushMs":635.2079599999984,"elapsedMs":849.4061260000001,"copyBytes":54363917,"insertStatementCount":6078,"insertStatementsByRowCount":{"1":1100,"50":4978}}},{"level":"info","message":"Created index 1/4 (0.047 ms): CREATE UNIQUE INDEX \"copy_pipeline_app_35_1784031807782_331370.permissions_pkey\" ON \"copy_pipeline_app_35_1784031807782_331370.permissions\" (\"lock\" ASC);"},{"level":"info","message":"Created index 2/4 (0.022 ms): CREATE UNIQUE INDEX \"copy_pipeline_app_35_1784031807782_331370_0.clients_pkey\" ON \"copy_pipeline_app_35_1784031807782_331370_0.clients\" (\"clientGroupID\" ASC,\"clientID\" ASC);"},{"level":"info","message":"Created index 3/4 (0.016 ms): CREATE UNIQUE INDEX \"copy_pipeline_app_35_1784031807782_331370_0.mutations_pkey\" ON \"copy_pipeline_app_35_1784031807782_331370_0.mutations\" (\"clientGroupID\" ASC,\"clientID\" ASC,\"mutationID\" ASC);"},{"level":"info","message":"Created index 4/4 (32.657 ms): CREATE UNIQUE INDEX \"userspace.imports_pkey\" ON \"userspace.imports\" (\"import_id\" ASC);"},{"level":"info","message":"Created indexes (32.974 ms)"},{"level":"info","message":"Synced 250,001 rows of 4 tables in _copy_pipeline_app_35_1784031807782_331370_metadata_0,zero_copy_pipeline up to 0/29221E78 (flush: 635.298, index: 32.974, total: 972.792 ms)","data":{"syncMode":"initial","copyFormat":"binary","publications":["_copy_pipeline_app_35_1784031807782_331370_metadata_0","zero_copy_pipeline"],"lsn":"0/29221E78","tables":4,"rows":250001,"copyMs":856.6607920000001,"flushMs":635.2978349999983,"copyBytes":54363995,"insertStatementCount":6079,"insertStatementsByRowCount":{"1":1101,"50":4978},"indexes":9,"indexMs":32.97383300000001,"copyOtherMs":304.5206660000017,"totalMs":972.792334}}]},"peakRssBytes":198914048,"resourceUsage":{"userCPUTime":931091,"systemCPUTime":112973,"maxRSS":31720,"sharedMemorySize":0,"unsharedDataSize":0,"unsharedStackSize":0,"minorPageFault":9987,"majorPageFault":0,"swappedOut":0,"fsRead":0,"fsWrite":182784,"ipcSent":0,"ipcReceived":0,"signalsCount":0,"voluntaryContextSwitches":1003,"involuntaryContextSwitches":5},"sqlite":{"rows":250000,"fileBytes":93569024,"pageCount":22844,"pageSize":4096}}
 [32m✓[39m [30m[45m zero-cache/bench-pg [49m[39m src/initial-sync-copy-pipeline.product.bench.pg.ts [2m([22m[2m1 test[22m[2m)[22m[32m 2484[2mms[22m[39m
 [2m[90m↓[39m[22m [30m[45m zero-cache/bench-pg [49m[39m src/db/initial-sync.bench.pg.ts [2m([22m[2m1 test[22m[2m | [22m[33m1 skipped[39m[2m)[22m
 [2m[90m↓[39m[22m [30m[45m zero-cache/bench-pg [49m[39m src/services/change-streamer/storer.bench.pg.ts [2m([22m[2m2 tests[22m[2m | [22m[33m2 skipped[39m[2m)[22m
 [2m[90m↓[39m[22m [30m[45m zero-cache/bench-pg [49m[39m src/services/replicator/replication-throughput.bench.pg.ts [2m([22m[2m1 test[22m[2m | [22m[33m1 skipped[39m[2m)[22m

[2m Test Files [22m [1m[32m1 passed[39m[22m[2m | [22m[33m3 skipped[39m[90m (4)[39m
[2m      Tests [22m [1m[32m1 passed[39m[22m[2m | [22m[33m4 skipped[39m[90m (5)[39m
[2m   Start at [22m 12:23:25
[2m   Duration [22m 3.86s[2m (transform 370ms, setup 0ms, import 1.01s, tests 2.48s, environment 0ms)[22m

ZERO_COPY_PIPELINE_CGROUP {"memoryPeakBytes":440614912,"memoryCurrentBytes":15814656,"memoryMax":"6442450944","memoryEvents":{"low":0,"high":0,"max":0,"oom":0,"oom_kill":0,"oom_group_kill":0},"memoryStat":{"anon":6868992,"file":4096,"kernel":7278592,"kernel_stack":147456,"pagetables":552960,"sec_pagetables":0,"percpu":37876,"sock":0,"vmalloc":8192,"shmem":0,"zswap":0,"zswapped":0,"file_mapped":0,"file_dirty":4096,"file_writeback":0,"swapcached":0,"anon_thp":0,"file_thp":0,"shmem_thp":0,"inactive_anon":0,"active_anon":6750208,"inactive_file":4096,"active_file":0,"unevictable":0,"slab_reclaimable":2632104,"slab_unreclaimable":564520,"slab":3196624,"workingset_refault_anon":0,"workingset_refault_file":0,"workingset_activate_anon":0,"workingset_activate_file":0,"workingset_restore_anon":0,"workingset_restore_file":0,"workingset_nodereclaim":0,"pgdemote_kswapd":0,"pgdemote_direct":0,"pgdemote_khugepaged":0,"pgscan":0,"pgsteal":0,"pgscan_kswapd":0,"pgscan_direct":0,"pgscan_khugepaged":0,"pgsteal_kswapd":0,"pgsteal_direct":0,"pgsteal_khugepaged":0,"pgfault":153631,"pgmajfault":0,"pgrefill":0,"pgactivate":0,"pgdeactivate":0,"pglazyfree":0,"pglazyfreed":0,"swpin_zero":0,"swpout_zero":0,"zswpin":0,"zswpout":0,"zswpwb":0,"thp_fault_alloc":62,"thp_collapse_alloc":0,"thp_swpout":0,"thp_swpout_fallback":0}}

	Command being timed: "./node_modules/.bin/vitest run --config vitest.config.bench.pg.ts -t initial sync copy pipeline investigation"
	User time (seconds): 2.94
	System time (seconds): 0.49
	Percent of CPU this job got: 83%
	Elapsed (wall clock) time (h:mm:ss or m:ss): 0:04.13
	Average shared text size (kbytes): 0
	Average unshared data size (kbytes): 0
	Average stack size (kbytes): 0
	Average total size (kbytes): 0
	Maximum resident set size (kbytes): 275232
	Average resident set size (kbytes): 0
	Major (requiring I/O) page faults: 0
	Minor (reclaiming a frame) page faults: 149737
	Voluntary context switches: 13507
	Involuntary context switches: 39
	Swaps: 0
	File system inputs: 0
	File system outputs: 187960
	Socket messages sent: 0
	Socket messages received: 0
	Signals delivered: 0
	Page size (bytes): 4096
	Exit status: 0

ZERO_COPY_PIPELINE_EXIT {"status":0,"signal":null}