ZERO_COPY_PIPELINE_RUN_META {"startedAt":"2026-07-14T12:23:29.859Z","id":"email-narrow-250k-narrow-deferred-indexes-r2","runConfig":{"profile":"email-narrow-250k","worktree":"linear-parser","label":"narrow-deferred-indexes","partialInsertBatches":false,"directTextBuffers":true,"eagerIndexes":false,"eagerSecondaryIndexes":false,"bufferMB":8,"mmapGiB":0,"repetition":2},"fixture":{"fixture":"email","rows":250000,"payloadBytes":128,"copyChunkBytes":31744,"docker":{"cpus":1,"memory":"3g","nodeHeapMB":2304}},"constraints":{"cpus":1,"memory":"3g","nodeHeapMB":2304},"image":"zero-copy-pipeline-linear-parser:local"}

[1m[30m[46m RUN [49m[39m[22m [36mv4.1.6 [39m[90m/workspace/packages/zero-cache[39m

ZERO_COPY_PIPELINE_PROGRESS creating fixture { fixture: 'email', rows: 250000, payloadBytes: 128 }
ZERO_COPY_PIPELINE_PROGRESS fixture ready {
  rows: 250000,
  tableBytes: 153100288,
  indexBytes: 49987584,
  totalBytes: 203087872
}
ZERO_COPY_PIPELINE_RESULT {"kind":"initial-sync","profile":"email-narrow-250k","runLabel":"email-narrow-250k-narrow-deferred-indexes-r2","fixture":"email","rows":250000,"payloadBytes":128,"workers":5,"treatment":{"partialInsertBatches":false,"directTextBuffers":true,"eagerIndexes":false,"eagerSecondaryIndexes":false,"bufferMB":8},"sqliteTuning":{"mmapGiB":0,"mmapBytes":0,"effectiveMmapBytes":0},"source":{"rows":250000,"tableBytes":153100288,"indexBytes":49987584,"totalBytes":203087872},"rawCopy":{"bytes":150894551,"chunks":250001,"averageChunkBytes":603.5757896968412,"ms":358.15258399999993,"throughputMBps":421.3135901875834},"timing":{"outerMs":1704.652251,"callbackMs":1645.3787919999995,"wrapperMs":59.27345900000046},"phases":{"summary":{"syncMode":"initial","copyFormat":"binary","publications":["_copy_pipeline_app_32_1784031813149_817484_metadata_0","zero_copy_pipeline"],"lsn":"0/360A3E80","tables":4,"rows":250001,"copyMs":1307.5832089999994,"flushMs":530.9541239999994,"copyBytes":150894629,"insertStatementCount":5638,"insertStatementsByRowCount":{"1":651,"50":4987},"indexes":7,"indexMs":244.07295799999974,"copyOtherMs":860.9258350000014,"totalMs":1635.9529170000005},"tableCopies":[{"level":"info","message":"Finished copying 1 rows into copy_pipeline_app_32_1784031813149_817484.permissions (flush: 0.021 ms) (total: 3.305 ms) ","data":{"schema":"copy_pipeline_app_32_1784031813149_817484","table":"permissions","replicaTable":"copy_pipeline_app_32_1784031813149_817484.permissions","syncMode":"initial","copyFormat":"binary","columnCount":3,"rows":1,"estimatedRows":0,"estimatedBytes":16384,"flushMs":0.02095899999994799,"elapsedMs":3.305083000000195,"copyBytes":36,"insertStatementCount":1,"insertStatementsByRowCount":{"1":1}}},{"level":"info","message":"Finished copying 0 rows into copy_pipeline_app_32_1784031813149_817484_0.clients (flush: 0.001 ms) (total: 1.969 ms) ","data":{"schema":"copy_pipeline_app_32_1784031813149_817484_0","table":"clients","replicaTable":"copy_pipeline_app_32_1784031813149_817484_0.clients","syncMode":"initial","copyFormat":"binary","columnCount":4,"rows":0,"estimatedRows":0,"estimatedBytes":8192,"flushMs":0.0007919999998193816,"elapsedMs":1.969082999999955,"copyBytes":21,"insertStatementCount":0,"insertStatementsByRowCount":{}}},{"level":"info","message":"Finished copying 0 rows into copy_pipeline_app_32_1784031813149_817484_0.mutations (flush: 0.001 ms) (total: 6.366 ms) ","data":{"schema":"copy_pipeline_app_32_1784031813149_817484_0","table":"mutations","replicaTable":"copy_pipeline_app_32_1784031813149_817484_0.mutations","syncMode":"initial","copyFormat":"binary","columnCount":4,"rows":0,"estimatedRows":0,"estimatedBytes":8192,"flushMs":0.0006250000001273293,"elapsedMs":6.366417000000183,"copyBytes":21,"insertStatementCount":0,"insertStatementsByRowCount":{}}},{"level":"info","message":"Finished copying 250000 rows into Email (flush: 530.932 ms) (total: 1301.051 ms) ","data":{"schema":"public","table":"Email","replicaTable":"Email","syncMode":"initial","copyFormat":"binary","columnCount":25,"rows":250000,"estimatedRows":250000,"estimatedBytes":153100288,"flushMs":530.9317479999995,"elapsedMs":1301.050542,"copyBytes":150894551,"insertStatementCount":5637,"insertStatementsByRowCount":{"1":650,"50":4987}}}],"records":[{"level":"info","message":"Finished copying 1 rows into copy_pipeline_app_32_1784031813149_817484.permissions (flush: 0.021 ms) (total: 3.305 ms) ","data":{"schema":"copy_pipeline_app_32_1784031813149_817484","table":"permissions","replicaTable":"copy_pipeline_app_32_1784031813149_817484.permissions","syncMode":"initial","copyFormat":"binary","columnCount":3,"rows":1,"estimatedRows":0,"estimatedBytes":16384,"flushMs":0.02095899999994799,"elapsedMs":3.305083000000195,"copyBytes":36,"insertStatementCount":1,"insertStatementsByRowCount":{"1":1}}},{"level":"info","message":"Finished copying 0 rows into copy_pipeline_app_32_1784031813149_817484_0.clients (flush: 0.001 ms) (total: 1.969 ms) ","data":{"schema":"copy_pipeline_app_32_1784031813149_817484_0","table":"clients","replicaTable":"copy_pipeline_app_32_1784031813149_817484_0.clients","syncMode":"initial","copyFormat":"binary","columnCount":4,"rows":0,"estimatedRows":0,"estimatedBytes":8192,"flushMs":0.0007919999998193816,"elapsedMs":1.969082999999955,"copyBytes":21,"insertStatementCount":0,"insertStatementsByRowCount":{}}},{"level":"info","message":"Finished copying 0 rows into copy_pipeline_app_32_1784031813149_817484_0.mutations (flush: 0.001 ms) (total: 6.366 ms) ","data":{"schema":"copy_pipeline_app_32_1784031813149_817484_0","table":"mutations","replicaTable":"copy_pipeline_app_32_1784031813149_817484_0.mutations","syncMode":"initial","copyFormat":"binary","columnCount":4,"rows":0,"estimatedRows":0,"estimatedBytes":8192,"flushMs":0.0006250000001273293,"elapsedMs":6.366417000000183,"copyBytes":21,"insertStatementCount":0,"insertStatementsByRowCount":{}}},{"level":"info","message":"Finished copying 250000 rows into Email (flush: 530.932 ms) (total: 1301.051 ms) ","data":{"schema":"public","table":"Email","replicaTable":"Email","syncMode":"initial","copyFormat":"binary","columnCount":25,"rows":250000,"estimatedRows":250000,"estimatedBytes":153100288,"flushMs":530.9317479999995,"elapsedMs":1301.050542,"copyBytes":150894551,"insertStatementCount":5637,"insertStatementsByRowCount":{"1":650,"50":4987}}},{"level":"info","message":"Created index 1/7 (0.048 ms): CREATE UNIQUE INDEX \"copy_pipeline_app_32_1784031813149_817484.permissions_pkey\" ON \"copy_pipeline_app_32_1784031813149_817484.permissions\" (\"lock\" ASC);"},{"level":"info","message":"Created index 2/7 (0.018 ms): CREATE UNIQUE INDEX \"copy_pipeline_app_32_1784031813149_817484_0.clients_pkey\" ON \"copy_pipeline_app_32_1784031813149_817484_0.clients\" (\"clientGroupID\" ASC,\"clientID\" ASC);"},{"level":"info","message":"Created index 3/7 (0.015 ms): CREATE UNIQUE INDEX \"copy_pipeline_app_32_1784031813149_817484_0.mutations_pkey\" ON \"copy_pipeline_app_32_1784031813149_817484_0.mutations\" (\"clientGroupID\" ASC,\"clientID\" ASC,\"mutationID\" ASC);"},{"level":"info","message":"Created index 4/7 (39.211 ms): CREATE UNIQUE INDEX \"Email_pkey\" ON \"Email\" (\"id\" ASC);"},{"level":"info","message":"Created index 5/7 (72.530 ms): CREATE  INDEX \"Email_threadId_createdAt_id_idx\" ON \"Email\" (\"threadId\" ASC,\"createdAt\" ASC,\"id\" ASC);"},{"level":"info","message":"Created index 6/7 (57.959 ms): CREATE  INDEX \"Email_threadId_id_idx\" ON \"Email\" (\"threadId\" ASC,\"id\" ASC);"},{"level":"info","message":"Created index 7/7 (73.968 ms): CREATE  INDEX \"Email_workspaceId_id_idx\" ON \"Email\" (\"workspaceId\" ASC,\"id\" ASC);"},{"level":"info","message":"Created indexes (244.073 ms)"},{"level":"info","message":"Synced 250,001 rows of 4 tables in _copy_pipeline_app_32_1784031813149_817484_metadata_0,zero_copy_pipeline up to 0/360A3E80 (flush: 530.954, index: 244.073, total: 1635.953 ms)","data":{"syncMode":"initial","copyFormat":"binary","publications":["_copy_pipeline_app_32_1784031813149_817484_metadata_0","zero_copy_pipeline"],"lsn":"0/360A3E80","tables":4,"rows":250001,"copyMs":1307.5832089999994,"flushMs":530.9541239999994,"copyBytes":150894629,"insertStatementCount":5638,"insertStatementsByRowCount":{"1":651,"50":4987},"indexes":7,"indexMs":244.07295799999974,"copyOtherMs":860.9258350000014,"totalMs":1635.9529170000005}}]},"peakRssBytes":385515520,"resourceUsage":{"userCPUTime":1436910,"systemCPUTime":237230,"maxRSS":193968,"sharedMemorySize":0,"unsharedDataSize":0,"unsharedStackSize":0,"minorPageFault":49631,"majorPageFault":0,"swappedOut":0,"fsRead":0,"fsWrite":344672,"ipcSent":0,"ipcReceived":0,"signalsCount":0,"voluntaryContextSwitches":4401,"involuntaryContextSwitches":18},"sqlite":{"rows":250000,"fileBytes":176455680,"pageCount":43080,"pageSize":4096}}
 [32m✓[39m [30m[45m zero-cache/bench-pg [49m[39m src/initial-sync-copy-pipeline.product.bench.pg.ts [2m([22m[2m1 test[22m[2m)[22m[32m 3928[2mms[22m[39m
 [2m[90m↓[39m[22m [30m[45m zero-cache/bench-pg [49m[39m src/db/initial-sync.bench.pg.ts [2m([22m[2m1 test[22m[2m | [22m[33m1 skipped[39m[2m)[22m
 [2m[90m↓[39m[22m [30m[45m zero-cache/bench-pg [49m[39m src/services/change-streamer/storer.bench.pg.ts [2m([22m[2m2 tests[22m[2m | [22m[33m2 skipped[39m[2m)[22m
 [2m[90m↓[39m[22m [30m[45m zero-cache/bench-pg [49m[39m src/services/replicator/replication-throughput.bench.pg.ts [2m([22m[2m1 test[22m[2m | [22m[33m1 skipped[39m[2m)[22m

[2m Test Files [22m [1m[32m1 passed[39m[22m[2m | [22m[33m3 skipped[39m[90m (4)[39m
[2m      Tests [22m [1m[32m1 passed[39m[22m[2m | [22m[33m4 skipped[39m[90m (5)[39m
[2m   Start at [22m 12:23:30
[2m   Duration [22m 5.76s[2m (transform 543ms, setup 0ms, import 1.42s, tests 3.93s, environment 0ms)[22m

ZERO_COPY_PIPELINE_CGROUP {"memoryPeakBytes":710668288,"memoryCurrentBytes":16543744,"memoryMax":"3221225472","memoryEvents":{"low":0,"high":0,"max":0,"oom":0,"oom_kill":0,"oom_group_kill":0},"memoryStat":{"anon":6881280,"file":8192,"kernel":7905280,"kernel_stack":147456,"pagetables":532480,"sec_pagetables":0,"percpu":37876,"sock":0,"vmalloc":8192,"shmem":0,"zswap":0,"zswapped":0,"file_mapped":0,"file_dirty":8192,"file_writeback":0,"swapcached":0,"anon_thp":0,"file_thp":0,"shmem_thp":0,"inactive_anon":0,"active_anon":6795264,"inactive_file":8192,"active_file":0,"unevictable":0,"slab_reclaimable":2628672,"slab_unreclaimable":582800,"slab":3211472,"workingset_refault_anon":0,"workingset_refault_file":0,"workingset_activate_anon":0,"workingset_activate_file":0,"workingset_restore_anon":0,"workingset_restore_file":0,"workingset_nodereclaim":0,"pgdemote_kswapd":0,"pgdemote_direct":0,"pgdemote_khugepaged":0,"pgscan":0,"pgsteal":0,"pgscan_kswapd":0,"pgscan_direct":0,"pgscan_khugepaged":0,"pgsteal_kswapd":0,"pgsteal_direct":0,"pgsteal_khugepaged":0,"pgfault":199123,"pgmajfault":0,"pgrefill":0,"pgactivate":0,"pgdeactivate":0,"pglazyfree":0,"pglazyfreed":0,"swpin_zero":0,"swpout_zero":0,"zswpin":0,"zswpout":0,"zswpwb":0,"thp_fault_alloc":64,"thp_collapse_alloc":0,"thp_swpout":0,"thp_swpout_fallback":0}}

	Command being timed: "./node_modules/.bin/vitest run --config vitest.config.bench.pg.ts -t initial sync copy pipeline investigation"
	User time (seconds): 3.56
	System time (seconds): 0.58
	Percent of CPU this job got: 68%
	Elapsed (wall clock) time (h:mm:ss or m:ss): 0:06.02
	Average shared text size (kbytes): 0
	Average unshared data size (kbytes): 0
	Average stack size (kbytes): 0
	Average total size (kbytes): 0
	Maximum resident set size (kbytes): 376480
	Average resident set size (kbytes): 0
	Major (requiring I/O) page faults: 0
	Minor (reclaiming a frame) page faults: 195131
	Voluntary context switches: 22710
	Involuntary context switches: 62
	Swaps: 0
	File system inputs: 0
	File system outputs: 349848
	Socket messages sent: 0
	Socket messages received: 0
	Signals delivered: 0
	Page size (bytes): 4096
	Exit status: 0

ZERO_COPY_PIPELINE_EXIT {"status":0,"signal":null}