ZERO_COPY_PIPELINE_RUN_META {"startedAt":"2026-07-14T12:23:53.762Z","id":"imports-narrow-250k-narrow-eager-secondary-r3","runConfig":{"profile":"imports-narrow-250k","worktree":"linear-parser","label":"narrow-eager-secondary","partialInsertBatches":false,"directTextBuffers":true,"eagerIndexes":false,"eagerSecondaryIndexes":true,"bufferMB":8,"mmapGiB":0,"repetition":3},"fixture":{"fixture":"imports","rows":250000,"payloadBytes":128,"copyChunkBytes":5632,"docker":{"cpus":2,"memory":"6g","nodeHeapMB":4608}},"constraints":{"cpus":2,"memory":"6g","nodeHeapMB":4608},"image":"zero-copy-pipeline-linear-parser:local"}

[1m[30m[46m RUN [49m[39m[22m [36mv4.1.6 [39m[90m/workspace/packages/zero-cache[39m

ZERO_COPY_PIPELINE_PROGRESS creating fixture { fixture: 'imports', rows: 250000, payloadBytes: 128 }
ZERO_COPY_PIPELINE_PROGRESS fixture ready {
  rows: 250000,
  tableBytes: 59375616,
  indexBytes: 39247872,
  totalBytes: 98623488
}
ZERO_COPY_PIPELINE_RESULT {"kind":"initial-sync","profile":"imports-narrow-250k","runLabel":"imports-narrow-250k-narrow-eager-secondary-r3","fixture":"imports","rows":250000,"payloadBytes":128,"workers":5,"treatment":{"partialInsertBatches":false,"directTextBuffers":true,"eagerIndexes":false,"eagerSecondaryIndexes":true,"bufferMB":8},"sqliteTuning":{"mmapGiB":0,"mmapBytes":0,"effectiveMmapBytes":0},"source":{"rows":250000,"tableBytes":59375616,"indexBytes":39247872,"totalBytes":98623488},"rawCopy":{"bytes":54363917,"chunks":250001,"averageChunkBytes":217.45479818080727,"ms":128.35108300000002,"throughputMBps":423.55635596779496},"timing":{"outerMs":970.3387500000001,"callbackMs":903.161875,"wrapperMs":67.17687500000011},"phases":{"summary":{"syncMode":"initial","copyFormat":"binary","publications":["_copy_pipeline_app_35_1784031835865_174574_metadata_0","zero_copy_pipeline"],"lsn":"0/5EF816E0","tables":4,"rows":250001,"copyMs":777.7478330000001,"flushMs":568.512751999998,"copyBytes":54363995,"insertStatementCount":6079,"insertStatementsByRowCount":{"1":1101,"50":4978},"indexes":9,"indexMs":30.860998999999993,"copyOtherMs":294.55229200000167,"totalMs":893.9260429999997},"tableCopies":[{"level":"info","message":"Finished copying 1 rows into copy_pipeline_app_35_1784031835865_174574.permissions (flush: 0.047 ms) (total: 3.019 ms) ","data":{"schema":"copy_pipeline_app_35_1784031835865_174574","table":"permissions","replicaTable":"copy_pipeline_app_35_1784031835865_174574.permissions","syncMode":"initial","copyFormat":"binary","columnCount":3,"rows":1,"estimatedRows":0,"estimatedBytes":16384,"flushMs":0.0470829999999296,"elapsedMs":3.0190000000000055,"copyBytes":36,"insertStatementCount":1,"insertStatementsByRowCount":{"1":1}}},{"level":"info","message":"Finished copying 0 rows into copy_pipeline_app_35_1784031835865_174574_0.clients (flush: 0.001 ms) (total: 3.883 ms) ","data":{"schema":"copy_pipeline_app_35_1784031835865_174574_0","table":"clients","replicaTable":"copy_pipeline_app_35_1784031835865_174574_0.clients","syncMode":"initial","copyFormat":"binary","columnCount":4,"rows":0,"estimatedRows":0,"estimatedBytes":8192,"flushMs":0.0009999999999763531,"elapsedMs":3.8827080000000933,"copyBytes":21,"insertStatementCount":0,"insertStatementsByRowCount":{}}},{"level":"info","message":"Finished copying 0 rows into copy_pipeline_app_35_1784031835865_174574_0.mutations (flush: 0.001 ms) (total: 3.154 ms) ","data":{"schema":"copy_pipeline_app_35_1784031835865_174574_0","table":"mutations","replicaTable":"copy_pipeline_app_35_1784031835865_174574_0.mutations","syncMode":"initial","copyFormat":"binary","columnCount":4,"rows":0,"estimatedRows":0,"estimatedBytes":8192,"flushMs":0.0007089999999152496,"elapsedMs":3.153750000000173,"copyBytes":21,"insertStatementCount":0,"insertStatementsByRowCount":{}}},{"level":"info","message":"Finished copying 250000 rows into userspace.imports (flush: 568.464 ms) (total: 772.583 ms) ","data":{"schema":"userspace","table":"imports","replicaTable":"userspace.imports","syncMode":"initial","copyFormat":"binary","columnCount":7,"rows":250000,"estimatedRows":250000,"estimatedBytes":59375616,"flushMs":568.4639599999982,"elapsedMs":772.5827089999998,"copyBytes":54363917,"insertStatementCount":6078,"insertStatementsByRowCount":{"1":1100,"50":4978}}}],"records":[{"level":"info","message":"Created index 1/5 (0.022 ms): CREATE  INDEX \"userspace.idx_imports_schema\" ON \"userspace.imports\" (\"schema\" ASC);"},{"level":"info","message":"Created index 2/5 (0.016 ms): CREATE  INDEX \"userspace.idx_imports_user_id\" ON \"userspace.imports\" (\"user_id\" ASC);"},{"level":"info","message":"Created index 3/5 (0.011 ms): CREATE  INDEX \"userspace.idx_imports_user_id_import_id\" ON \"userspace.imports\" (\"user_id\" ASC,\"import_id\" ASC);"},{"level":"info","message":"Created index 4/5 (0.010 ms): CREATE  INDEX \"userspace.idx_imports_user_source\" ON \"userspace.imports\" (\"user_id\" ASC,\"source\" ASC);"},{"level":"info","message":"Created index 5/5 (0.014 ms): CREATE  INDEX \"userspace.idx_imports_user_source_created_at\" ON \"userspace.imports\" (\"user_id\" ASC,\"source\" ASC,\"created_at\" DESC);"},{"level":"info","message":"Finished copying 1 rows into copy_pipeline_app_35_1784031835865_174574.permissions (flush: 0.047 ms) (total: 3.019 ms) ","data":{"schema":"copy_pipeline_app_35_1784031835865_174574","table":"permissions","replicaTable":"copy_pipeline_app_35_1784031835865_174574.permissions","syncMode":"initial","copyFormat":"binary","columnCount":3,"rows":1,"estimatedRows":0,"estimatedBytes":16384,"flushMs":0.0470829999999296,"elapsedMs":3.0190000000000055,"copyBytes":36,"insertStatementCount":1,"insertStatementsByRowCount":{"1":1}}},{"level":"info","message":"Finished copying 0 rows into copy_pipeline_app_35_1784031835865_174574_0.clients (flush: 0.001 ms) (total: 3.883 ms) ","data":{"schema":"copy_pipeline_app_35_1784031835865_174574_0","table":"clients","replicaTable":"copy_pipeline_app_35_1784031835865_174574_0.clients","syncMode":"initial","copyFormat":"binary","columnCount":4,"rows":0,"estimatedRows":0,"estimatedBytes":8192,"flushMs":0.0009999999999763531,"elapsedMs":3.8827080000000933,"copyBytes":21,"insertStatementCount":0,"insertStatementsByRowCount":{}}},{"level":"info","message":"Finished copying 0 rows into copy_pipeline_app_35_1784031835865_174574_0.mutations (flush: 0.001 ms) (total: 3.154 ms) ","data":{"schema":"copy_pipeline_app_35_1784031835865_174574_0","table":"mutations","replicaTable":"copy_pipeline_app_35_1784031835865_174574_0.mutations","syncMode":"initial","copyFormat":"binary","columnCount":4,"rows":0,"estimatedRows":0,"estimatedBytes":8192,"flushMs":0.0007089999999152496,"elapsedMs":3.153750000000173,"copyBytes":21,"insertStatementCount":0,"insertStatementsByRowCount":{}}},{"level":"info","message":"Finished copying 250000 rows into userspace.imports (flush: 568.464 ms) (total: 772.583 ms) ","data":{"schema":"userspace","table":"imports","replicaTable":"userspace.imports","syncMode":"initial","copyFormat":"binary","columnCount":7,"rows":250000,"estimatedRows":250000,"estimatedBytes":59375616,"flushMs":568.4639599999982,"elapsedMs":772.5827089999998,"copyBytes":54363917,"insertStatementCount":6078,"insertStatementsByRowCount":{"1":1100,"50":4978}}},{"level":"info","message":"Created index 1/4 (0.035 ms): CREATE UNIQUE INDEX \"copy_pipeline_app_35_1784031835865_174574.permissions_pkey\" ON \"copy_pipeline_app_35_1784031835865_174574.permissions\" (\"lock\" ASC);"},{"level":"info","message":"Created index 2/4 (0.019 ms): CREATE UNIQUE INDEX \"copy_pipeline_app_35_1784031835865_174574_0.clients_pkey\" ON \"copy_pipeline_app_35_1784031835865_174574_0.clients\" (\"clientGroupID\" ASC,\"clientID\" ASC);"},{"level":"info","message":"Created index 3/4 (0.018 ms): CREATE UNIQUE INDEX \"copy_pipeline_app_35_1784031835865_174574_0.mutations_pkey\" ON \"copy_pipeline_app_35_1784031835865_174574_0.mutations\" (\"clientGroupID\" ASC,\"clientID\" ASC,\"mutationID\" ASC);"},{"level":"info","message":"Created index 4/4 (30.524 ms): CREATE UNIQUE INDEX \"userspace.imports_pkey\" ON \"userspace.imports\" (\"import_id\" ASC);"},{"level":"info","message":"Created indexes (30.861 ms)"},{"level":"info","message":"Synced 250,001 rows of 4 tables in _copy_pipeline_app_35_1784031835865_174574_metadata_0,zero_copy_pipeline up to 0/5EF816E0 (flush: 568.513, index: 30.861, total: 893.926 ms)","data":{"syncMode":"initial","copyFormat":"binary","publications":["_copy_pipeline_app_35_1784031835865_174574_metadata_0","zero_copy_pipeline"],"lsn":"0/5EF816E0","tables":4,"rows":250001,"copyMs":777.7478330000001,"flushMs":568.512751999998,"copyBytes":54363995,"insertStatementCount":6079,"insertStatementsByRowCount":{"1":1101,"50":4978},"indexes":9,"indexMs":30.860998999999993,"copyOtherMs":294.55229200000167,"totalMs":893.9260429999997}}]},"peakRssBytes":186802176,"resourceUsage":{"userCPUTime":888874,"systemCPUTime":67875,"maxRSS":36512,"sharedMemorySize":0,"unsharedDataSize":0,"unsharedStackSize":0,"minorPageFault":10946,"majorPageFault":0,"swappedOut":0,"fsRead":0,"fsWrite":182784,"ipcSent":0,"ipcReceived":0,"signalsCount":0,"voluntaryContextSwitches":792,"involuntaryContextSwitches":4},"sqlite":{"rows":250000,"fileBytes":93569024,"pageCount":22844,"pageSize":4096}}
 [32m✓[39m [30m[45m zero-cache/bench-pg [49m[39m src/initial-sync-copy-pipeline.product.bench.pg.ts [2m([22m[2m1 test[22m[2m)[22m[32m 2279[2mms[22m[39m
 [2m[90m↓[39m[22m [30m[45m zero-cache/bench-pg [49m[39m src/db/initial-sync.bench.pg.ts [2m([22m[2m1 test[22m[2m | [22m[33m1 skipped[39m[2m)[22m
 [2m[90m↓[39m[22m [30m[45m zero-cache/bench-pg [49m[39m src/services/change-streamer/storer.bench.pg.ts [2m([22m[2m2 tests[22m[2m | [22m[33m2 skipped[39m[2m)[22m
 [2m[90m↓[39m[22m [30m[45m zero-cache/bench-pg [49m[39m src/services/replicator/replication-throughput.bench.pg.ts [2m([22m[2m1 test[22m[2m | [22m[33m1 skipped[39m[2m)[22m

[2m Test Files [22m [1m[32m1 passed[39m[22m[2m | [22m[33m3 skipped[39m[90m (4)[39m
[2m      Tests [22m [1m[32m1 passed[39m[22m[2m | [22m[33m4 skipped[39m[90m (5)[39m
[2m   Start at [22m 12:23:54
[2m   Duration [22m 3.52s[2m (transform 318ms, setup 0ms, import 917ms, tests 2.28s, environment 0ms)[22m

ZERO_COPY_PIPELINE_CGROUP {"memoryPeakBytes":428380160,"memoryCurrentBytes":16625664,"memoryMax":"6442450944","memoryEvents":{"low":0,"high":0,"max":0,"oom":0,"oom_kill":0,"oom_group_kill":0},"memoryStat":{"anon":6873088,"file":8192,"kernel":8007680,"kernel_stack":147456,"pagetables":548864,"sec_pagetables":0,"percpu":38148,"sock":0,"vmalloc":8192,"shmem":0,"zswap":0,"zswapped":0,"file_mapped":0,"file_dirty":8192,"file_writeback":0,"swapcached":0,"anon_thp":0,"file_thp":0,"shmem_thp":0,"inactive_anon":0,"active_anon":6754304,"inactive_file":8192,"active_file":0,"unevictable":0,"slab_reclaimable":2639592,"slab_unreclaimable":585624,"slab":3225216,"workingset_refault_anon":0,"workingset_refault_file":0,"workingset_activate_anon":0,"workingset_activate_file":0,"workingset_restore_anon":0,"workingset_restore_file":0,"workingset_nodereclaim":0,"pgdemote_kswapd":0,"pgdemote_direct":0,"pgdemote_khugepaged":0,"pgscan":0,"pgsteal":0,"pgscan_kswapd":0,"pgscan_direct":0,"pgscan_khugepaged":0,"pgsteal_kswapd":0,"pgsteal_direct":0,"pgsteal_khugepaged":0,"pgfault":152339,"pgmajfault":0,"pgrefill":0,"pgactivate":0,"pgdeactivate":0,"pglazyfree":0,"pglazyfreed":0,"swpin_zero":0,"swpout_zero":0,"zswpin":0,"zswpout":0,"zswpwb":0,"thp_fault_alloc":56,"thp_collapse_alloc":0,"thp_swpout":0,"thp_swpout_fallback":0}}

	Command being timed: "./node_modules/.bin/vitest run --config vitest.config.bench.pg.ts -t initial sync copy pipeline investigation"
	User time (seconds): 2.78
	System time (seconds): 0.37
	Percent of CPU this job got: 83%
	Elapsed (wall clock) time (h:mm:ss or m:ss): 0:03.77
	Average shared text size (kbytes): 0
	Average unshared data size (kbytes): 0
	Average stack size (kbytes): 0
	Average total size (kbytes): 0
	Maximum resident set size (kbytes): 274328
	Average resident set size (kbytes): 0
	Major (requiring I/O) page faults: 0
	Minor (reclaiming a frame) page faults: 148351
	Voluntary context switches: 13475
	Involuntary context switches: 8
	Swaps: 0
	File system inputs: 0
	File system outputs: 187960
	Socket messages sent: 0
	Socket messages received: 0
	Signals delivered: 0
	Page size (bytes): 4096
	Exit status: 0

ZERO_COPY_PIPELINE_EXIT {"status":0,"signal":null}