ZERO_COPY_PIPELINE_RUN_META {"startedAt":"2026-07-14T11:49:02.691Z","id":"email-high-6.83g-direct-text-deferred-indexes-r1","runConfig":{"profile":"email-high-6.83g","worktree":"linear-parser","label":"direct-text-deferred-indexes","partialInsertBatches":false,"directTextBuffers":true,"eagerIndexes":false,"bufferMB":8,"mmapGiB":2,"repetition":1},"fixture":{"fixture":"email","rows":10000,"payloadBytes":683000,"copyChunkBytes":31744,"expectedCopyBytes":6830000000,"docker":{"cpus":1,"memory":"3g","nodeHeapMB":2304}},"constraints":{"cpus":1,"memory":"3g","nodeHeapMB":2304},"image":"zero-copy-pipeline-linear-parser:local"}

[1m[30m[46m RUN [49m[39m[22m [36mv4.1.6 [39m[90m/workspace/packages/zero-cache[39m

ZERO_COPY_PIPELINE_PROGRESS creating fixture { fixture: 'email', rows: 10000, payloadBytes: 683000 }
ZERO_COPY_PIPELINE_PROGRESS fixture ready {
  rows: 10000,
  tableBytes: 87433216,
  indexBytes: 2007040,
  totalBytes: 89440256
}
ZERO_COPY_PIPELINE_RESULT {"kind":"initial-sync","profile":"email-high-6.83g","runLabel":"email-high-6.83g-direct-text-deferred-indexes-r1","fixture":"email","rows":10000,"payloadBytes":683000,"workers":5,"treatment":{"partialInsertBatches":false,"directTextBuffers":true,"eagerIndexes":false,"bufferMB":8},"sqliteTuning":{"mmapGiB":2,"mmapBytes":2147483648,"effectiveMmapBytes":2147418112},"source":{"rows":10000,"tableBytes":87433216,"indexBytes":2007040,"totalBytes":89440256},"rawCopy":{"bytes":6834522537,"chunks":10001,"averageChunkBytes":683383.9153084692,"ms":5627.3536699999995,"throughputMBps":1214.5180377475724},"timing":{"outerMs":17415.253008,"callbackMs":17109.965258,"wrapperMs":305.2877499999995},"phases":{"summary":{"syncMode":"initial","copyFormat":"binary","publications":["_copy_pipeline_app_32_1784029749917_643006_metadata_0","zero_copy_pipeline"],"lsn":"0/70DC558","tables":4,"rows":10001,"copyMs":6211.957419,"flushMs":3864.6388770000067,"copyBytes":6834522615,"insertStatementCount":10001,"insertStatementsByRowCount":{"1":10001},"indexes":7,"indexMs":10778.968421999998,"copyOtherMs":2438.0617509999956,"totalMs":17081.66905},"tableCopies":[{"level":"info","message":"Finished copying 1 rows into copy_pipeline_app_32_1784029749917_643006.permissions (flush: 0.026 ms) (total: 2.949 ms) ","data":{"schema":"copy_pipeline_app_32_1784029749917_643006","table":"permissions","replicaTable":"copy_pipeline_app_32_1784029749917_643006.permissions","syncMode":"initial","copyFormat":"binary","columnCount":3,"rows":1,"estimatedRows":0,"estimatedBytes":16384,"flushMs":0.02599999999983993,"elapsedMs":2.9485420000000886,"copyBytes":36,"insertStatementCount":1,"insertStatementsByRowCount":{"1":1}}},{"level":"info","message":"Finished copying 0 rows into copy_pipeline_app_32_1784029749917_643006_0.clients (flush: 0.001 ms) (total: 1.961 ms) ","data":{"schema":"copy_pipeline_app_32_1784029749917_643006_0","table":"clients","replicaTable":"copy_pipeline_app_32_1784029749917_643006_0.clients","syncMode":"initial","copyFormat":"binary","columnCount":4,"rows":0,"estimatedRows":0,"estimatedBytes":8192,"flushMs":0.0007499999992433004,"elapsedMs":1.9614579999997659,"copyBytes":21,"insertStatementCount":0,"insertStatementsByRowCount":{}}},{"level":"info","message":"Finished copying 0 rows into copy_pipeline_app_32_1784029749917_643006_0.mutations (flush: 0.001 ms) (total: 6.470 ms) ","data":{"schema":"copy_pipeline_app_32_1784029749917_643006_0","table":"mutations","replicaTable":"copy_pipeline_app_32_1784029749917_643006_0.mutations","syncMode":"initial","copyFormat":"binary","columnCount":4,"rows":0,"estimatedRows":0,"estimatedBytes":8192,"flushMs":0.0006670000002486631,"elapsedMs":6.470374999999876,"copyBytes":21,"insertStatementCount":0,"insertStatementsByRowCount":{}}},{"level":"info","message":"Finished copying 10000 rows into Email (flush: 3864.611 ms) (total: 6205.838 ms) ","data":{"schema":"public","table":"Email","replicaTable":"Email","syncMode":"initial","copyFormat":"binary","columnCount":25,"rows":10000,"estimatedRows":10000,"estimatedBytes":87433216,"flushMs":3864.6114600000074,"elapsedMs":6205.838293999999,"copyBytes":6834522537,"insertStatementCount":10000,"insertStatementsByRowCount":{"1":10000}}}],"records":[{"level":"info","message":"Finished copying 1 rows into copy_pipeline_app_32_1784029749917_643006.permissions (flush: 0.026 ms) (total: 2.949 ms) ","data":{"schema":"copy_pipeline_app_32_1784029749917_643006","table":"permissions","replicaTable":"copy_pipeline_app_32_1784029749917_643006.permissions","syncMode":"initial","copyFormat":"binary","columnCount":3,"rows":1,"estimatedRows":0,"estimatedBytes":16384,"flushMs":0.02599999999983993,"elapsedMs":2.9485420000000886,"copyBytes":36,"insertStatementCount":1,"insertStatementsByRowCount":{"1":1}}},{"level":"info","message":"Finished copying 0 rows into copy_pipeline_app_32_1784029749917_643006_0.clients (flush: 0.001 ms) (total: 1.961 ms) ","data":{"schema":"copy_pipeline_app_32_1784029749917_643006_0","table":"clients","replicaTable":"copy_pipeline_app_32_1784029749917_643006_0.clients","syncMode":"initial","copyFormat":"binary","columnCount":4,"rows":0,"estimatedRows":0,"estimatedBytes":8192,"flushMs":0.0007499999992433004,"elapsedMs":1.9614579999997659,"copyBytes":21,"insertStatementCount":0,"insertStatementsByRowCount":{}}},{"level":"info","message":"Finished copying 0 rows into copy_pipeline_app_32_1784029749917_643006_0.mutations (flush: 0.001 ms) (total: 6.470 ms) ","data":{"schema":"copy_pipeline_app_32_1784029749917_643006_0","table":"mutations","replicaTable":"copy_pipeline_app_32_1784029749917_643006_0.mutations","syncMode":"initial","copyFormat":"binary","columnCount":4,"rows":0,"estimatedRows":0,"estimatedBytes":8192,"flushMs":0.0006670000002486631,"elapsedMs":6.470374999999876,"copyBytes":21,"insertStatementCount":0,"insertStatementsByRowCount":{}}},{"level":"info","message":"Finished copying 10000 rows into Email (flush: 3864.611 ms) (total: 6205.838 ms) ","data":{"schema":"public","table":"Email","replicaTable":"Email","syncMode":"initial","copyFormat":"binary","columnCount":25,"rows":10000,"estimatedRows":10000,"estimatedBytes":87433216,"flushMs":3864.6114600000074,"elapsedMs":6205.838293999999,"copyBytes":6834522537,"insertStatementCount":10000,"insertStatementsByRowCount":{"1":10000}}},{"level":"info","message":"Created index 1/7 (0.063 ms): CREATE UNIQUE INDEX \"copy_pipeline_app_32_1784029749917_643006.permissions_pkey\" ON \"copy_pipeline_app_32_1784029749917_643006.permissions\" (\"lock\" ASC);"},{"level":"info","message":"Created index 2/7 (0.023 ms): CREATE UNIQUE INDEX \"copy_pipeline_app_32_1784029749917_643006_0.clients_pkey\" ON \"copy_pipeline_app_32_1784029749917_643006_0.clients\" (\"clientGroupID\" ASC,\"clientID\" ASC);"},{"level":"info","message":"Created index 3/7 (0.014 ms): CREATE UNIQUE INDEX \"copy_pipeline_app_32_1784029749917_643006_0.mutations_pkey\" ON \"copy_pipeline_app_32_1784029749917_643006_0.mutations\" (\"clientGroupID\" ASC,\"clientID\" ASC,\"mutationID\" ASC);"},{"level":"info","message":"Created index 4/7 (443.148 ms): CREATE UNIQUE INDEX \"Email_pkey\" ON \"Email\" (\"id\" ASC);"},{"level":"info","message":"Created index 5/7 (3929.040 ms): CREATE  INDEX \"Email_threadId_createdAt_id_idx\" ON \"Email\" (\"threadId\" ASC,\"createdAt\" ASC,\"id\" ASC);"},{"level":"info","message":"Created index 6/7 (3499.789 ms): CREATE  INDEX \"Email_threadId_id_idx\" ON \"Email\" (\"threadId\" ASC,\"id\" ASC);"},{"level":"info","message":"Created index 7/7 (2905.010 ms): CREATE  INDEX \"Email_workspaceId_id_idx\" ON \"Email\" (\"workspaceId\" ASC,\"id\" ASC);"},{"level":"info","message":"Created indexes (10778.968 ms)"},{"level":"info","message":"Synced 10,001 rows of 4 tables in _copy_pipeline_app_32_1784029749917_643006_metadata_0,zero_copy_pipeline up to 0/70DC558 (flush: 3864.639, index: 10778.968, total: 17081.669 ms)","data":{"syncMode":"initial","copyFormat":"binary","publications":["_copy_pipeline_app_32_1784029749917_643006_metadata_0","zero_copy_pipeline"],"lsn":"0/70DC558","tables":4,"rows":10001,"copyMs":6211.957419,"flushMs":3864.6388770000067,"copyBytes":6834522615,"insertStatementCount":10001,"insertStatementsByRowCount":{"1":10001},"indexes":7,"indexMs":10778.968421999998,"copyOtherMs":2438.0617509999956,"totalMs":17081.66905}}]},"peakRssBytes":2353238016,"resourceUsage":{"userCPUTime":4286074,"systemCPUTime":8211804,"maxRSS":2111280,"sharedMemorySize":0,"unsharedDataSize":0,"unsharedStackSize":0,"minorPageFault":1115813,"majorPageFault":2208,"swappedOut":0,"fsRead":29360984,"fsWrite":13372568,"ipcSent":0,"ipcReceived":0,"signalsCount":0,"voluntaryContextSwitches":69878,"involuntaryContextSwitches":5457},"sqlite":{"rows":10000,"fileBytes":6846730240,"pageCount":1671565,"pageSize":4096}}
 [32m✓[39m [30m[45m zero-cache/bench-pg [49m[39m src/initial-sync-copy-pipeline.product.bench.pg.ts [2m([22m[2m1 test[22m[2m)[22m[33m 23832[2mms[22m[39m
   [33m[2m✓[22m[39m initial sync copy pipeline investigation [33m 23830[2mms[22m[39m
 [2m[90m↓[39m[22m [30m[45m zero-cache/bench-pg [49m[39m src/db/initial-sync.bench.pg.ts [2m([22m[2m1 test[22m[2m | [22m[33m1 skipped[39m[2m)[22m
 [2m[90m↓[39m[22m [30m[45m zero-cache/bench-pg [49m[39m src/services/change-streamer/storer.bench.pg.ts [2m([22m[2m2 tests[22m[2m | [22m[33m2 skipped[39m[2m)[22m
 [2m[90m↓[39m[22m [30m[45m zero-cache/bench-pg [49m[39m src/services/replicator/replication-throughput.bench.pg.ts [2m([22m[2m1 test[22m[2m | [22m[33m1 skipped[39m[2m)[22m

[2m Test Files [22m [1m[32m1 passed[39m[22m[2m | [22m[33m3 skipped[39m[90m (4)[39m
[2m      Tests [22m [1m[32m1 passed[39m[22m[2m | [22m[33m4 skipped[39m[90m (5)[39m
[2m   Start at [22m 11:49:03
[2m   Duration [22m 25.99s[2m (transform 632ms, setup 0ms, import 1.64s, tests 23.83s, environment 0ms)[22m

ZERO_COPY_PIPELINE_CGROUP {"memoryPeakBytes":3221229568,"memoryCurrentBytes":18001920,"memoryMax":"3221225472","memoryEvents":{"low":0,"high":0,"max":16028,"oom":0,"oom_kill":0,"oom_group_kill":0},"memoryStat":{"anon":6873088,"file":1638400,"kernel":7663616,"kernel_stack":147456,"pagetables":544768,"sec_pagetables":0,"percpu":37876,"sock":0,"vmalloc":8192,"shmem":0,"zswap":0,"zswapped":0,"file_mapped":0,"file_dirty":20480,"file_writeback":0,"swapcached":0,"anon_thp":0,"file_thp":0,"shmem_thp":0,"inactive_anon":266240,"active_anon":6488064,"inactive_file":24576,"active_file":1613824,"unevictable":0,"slab_reclaimable":2639360,"slab_unreclaimable":568384,"slab":3207744,"workingset_refault_anon":0,"workingset_refault_file":3670235,"workingset_activate_anon":0,"workingset_activate_file":2344274,"workingset_restore_anon":0,"workingset_restore_file":442688,"workingset_nodereclaim":0,"pgdemote_kswapd":0,"pgdemote_direct":0,"pgdemote_khugepaged":0,"pgscan":4988940,"pgsteal":4629114,"pgscan_kswapd":1348800,"pgscan_direct":3640140,"pgscan_khugepaged":0,"pgsteal_kswapd":1348800,"pgsteal_direct":3280314,"pgsteal_khugepaged":0,"pgfault":1362970,"pgmajfault":2219,"pgrefill":526923,"pgactivate":57788,"pgdeactivate":0,"pglazyfree":0,"pglazyfreed":0,"swpin_zero":0,"swpout_zero":0,"zswpin":0,"zswpout":0,"zswpwb":0,"thp_fault_alloc":55,"thp_collapse_alloc":0,"thp_swpout":0,"thp_swpout_fallback":0}}

	Command being timed: "./node_modules/.bin/vitest run --config vitest.config.bench.pg.ts -t initial sync copy pipeline investigation"
	User time (seconds): 11.22
	System time (seconds): 9.54
	Percent of CPU this job got: 79%
	Elapsed (wall clock) time (h:mm:ss or m:ss): 0:26.22
	Average shared text size (kbytes): 0
	Average unshared data size (kbytes): 0
	Average stack size (kbytes): 0
	Average total size (kbytes): 0
	Maximum resident set size (kbytes): 2305384
	Average resident set size (kbytes): 0
	Major (requiring I/O) page faults: 2219
	Minor (reclaiming a frame) page faults: 1356795
	Voluntary context switches: 95118
	Involuntary context switches: 5830
	Swaps: 0
	File system inputs: 29365024
	File system outputs: 13377736
	Socket messages sent: 0
	Socket messages received: 0
	Signals delivered: 0
	Page size (bytes): 4096
	Exit status: 0

ZERO_COPY_PIPELINE_EXIT {"status":0,"signal":null}