ZERO_COPY_PIPELINE_RUN_META {"startedAt":"2026-07-14T11:49:29.337Z","id":"email-high-6.83g-direct-text-eager-indexes-r1","runConfig":{"profile":"email-high-6.83g","worktree":"linear-parser","label":"direct-text-eager-indexes","partialInsertBatches":false,"directTextBuffers":true,"eagerIndexes":true,"bufferMB":8,"mmapGiB":2,"repetition":1},"fixture":{"fixture":"email","rows":10000,"payloadBytes":683000,"copyChunkBytes":31744,"expectedCopyBytes":6830000000,"docker":{"cpus":1,"memory":"3g","nodeHeapMB":2304}},"constraints":{"cpus":1,"memory":"3g","nodeHeapMB":2304},"image":"zero-copy-pipeline-linear-parser:local"}

[1m[30m[46m RUN [49m[39m[22m [36mv4.1.6 [39m[90m/workspace/packages/zero-cache[39m

ZERO_COPY_PIPELINE_PROGRESS creating fixture { fixture: 'email', rows: 10000, payloadBytes: 683000 }
ZERO_COPY_PIPELINE_PROGRESS fixture ready {
  rows: 10000,
  tableBytes: 87433216,
  indexBytes: 2007040,
  totalBytes: 89440256
}
ZERO_COPY_PIPELINE_RESULT {"kind":"initial-sync","profile":"email-high-6.83g","runLabel":"email-high-6.83g-direct-text-eager-indexes-r1","fixture":"email","rows":10000,"payloadBytes":683000,"workers":5,"treatment":{"partialInsertBatches":false,"directTextBuffers":true,"eagerIndexes":true,"bufferMB":8},"sqliteTuning":{"mmapGiB":2,"mmapBytes":2147483648,"effectiveMmapBytes":2147418112},"source":{"rows":10000,"tableBytes":87433216,"indexBytes":2007040,"totalBytes":89440256},"rawCopy":{"bytes":6834522537,"chunks":10001,"averageChunkBytes":683383.9153084692,"ms":5806.413420000001,"throughputMBps":1177.064401487278},"timing":{"outerMs":13590.305049,"callbackMs":13308.853464,"wrapperMs":281.4515850000007},"phases":{"summary":{"syncMode":"initial","copyFormat":"binary","publications":["_copy_pipeline_app_32_1784029777070_40814_metadata_0","zero_copy_pipeline"],"lsn":"0/CCC7778","tables":4,"rows":10001,"copyMs":12924.698298,"flushMs":8330.199328999994,"copyBytes":6834522615,"insertStatementCount":10001,"insertStatementsByRowCount":{"1":10001},"indexes":7,"indexMs":0.16600000000016735,"copyOtherMs":4964.860010000007,"totalMs":13295.225339},"tableCopies":[{"level":"info","message":"Finished copying 1 rows into copy_pipeline_app_32_1784029777070_40814.permissions (flush: 0.030 ms) (total: 2.637 ms) ","data":{"schema":"copy_pipeline_app_32_1784029777070_40814","table":"permissions","replicaTable":"copy_pipeline_app_32_1784029777070_40814.permissions","syncMode":"initial","copyFormat":"binary","columnCount":3,"rows":1,"estimatedRows":0,"estimatedBytes":16384,"flushMs":0.030082999999649473,"elapsedMs":2.637166000000434,"copyBytes":36,"insertStatementCount":1,"insertStatementsByRowCount":{"1":1}}},{"level":"info","message":"Finished copying 0 rows into copy_pipeline_app_32_1784029777070_40814_0.clients (flush: 0.001 ms) (total: 2.339 ms) ","data":{"schema":"copy_pipeline_app_32_1784029777070_40814_0","table":"clients","replicaTable":"copy_pipeline_app_32_1784029777070_40814_0.clients","syncMode":"initial","copyFormat":"binary","columnCount":4,"rows":0,"estimatedRows":0,"estimatedBytes":8192,"flushMs":0.0007910000003903406,"elapsedMs":2.33862500000032,"copyBytes":21,"insertStatementCount":0,"insertStatementsByRowCount":{}}},{"level":"info","message":"Finished copying 0 rows into copy_pipeline_app_32_1784029777070_40814_0.mutations (flush: 0.001 ms) (total: 6.706 ms) ","data":{"schema":"copy_pipeline_app_32_1784029777070_40814_0","table":"mutations","replicaTable":"copy_pipeline_app_32_1784029777070_40814_0.mutations","syncMode":"initial","copyFormat":"binary","columnCount":4,"rows":0,"estimatedRows":0,"estimatedBytes":8192,"flushMs":0.0008330000000569271,"elapsedMs":6.706165999999939,"copyBytes":21,"insertStatementCount":0,"insertStatementsByRowCount":{}}},{"level":"info","message":"Finished copying 10000 rows into Email (flush: 8330.168 ms) (total: 12918.438 ms) ","data":{"schema":"public","table":"Email","replicaTable":"Email","syncMode":"initial","copyFormat":"binary","columnCount":25,"rows":10000,"estimatedRows":10000,"estimatedBytes":87433216,"flushMs":8330.167621999994,"elapsedMs":12918.438423000001,"copyBytes":6834522537,"insertStatementCount":10000,"insertStatementsByRowCount":{"1":10000}}}],"records":[{"level":"info","message":"Created index 1/7 (0.019 ms): CREATE UNIQUE INDEX \"copy_pipeline_app_32_1784029777070_40814.permissions_pkey\" ON \"copy_pipeline_app_32_1784029777070_40814.permissions\" (\"lock\" ASC);"},{"level":"info","message":"Created index 2/7 (0.014 ms): CREATE UNIQUE INDEX \"copy_pipeline_app_32_1784029777070_40814_0.clients_pkey\" ON \"copy_pipeline_app_32_1784029777070_40814_0.clients\" (\"clientGroupID\" ASC,\"clientID\" ASC);"},{"level":"info","message":"Created index 3/7 (0.011 ms): CREATE UNIQUE INDEX \"copy_pipeline_app_32_1784029777070_40814_0.mutations_pkey\" ON \"copy_pipeline_app_32_1784029777070_40814_0.mutations\" (\"clientGroupID\" ASC,\"clientID\" ASC,\"mutationID\" ASC);"},{"level":"info","message":"Created index 4/7 (0.010 ms): CREATE UNIQUE INDEX \"Email_pkey\" ON \"Email\" (\"id\" ASC);"},{"level":"info","message":"Created index 5/7 (0.011 ms): CREATE  INDEX \"Email_threadId_createdAt_id_idx\" ON \"Email\" (\"threadId\" ASC,\"createdAt\" ASC,\"id\" ASC);"},{"level":"info","message":"Created index 6/7 (0.009 ms): CREATE  INDEX \"Email_threadId_id_idx\" ON \"Email\" (\"threadId\" ASC,\"id\" ASC);"},{"level":"info","message":"Created index 7/7 (0.008 ms): CREATE  INDEX \"Email_workspaceId_id_idx\" ON \"Email\" (\"workspaceId\" ASC,\"id\" ASC);"},{"level":"info","message":"Finished copying 1 rows into copy_pipeline_app_32_1784029777070_40814.permissions (flush: 0.030 ms) (total: 2.637 ms) ","data":{"schema":"copy_pipeline_app_32_1784029777070_40814","table":"permissions","replicaTable":"copy_pipeline_app_32_1784029777070_40814.permissions","syncMode":"initial","copyFormat":"binary","columnCount":3,"rows":1,"estimatedRows":0,"estimatedBytes":16384,"flushMs":0.030082999999649473,"elapsedMs":2.637166000000434,"copyBytes":36,"insertStatementCount":1,"insertStatementsByRowCount":{"1":1}}},{"level":"info","message":"Finished copying 0 rows into copy_pipeline_app_32_1784029777070_40814_0.clients (flush: 0.001 ms) (total: 2.339 ms) ","data":{"schema":"copy_pipeline_app_32_1784029777070_40814_0","table":"clients","replicaTable":"copy_pipeline_app_32_1784029777070_40814_0.clients","syncMode":"initial","copyFormat":"binary","columnCount":4,"rows":0,"estimatedRows":0,"estimatedBytes":8192,"flushMs":0.0007910000003903406,"elapsedMs":2.33862500000032,"copyBytes":21,"insertStatementCount":0,"insertStatementsByRowCount":{}}},{"level":"info","message":"Finished copying 0 rows into copy_pipeline_app_32_1784029777070_40814_0.mutations (flush: 0.001 ms) (total: 6.706 ms) ","data":{"schema":"copy_pipeline_app_32_1784029777070_40814_0","table":"mutations","replicaTable":"copy_pipeline_app_32_1784029777070_40814_0.mutations","syncMode":"initial","copyFormat":"binary","columnCount":4,"rows":0,"estimatedRows":0,"estimatedBytes":8192,"flushMs":0.0008330000000569271,"elapsedMs":6.706165999999939,"copyBytes":21,"insertStatementCount":0,"insertStatementsByRowCount":{}}},{"level":"info","message":"Finished copying 10000 rows into Email (flush: 8330.168 ms) (total: 12918.438 ms) ","data":{"schema":"public","table":"Email","replicaTable":"Email","syncMode":"initial","copyFormat":"binary","columnCount":25,"rows":10000,"estimatedRows":10000,"estimatedBytes":87433216,"flushMs":8330.167621999994,"elapsedMs":12918.438423000001,"copyBytes":6834522537,"insertStatementCount":10000,"insertStatementsByRowCount":{"1":10000}}},{"level":"info","message":"Created indexes (0.166 ms)"},{"level":"info","message":"Synced 10,001 rows of 4 tables in _copy_pipeline_app_32_1784029777070_40814_metadata_0,zero_copy_pipeline up to 0/CCC7778 (flush: 8330.199, index: 0.166, total: 13295.225 ms)","data":{"syncMode":"initial","copyFormat":"binary","publications":["_copy_pipeline_app_32_1784029777070_40814_metadata_0","zero_copy_pipeline"],"lsn":"0/CCC7778","tables":4,"rows":10001,"copyMs":12924.698298,"flushMs":8330.199328999994,"copyBytes":6834522615,"insertStatementCount":10001,"insertStatementsByRowCount":{"1":10001},"indexes":7,"indexMs":0.16600000000016735,"copyOtherMs":4964.860010000007,"totalMs":13295.225339}}]},"peakRssBytes":228888576,"resourceUsage":{"userCPUTime":8372983,"systemCPUTime":4322474,"maxRSS":124996,"sharedMemorySize":0,"unsharedDataSize":0,"unsharedStackSize":0,"minorPageFault":260878,"majorPageFault":162,"swappedOut":0,"fsRead":365624,"fsWrite":13399408,"ipcSent":0,"ipcReceived":0,"signalsCount":0,"voluntaryContextSwitches":17664,"involuntaryContextSwitches":2347},"sqlite":{"rows":10000,"fileBytes":6846849024,"pageCount":1671594,"pageSize":4096}}
 [32m✓[39m [30m[45m zero-cache/bench-pg [49m[39m src/initial-sync-copy-pipeline.product.bench.pg.ts [2m([22m[2m1 test[22m[2m)[22m[33m 20261[2mms[22m[39m
   [33m[2m✓[22m[39m initial sync copy pipeline investigation [33m 20259[2mms[22m[39m
 [2m[90m↓[39m[22m [30m[45m zero-cache/bench-pg [49m[39m src/db/initial-sync.bench.pg.ts [2m([22m[2m1 test[22m[2m | [22m[33m1 skipped[39m[2m)[22m
 [2m[90m↓[39m[22m [30m[45m zero-cache/bench-pg [49m[39m src/services/change-streamer/storer.bench.pg.ts [2m([22m[2m2 tests[22m[2m | [22m[33m2 skipped[39m[2m)[22m
 [2m[90m↓[39m[22m [30m[45m zero-cache/bench-pg [49m[39m src/services/replicator/replication-throughput.bench.pg.ts [2m([22m[2m1 test[22m[2m | [22m[33m1 skipped[39m[2m)[22m

[2m Test Files [22m [1m[32m1 passed[39m[22m[2m | [22m[33m3 skipped[39m[90m (4)[39m
[2m      Tests [22m [1m[32m1 passed[39m[22m[2m | [22m[33m4 skipped[39m[90m (5)[39m
[2m   Start at [22m 11:49:29
[2m   Duration [22m 22.42s[2m (transform 591ms, setup 0ms, import 1.73s, tests 20.26s, environment 0ms)[22m

ZERO_COPY_PIPELINE_CGROUP {"memoryPeakBytes":3221905408,"memoryCurrentBytes":14454784,"memoryMax":"3221225472","memoryEvents":{"low":0,"high":0,"max":6331,"oom":0,"oom_kill":0,"oom_group_kill":0},"memoryStat":{"anon":6873088,"file":643072,"kernel":4907008,"kernel_stack":147456,"pagetables":544768,"sec_pagetables":0,"percpu":38148,"sock":0,"vmalloc":8192,"shmem":0,"zswap":0,"zswapped":0,"file_mapped":0,"file_dirty":4096,"file_writeback":0,"swapcached":0,"anon_thp":0,"file_thp":0,"shmem_thp":0,"inactive_anon":0,"active_anon":6754304,"inactive_file":4096,"active_file":638976,"unevictable":0,"slab_reclaimable":2974176,"slab_unreclaimable":497104,"slab":3471280,"workingset_refault_anon":0,"workingset_refault_file":46025,"workingset_activate_anon":0,"workingset_activate_file":46025,"workingset_restore_anon":0,"workingset_restore_file":19777,"workingset_nodereclaim":0,"pgdemote_kswapd":0,"pgdemote_direct":0,"pgdemote_khugepaged":0,"pgscan":1031872,"pgsteal":1030902,"pgscan_kswapd":7360,"pgscan_direct":1024512,"pgscan_khugepaged":0,"pgsteal_kswapd":7358,"pgsteal_direct":1023544,"pgsteal_khugepaged":0,"pgfault":440155,"pgmajfault":178,"pgrefill":144,"pgactivate":209,"pgdeactivate":0,"pglazyfree":0,"pglazyfreed":0,"swpin_zero":0,"swpout_zero":0,"zswpin":0,"zswpout":0,"zswpwb":0,"thp_fault_alloc":56,"thp_collapse_alloc":0,"thp_swpout":0,"thp_swpout_fallback":0}}

	Command being timed: "./node_modules/.bin/vitest run --config vitest.config.bench.pg.ts -t initial sync copy pipeline investigation"
	User time (seconds): 15.40
	System time (seconds): 5.68
	Percent of CPU this job got: 93%
	Elapsed (wall clock) time (h:mm:ss or m:ss): 0:22.65
	Average shared text size (kbytes): 0
	Average unshared data size (kbytes): 0
	Average stack size (kbytes): 0
	Average total size (kbytes): 0
	Maximum resident set size (kbytes): 318872
	Average resident set size (kbytes): 0
	Major (requiring I/O) page faults: 170
	Minor (reclaiming a frame) page faults: 435996
	Voluntary context switches: 42878
	Involuntary context switches: 2563
	Swaps: 0
	File system inputs: 368800
	File system outputs: 13404576
	Socket messages sent: 0
	Socket messages received: 0
	Signals delivered: 0
	Page size (bytes): 4096
	Exit status: 0

ZERO_COPY_PIPELINE_EXIT {"status":0,"signal":null}