ZERO_COPY_PIPELINE_RUN_META {"startedAt":"2026-07-14T11:49:52.303Z","id":"imports-production-2.75g-direct-text-deferred-indexes-r1","runConfig":{"profile":"imports-production-2.75g","worktree":"linear-parser","label":"direct-text-deferred-indexes","partialInsertBatches":false,"directTextBuffers":true,"eagerIndexes":false,"bufferMB":8,"mmapGiB":2,"repetition":1},"fixture":{"fixture":"imports","rows":10000,"payloadBytes":275000,"copyChunkBytes":5632,"expectedCopyBytes":2750000000,"docker":{"cpus":2,"memory":"6g","nodeHeapMB":4608}},"constraints":{"cpus":2,"memory":"6g","nodeHeapMB":4608},"image":"zero-copy-pipeline-linear-parser:local"}

[1m[30m[46m RUN [49m[39m[22m [36mv4.1.6 [39m[90m/workspace/packages/zero-cache[39m

ZERO_COPY_PIPELINE_PROGRESS creating fixture { fixture: 'imports', rows: 10000, payloadBytes: 275000 }
ZERO_COPY_PIPELINE_PROGRESS fixture ready {
  rows: 10000,
  tableBytes: 42442752,
  indexBytes: 1671168,
  totalBytes: 44113920
}
ZERO_COPY_PIPELINE_RESULT {"kind":"initial-sync","profile":"imports-production-2.75g","runLabel":"imports-production-2.75g-direct-text-deferred-indexes-r1","fixture":"imports","rows":10000,"payloadBytes":275000,"workers":5,"treatment":{"partialInsertBatches":false,"directTextBuffers":true,"eagerIndexes":false,"bufferMB":8},"sqliteTuning":{"mmapGiB":2,"mmapBytes":2147483648,"effectiveMmapBytes":2147418112},"source":{"rows":10000,"tableBytes":42442752,"indexBytes":1671168,"totalBytes":44113920},"rawCopy":{"bytes":2750877916,"chunks":10001,"averageChunkBytes":275060.28557144286,"ms":4050.662419,"throughputMBps":679.1180383476927},"timing":{"outerMs":5382.3531269999985,"callbackMs":5337.127211000001,"wrapperMs":45.225915999997596},"phases":{"summary":{"syncMode":"initial","copyFormat":"binary","publications":["_copy_pipeline_app_35_1784029803025_50868_metadata_0","zero_copy_pipeline"],"lsn":"0/F61E448","tables":4,"rows":10001,"copyMs":4364.598877,"flushMs":1383.5549949999877,"copyBytes":2750877994,"insertStatementCount":10001,"insertStatementsByRowCount":{"1":10001},"indexes":9,"indexMs":768.9330419999987,"copyOtherMs":3175.0183410000136,"totalMs":5327.506378},"tableCopies":[{"level":"info","message":"Finished copying 1 rows into copy_pipeline_app_35_1784029803025_50868.permissions (flush: 0.031 ms) (total: 2.164 ms) ","data":{"schema":"copy_pipeline_app_35_1784029803025_50868","table":"permissions","replicaTable":"copy_pipeline_app_35_1784029803025_50868.permissions","syncMode":"initial","copyFormat":"binary","columnCount":3,"rows":1,"estimatedRows":0,"estimatedBytes":16384,"flushMs":0.030749999999898137,"elapsedMs":2.1639589999995223,"copyBytes":36,"insertStatementCount":1,"insertStatementsByRowCount":{"1":1}}},{"level":"info","message":"Finished copying 0 rows into copy_pipeline_app_35_1784029803025_50868_0.clients (flush: 0.001 ms) (total: 2.340 ms) ","data":{"schema":"copy_pipeline_app_35_1784029803025_50868_0","table":"clients","replicaTable":"copy_pipeline_app_35_1784029803025_50868_0.clients","syncMode":"initial","copyFormat":"binary","columnCount":4,"rows":0,"estimatedRows":0,"estimatedBytes":8192,"flushMs":0.0006659999999101274,"elapsedMs":2.340250000001106,"copyBytes":21,"insertStatementCount":0,"insertStatementsByRowCount":{}}},{"level":"info","message":"Finished copying 0 rows into copy_pipeline_app_35_1784029803025_50868_0.mutations (flush: 0.001 ms) (total: 2.614 ms) ","data":{"schema":"copy_pipeline_app_35_1784029803025_50868_0","table":"mutations","replicaTable":"copy_pipeline_app_35_1784029803025_50868_0.mutations","syncMode":"initial","copyFormat":"binary","columnCount":4,"rows":0,"estimatedRows":0,"estimatedBytes":8192,"flushMs":0.0005830000009154901,"elapsedMs":2.6138750000009168,"copyBytes":21,"insertStatementCount":0,"insertStatementsByRowCount":{}}},{"level":"info","message":"Finished copying 10000 rows into userspace.imports (flush: 1383.523 ms) (total: 4358.924 ms) ","data":{"schema":"userspace","table":"imports","replicaTable":"userspace.imports","syncMode":"initial","copyFormat":"binary","columnCount":7,"rows":10000,"estimatedRows":10000,"estimatedBytes":42442752,"flushMs":1383.522995999987,"elapsedMs":4358.923918,"copyBytes":2750877916,"insertStatementCount":10000,"insertStatementsByRowCount":{"1":10000}}}],"records":[{"level":"info","message":"Finished copying 1 rows into copy_pipeline_app_35_1784029803025_50868.permissions (flush: 0.031 ms) (total: 2.164 ms) ","data":{"schema":"copy_pipeline_app_35_1784029803025_50868","table":"permissions","replicaTable":"copy_pipeline_app_35_1784029803025_50868.permissions","syncMode":"initial","copyFormat":"binary","columnCount":3,"rows":1,"estimatedRows":0,"estimatedBytes":16384,"flushMs":0.030749999999898137,"elapsedMs":2.1639589999995223,"copyBytes":36,"insertStatementCount":1,"insertStatementsByRowCount":{"1":1}}},{"level":"info","message":"Finished copying 0 rows into copy_pipeline_app_35_1784029803025_50868_0.clients (flush: 0.001 ms) (total: 2.340 ms) ","data":{"schema":"copy_pipeline_app_35_1784029803025_50868_0","table":"clients","replicaTable":"copy_pipeline_app_35_1784029803025_50868_0.clients","syncMode":"initial","copyFormat":"binary","columnCount":4,"rows":0,"estimatedRows":0,"estimatedBytes":8192,"flushMs":0.0006659999999101274,"elapsedMs":2.340250000001106,"copyBytes":21,"insertStatementCount":0,"insertStatementsByRowCount":{}}},{"level":"info","message":"Finished copying 0 rows into copy_pipeline_app_35_1784029803025_50868_0.mutations (flush: 0.001 ms) (total: 2.614 ms) ","data":{"schema":"copy_pipeline_app_35_1784029803025_50868_0","table":"mutations","replicaTable":"copy_pipeline_app_35_1784029803025_50868_0.mutations","syncMode":"initial","copyFormat":"binary","columnCount":4,"rows":0,"estimatedRows":0,"estimatedBytes":8192,"flushMs":0.0005830000009154901,"elapsedMs":2.6138750000009168,"copyBytes":21,"insertStatementCount":0,"insertStatementsByRowCount":{}}},{"level":"info","message":"Finished copying 10000 rows into userspace.imports (flush: 1383.523 ms) (total: 4358.924 ms) ","data":{"schema":"userspace","table":"imports","replicaTable":"userspace.imports","syncMode":"initial","copyFormat":"binary","columnCount":7,"rows":10000,"estimatedRows":10000,"estimatedBytes":42442752,"flushMs":1383.522995999987,"elapsedMs":4358.923918,"copyBytes":2750877916,"insertStatementCount":10000,"insertStatementsByRowCount":{"1":10000}}},{"level":"info","message":"Created index 1/9 (0.056 ms): CREATE UNIQUE INDEX \"copy_pipeline_app_35_1784029803025_50868.permissions_pkey\" ON \"copy_pipeline_app_35_1784029803025_50868.permissions\" (\"lock\" ASC);"},{"level":"info","message":"Created index 2/9 (0.019 ms): CREATE UNIQUE INDEX \"copy_pipeline_app_35_1784029803025_50868_0.clients_pkey\" ON \"copy_pipeline_app_35_1784029803025_50868_0.clients\" (\"clientGroupID\" ASC,\"clientID\" ASC);"},{"level":"info","message":"Created index 3/9 (0.014 ms): CREATE UNIQUE INDEX \"copy_pipeline_app_35_1784029803025_50868_0.mutations_pkey\" ON \"copy_pipeline_app_35_1784029803025_50868_0.mutations\" (\"clientGroupID\" ASC,\"clientID\" ASC,\"mutationID\" ASC);"},{"level":"info","message":"Created index 4/9 (233.537 ms): CREATE  INDEX \"userspace.idx_imports_schema\" ON \"userspace.imports\" (\"schema\" ASC);"},{"level":"info","message":"Created index 5/9 (121.572 ms): CREATE  INDEX \"userspace.idx_imports_user_id\" ON \"userspace.imports\" (\"user_id\" ASC);"},{"level":"info","message":"Created index 6/9 (145.799 ms): CREATE  INDEX \"userspace.idx_imports_user_id_import_id\" ON \"userspace.imports\" (\"user_id\" ASC,\"import_id\" ASC);"},{"level":"info","message":"Created index 7/9 (131.355 ms): CREATE  INDEX \"userspace.idx_imports_user_source\" ON \"userspace.imports\" (\"user_id\" ASC,\"source\" ASC);"},{"level":"info","message":"Created index 8/9 (133.636 ms): CREATE  INDEX \"userspace.idx_imports_user_source_created_at\" ON \"userspace.imports\" (\"user_id\" ASC,\"source\" ASC,\"created_at\" DESC);"},{"level":"info","message":"Created index 9/9 (2.689 ms): CREATE UNIQUE INDEX \"userspace.imports_pkey\" ON \"userspace.imports\" (\"import_id\" ASC);"},{"level":"info","message":"Created indexes (768.933 ms)"},{"level":"info","message":"Synced 10,001 rows of 4 tables in _copy_pipeline_app_35_1784029803025_50868_metadata_0,zero_copy_pipeline up to 0/F61E448 (flush: 1383.555, index: 768.933, total: 5327.506 ms)","data":{"syncMode":"initial","copyFormat":"binary","publications":["_copy_pipeline_app_35_1784029803025_50868_metadata_0","zero_copy_pipeline"],"lsn":"0/F61E448","tables":4,"rows":10001,"copyMs":4364.598877,"flushMs":1383.5549949999877,"copyBytes":2750877994,"insertStatementCount":10001,"insertStatementsByRowCount":{"1":10001},"indexes":9,"indexMs":768.9330419999987,"copyOtherMs":3175.0183410000136,"totalMs":5327.506378}}]},"peakRssBytes":2355040256,"resourceUsage":{"userCPUTime":5366436,"systemCPUTime":1711945,"maxRSS":2130320,"sharedMemorySize":0,"unsharedDataSize":0,"unsharedStackSize":0,"minorPageFault":118576,"majorPageFault":0,"swappedOut":0,"fsRead":0,"fsWrite":5382880,"ipcSent":0,"ipcReceived":0,"signalsCount":0,"voluntaryContextSwitches":15338,"involuntaryContextSwitches":25},"sqlite":{"rows":10000,"fileBytes":2756018176,"pageCount":672856,"pageSize":4096}}
 [32m✓[39m [30m[45m zero-cache/bench-pg [49m[39m src/initial-sync-copy-pipeline.product.bench.pg.ts [2m([22m[2m1 test[22m[2m)[22m[33m 15342[2mms[22m[39m
   [33m[2m✓[22m[39m initial sync copy pipeline investigation [33m 15341[2mms[22m[39m
 [2m[90m↓[39m[22m [30m[45m zero-cache/bench-pg [49m[39m src/db/initial-sync.bench.pg.ts [2m([22m[2m1 test[22m[2m | [22m[33m1 skipped[39m[2m)[22m
 [2m[90m↓[39m[22m [30m[45m zero-cache/bench-pg [49m[39m src/services/change-streamer/storer.bench.pg.ts [2m([22m[2m2 tests[22m[2m | [22m[33m2 skipped[39m[2m)[22m
 [2m[90m↓[39m[22m [30m[45m zero-cache/bench-pg [49m[39m src/services/replicator/replication-throughput.bench.pg.ts [2m([22m[2m1 test[22m[2m | [22m[33m1 skipped[39m[2m)[22m

[2m Test Files [22m [1m[32m1 passed[39m[22m[2m | [22m[33m3 skipped[39m[90m (4)[39m
[2m      Tests [22m [1m[32m1 passed[39m[22m[2m | [22m[33m4 skipped[39m[90m (5)[39m
[2m   Start at [22m 11:49:52
[2m   Duration [22m 16.68s[2m (transform 409ms, setup 0ms, import 1.01s, tests 15.34s, environment 0ms)[22m

ZERO_COPY_PIPELINE_CGROUP {"memoryPeakBytes":3141312512,"memoryCurrentBytes":15921152,"memoryMax":"6442450944","memoryEvents":{"low":0,"high":0,"max":0,"oom":0,"oom_kill":0,"oom_group_kill":0},"memoryStat":{"anon":6873088,"file":4096,"kernel":7483392,"kernel_stack":147456,"pagetables":544768,"sec_pagetables":0,"percpu":37876,"sock":0,"vmalloc":8192,"shmem":0,"zswap":0,"zswapped":0,"file_mapped":0,"file_dirty":4096,"file_writeback":0,"swapcached":0,"anon_thp":0,"file_thp":0,"shmem_thp":0,"inactive_anon":0,"active_anon":6754304,"inactive_file":4096,"active_file":0,"unevictable":0,"slab_reclaimable":2623448,"slab_unreclaimable":553440,"slab":3176888,"workingset_refault_anon":0,"workingset_refault_file":0,"workingset_activate_anon":0,"workingset_activate_file":0,"workingset_restore_anon":0,"workingset_restore_file":0,"workingset_nodereclaim":0,"pgdemote_kswapd":0,"pgdemote_direct":0,"pgdemote_khugepaged":0,"pgscan":0,"pgsteal":0,"pgscan_kswapd":0,"pgscan_direct":0,"pgscan_khugepaged":0,"pgsteal_kswapd":0,"pgsteal_direct":0,"pgsteal_khugepaged":0,"pgfault":805577,"pgmajfault":0,"pgrefill":0,"pgactivate":0,"pgdeactivate":0,"pglazyfree":0,"pglazyfreed":0,"swpin_zero":0,"swpout_zero":0,"zswpin":0,"zswpout":0,"zswpwb":0,"thp_fault_alloc":53,"thp_collapse_alloc":0,"thp_swpout":0,"thp_swpout_fallback":0}}

	Command being timed: "./node_modules/.bin/vitest run --config vitest.config.bench.pg.ts -t initial sync copy pipeline investigation"
	User time (seconds): 9.98
	System time (seconds): 2.90
	Percent of CPU this job got: 76%
	Elapsed (wall clock) time (h:mm:ss or m:ss): 0:16.91
	Average shared text size (kbytes): 0
	Average unshared data size (kbytes): 0
	Average stack size (kbytes): 0
	Average total size (kbytes): 0
	Maximum resident set size (kbytes): 2299844
	Average resident set size (kbytes): 0
	Major (requiring I/O) page faults: 0
	Minor (reclaiming a frame) page faults: 801683
	Voluntary context switches: 40865
	Involuntary context switches: 39
	Swaps: 0
	File system inputs: 0
	File system outputs: 5388048
	Socket messages sent: 0
	Socket messages received: 0
	Signals delivered: 0
	Page size (bytes): 4096
	Exit status: 0

ZERO_COPY_PIPELINE_EXIT {"status":0,"signal":null}